******************************************************************************
                  TI ARM Linker PC v20.2.7                     
******************************************************************************
>> Linked Thu Apr  4 09:51:36 2024

OUTPUT FILE NAME:   <Lab08.out>
ENTRY POINT SYMBOL: "_c_int00_noargs"  address: 000048dd


MEMORY CONFIGURATION

         name            origin    length      used     unused   attr    fill
----------------------  --------  ---------  --------  --------  ----  --------
  MAIN                  00000000   00040000  00004cbc  0003b344  R  X
  INFO                  00200000   00004000  00000000  00004000  R  X
  SRAM_CODE             01000000   00010000  00000d44  0000f2bc  RW X
  SRAM_DATA             20000000   00010000  00000d44  0000f2bc  RW  


SEGMENT ALLOCATION MAP

run origin  load origin   length   init length attrs members
----------  ----------- ---------- ----------- ----- -------
00000000    00000000    00004cc0   00004cc0    r-x
  00000000    00000000    000000e4   000000e4    r-- .intvecs
  000000e4    000000e4    00004a28   00004a28    r-x .text
  00004b10    00004b10    00000070   00000070    r-- .const
  00004b80    00004b80    00000140   00000140    r-- .cinit
20000000    20000000    00000b48   00000000    rw-
  20000000    20000000    0000045c   00000000    rw- .bss
  20000460    20000460    00000400   00000000    rw- .sysmem
  20000860    20000860    000002e8   00000000    rw- .data
2000fe00    2000fe00    00000200   00000000    rw-
  2000fe00    2000fe00    00000200   00000000    rw- .stack


SECTION ALLOCATION MAP

 output                                  attributes/
section   page    origin      length       input sections
--------  ----  ----------  ----------   ----------------
.intvecs   0    00000000    000000e4     
                  00000000    000000e4     startup_msp432p401r_ccs.obj (.intvecs:retain)

.text      0    000000e4    00004a28     
                  000000e4    00000fc4     AP.obj (.text)
                  000010a8    000009d0     rtsv7M4_T_le_v4SPD16_eabi.lib : e_pow.c.obj (.text:pow)
                  00001a78    000006e0     UART0.obj (.text)
                  00002158    00000478     main.obj (.text)
                  000025d0    00000334     system_msp432p401r.obj (.text)
                  00002904    000001e0     Clock.obj (.text)
                  00002ae4    000001e0     Motor.obj (.text)
                  00002cc4    000001c0     PWM.obj (.text)
                  00002e84    000001b6     rtsv7M4_T_le_v4SPD16_eabi.lib : fd_add_t2.asm.obj (.text)
                  0000303a    00000002                                   : _lock.c.obj (.text:_nop)
                  0000303c    000001a4     UART1.obj (.text)
                  000031e0    00000158     rtsv7M4_T_le_v4SPD16_eabi.lib : e_sqrt.c.obj (.text:sqrt)
                  00003338    00000136                                   : fd_div_t2.asm.obj (.text)
                  0000346e    00000002     --HOLE-- [fill = 0]
                  00003470    00000110                                   : fopen.c.obj (.text:_openfile)
                  00003580    00000110                                   : s_scalbn.c.obj (.text:scalbn)
                  00003690    00000100                                   : memory.c.obj (.text:aligned_alloc)
                  00003790    000000fc                                   : fd_mul_t2.asm.obj (.text)
                  0000388c    000000f8                                   : s_floor.c.obj (.text:floor)
                  00003984    000000f0     ADC14.obj (.text)
                  00003a74    000000e4     rtsv7M4_T_le_v4SPD16_eabi.lib : memory.c.obj (.text:free)
                  00003b58    000000dc                                   : setvbuf.c.obj (.text:setvbuf)
                  00003c34    000000c4                                   : s_round.c.obj (.text:round)
                  00003cf8    000000c0     GPIO.obj (.text)
                  00003db8    000000bc     rtsv7M4_T_le_v4SPD16_eabi.lib : open.c.obj (.text:open)
                  00003e74    000000b8                                   : add_device.c.obj (.text:add_device)
                  00003f2c    000000a4     RobotLights.obj (.text)
                  00003fd0    0000009c     rtsv7M4_T_le_v4SPD16_eabi.lib : fopen.c.obj (.text:fopen)
                  0000406c    0000009c                                   : memcpy_t2.asm.obj (.text)
                  00004108    00000086                                   : fd_cmp_t2.asm.obj (.text:__aeabi_cdcmple)
                  0000418e    00000086                                   : fd_cmp_t2.asm.obj (.text:__aeabi_cdrcmple)
                  00004214    0000007a                                   : memset_t2.asm.obj (.text)
                  0000428e    00000002     --HOLE-- [fill = 0]
                  00004290    00000074                                   : fclose.c.obj (.text:__TI_closefile)
                  00004304    00000070                                   : memory.c.obj (.text:split)
                  00004374    0000006c                                   : hostrename.c.obj (.text:HOSTrename)
                  000043e0    00000068                                   : hostlseek.c.obj (.text:HOSTlseek)
                  00004448    00000068                                   : copy_decompress_lzss.c.obj (.text:decompress:lzss:__TI_decompress_lzss)
                  000044b0    00000060                                   : hostopen.c.obj (.text:HOSTopen)
                  00004510    0000005c                                   : close.c.obj (.text:close)
                  0000456c    00000058                                   : hostread.c.obj (.text:HOSTread)
                  000045c4    00000058                                   : hostwrite.c.obj (.text:HOSTwrite)
                  0000461c    0000004c                                   : fflush.c.obj (.text:__TI_doflush)
                  00004668    00000048                                   : exit.c.obj (.text:exit)
                  000046b0    00000044                                   : hostclose.c.obj (.text:HOSTclose)
                  000046f4    00000044                                   : hostunlink.c.obj (.text:HOSTunlink)
                  00004738    00000044                                   : autoinit.c.obj (.text:__TI_auto_init_nobinit_nopinit:__TI_auto_init_nobinit_nopinit)
                  0000477c    00000044                                   : getdevice.c.obj (.text:getdevice)
                  000047c0    00000044                                   : fd_tou_t2.asm.obj (.text)
                  00004804    00000038                                   : trgmsg.c.obj (.text:__TI_writemsg)
                  0000483c    00000036                                   : strncpy.c.obj (.text:strncpy)
                  00004872    00000002     --HOLE-- [fill = 0]
                  00004874    00000034                                   : fopen.c.obj (.text:__TI_cleanup)
                  000048a8    00000034                                   : trgmsg.c.obj (.text:__TI_readmsg)
                  000048dc    00000034                                   : boot_cortex_m.c.obj (.text:_c_int00_noargs:_c_int00_noargs)
                  00004910    00000034                                   : fopen.c.obj (.text:freopen)
                  00004944    00000030                                   : getdevice.c.obj (.text:finddevice)
                  00004974    0000002e                                   : i_tofd_t2.asm.obj (.text)
                  000049a2    00000002     --HOLE-- [fill = 0]
                  000049a4    0000002c                                   : unlink.c.obj (.text:unlink)
                  000049d0    00000028                                   : memory.c.obj (.text:free_list_insert)
                  000049f8    00000028                                   : write.c.obj (.text:write)
                  00004a20    00000020                                   : u_tofd_t2.asm.obj (.text)
                  00004a40    0000001c                                   : memory.c.obj (.text:free_list_remove)
                  00004a5c    0000001a                                   : s_copysign.c.obj (.text:copysign)
                  00004a76    00000018                                   : strcmp.c.obj (.text:strcmp)
                  00004a8e    00000016                                   : strchr.c.obj (.text:strchr)
                  00004aa4    00000014                                   : strcpy.c.obj (.text:strcpy)
                  00004ab8    00000014                                   : strlen.c.obj (.text:strlen)
                  00004acc    0000000e                                   : copy_decompress_none.c.obj (.text:decompress:none:__TI_decompress_none)
                  00004ada    0000000e     startup_msp432p401r_ccs.obj (.text)
                  00004ae8    0000000c     rtsv7M4_T_le_v4SPD16_eabi.lib : copy_zero_init.c.obj (.text:decompress:ZI:__TI_zero_init)
                  00004af4    00000008                                   : errno.c.obj (.text:__aeabi_errno_addr)
                  00004afc    00000008                                   : memory.c.obj (.text:malloc)
                  00004b04    00000004                                   : pre_init.c.obj (.text:_system_pre_init)
                  00004b08    00000004                                   : exit.c.obj (.text:abort:abort)

.const     0    00004b10    00000070     
                  00004b10    00000030     rtsv7M4_T_le_v4SPD16_eabi.lib : e_pow.c.obj (.const:$O1$$)
                  00004b40    00000014     AP.obj (.const:.string:NPI_StartAdvertisement)
                  00004b54    00000011     AP.obj (.const:.string:NPI_SetAdvertisement1)
                  00004b65    00000009     AP.obj (.const:.string:HCI_EXT_ResetSystemCmd)
                  00004b6e    00000006     AP.obj (.const:.string:NPI_GetStatus)
                  00004b74    00000006     AP.obj (.const:.string:NPI_GetVersion)
                  00004b7a    00000006     AP.obj (.const:.string:NPI_Register)

.cinit     0    00004b80    00000140     
                  00004b80    00000117     (.cinit..data.load) [load image, compression = lzss]
                  00004c97    00000001     --HOLE-- [fill = 0]
                  00004c98    0000000c     (__TI_handler_table)
                  00004ca4    00000004     --HOLE-- [fill = 0]
                  00004ca8    00000008     (.cinit..bss.load) [load image, compression = zero_init]
                  00004cb0    00000010     (__TI_cinit_table)

.init_array 
*          0    00000000    00000000     UNINITIALIZED

.binit     0    00000000    00000000     

.bss       0    20000000    0000045c     UNINITIALIZED
                  20000000    00000120     rtsv7M4_T_le_v4SPD16_eabi.lib : trgmsg.c.obj (.bss:_CIOBUF_)
                  20000120    00000100     (.common:RxFIFO)
                  20000220    000000a0     (.common:CharacteristicList)
                  200002c0    000000a0     (.common:__TI_tmpnams)
                  20000360    00000080     (.common:RecvBuf)
                  200003e0    00000050     (.common:NotifyCharacteristicList)
                  20000430    00000008     (.common:Messageb)
                  20000438    00000008     (.common:parmbuf)
                  20000440    00000004     (.common:Messageindexb)
                  20000444    00000004     (.common:NoSOFErr)
                  20000448    00000004     (.common:RxFifoLost)
                  2000044c    00000004     (.common:RxGetI)
                  20000450    00000004     (.common:RxPutI)
                  20000454    00000004     (.common:TimeOutErr)
                  20000458    00000004     (.common:fcserr)

.sysmem    0    20000460    00000400     UNINITIALIZED
                  20000460    00000010     rtsv7M4_T_le_v4SPD16_eabi.lib : memory.c.obj (.sysmem)
                  20000470    000003f0     --HOLE--

.data      0    20000860    000002e8     UNINITIALIZED
                  20000860    000000f0     rtsv7M4_T_le_v4SPD16_eabi.lib : defs.c.obj (.data:_ftable)
                  20000950    00000078                                   : host_device.c.obj (.data:_device)
                  200009c8    00000050                                   : host_device.c.obj (.data:_stream)
                  20000a18    00000025     AP.obj (.data:NPI_SetAdvertisementData)
                  20000a3d    00000020     AP.obj (.data:NPI_AddCharDescriptor)
                  20000a5d    0000001c     AP.obj (.data:NPI_GATTSetDeviceName)
                  20000a79    00000003     --HOLE--
                  20000a7c    00000018     Clock.obj (.data)
                  20000a94    00000015     AP.obj (.data:NPI_ReadConfirmation)
                  20000aa9    00000014     AP.obj (.data:NPI_SendNotificationIndication)
                  20000abd    00000003     --HOLE--
                  20000ac0    00000011     main.obj (.data)
                  20000ad1    00000003     --HOLE--
                  20000ad4    00000010     rtsv7M4_T_le_v4SPD16_eabi.lib : defs.c.obj (.data)
                  20000ae4    0000000e     AP.obj (.data:NPI_AddCharValue)
                  20000af2    00000002     --HOLE--
                  20000af4    0000000c     rtsv7M4_T_le_v4SPD16_eabi.lib : exit.c.obj (.data:$O1$$)
                  20000b00    00000009     AP.obj (.data:NPI_AddService)
                  20000b09    00000009     AP.obj (.data:NPI_CCCDUpdatedConfirmation)
                  20000b12    00000009     AP.obj (.data:NPI_WriteConfirmation)
                  20000b1b    00000001     --HOLE--
                  20000b1c    00000008     rtsv7M4_T_le_v4SPD16_eabi.lib : _lock.c.obj (.data:$O1$$)
                  20000b24    00000008                                   : memory.c.obj (.data:$O1$$)
                  20000b2c    00000008     AP.obj (.data)
                  20000b34    00000004     rtsv7M4_T_le_v4SPD16_eabi.lib : add_device.c.obj (.data)
                  20000b38    00000004                                   : errno.c.obj (.data)
                  20000b3c    00000004                                   : fopen.c.obj (.data)
                  20000b40    00000004                                   : open.c.obj (.data)
                  20000b44    00000004     system_msp432p401r.obj (.data)

.stack     0    2000fe00    00000200     UNINITIALIZED
                  2000fe00    00000004     rtsv7M4_T_le_v4SPD16_eabi.lib : boot_cortex_m.c.obj (.stack)
                  2000fe04    000001fc     --HOLE--

__llvm_prf_cnts 
*          0    20000000    00000000     UNINITIALIZED

MODULE SUMMARY

       Module                        code    ro data   rw data
       ------                        ----    -------   -------
    ..\
       UART0.obj                     1760    0         24     
    +--+-----------------------------+-------+---------+---------+
       Total:                        1760    0         24     
                                                              
    .\
       AP.obj                        4036    64        1134   
       main.obj                      1144    0         34     
       UART1.obj                     420     0         536    
       system_msp432p401r.obj        820     0         8      
       Clock.obj                     480     0         48     
       Motor.obj                     480     0         0      
       PWM.obj                       448     0         0      
       startup_msp432p401r_ccs.obj   14      228       0      
       ADC14.obj                     240     0         0      
       GPIO.obj                      192     0         0      
       RobotLights.obj               164     0         0      
    +--+-----------------------------+-------+---------+---------+
       Total:                        8438    292       1760   
                                                              
    C:\ti\ccs1260\ccs\tools\compiler\ti-cgt-arm_20.2.7.LTS\lib\rtsv7M4_T_le_v4SPD16_eabi.lib
       e_pow.c.obj                   2512    48        0      
       defs.c.obj                    0       0         832    
       memory.c.obj                  672     0         16     
       trgmsg.c.obj                  108     0         576    
       fopen.c.obj                   532     0         8      
       fd_add_t2.asm.obj             438     0         0      
       host_device.c.obj             0       0         400    
       e_sqrt.c.obj                  344     0         0      
       fd_div_t2.asm.obj             310     0         0      
       s_scalbn.c.obj                272     0         0      
       fd_cmp_t2.asm.obj             268     0         0      
       fd_mul_t2.asm.obj             252     0         0      
       s_floor.c.obj                 248     0         0      
       setvbuf.c.obj                 220     0         0      
       open.c.obj                    188     0         8      
       s_round.c.obj                 196     0         0      
       add_device.c.obj              184     0         8      
       memcpy_t2.asm.obj             156     0         0      
       memset_t2.asm.obj             122     0         0      
       fclose.c.obj                  116     0         0      
       getdevice.c.obj               116     0         0      
       hostopen.c.obj                96      0         16     
       hostrename.c.obj              108     0         0      
       copy_decompress_lzss.c.obj    104     0         0      
       hostlseek.c.obj               104     0         0      
       exit.c.obj                    76      0         24     
       close.c.obj                   92      0         0      
       hostread.c.obj                88      0         0      
       hostwrite.c.obj               88      0         0      
       fflush.c.obj                  76      0         0      
       autoinit.c.obj                68      0         0      
       fd_tou_t2.asm.obj             68      0         0      
       hostclose.c.obj               68      0         0      
       hostunlink.c.obj              68      0         0      
       strncpy.c.obj                 54      0         0      
       boot_cortex_m.c.obj           52      0         0      
       i_tofd_t2.asm.obj             46      0         0      
       unlink.c.obj                  44      0         0      
       write.c.obj                   40      0         0      
       u_tofd_t2.asm.obj             32      0         0      
       s_copysign.c.obj              26      0         0      
       strcmp.c.obj                  24      0         0      
       strchr.c.obj                  22      0         0      
       strcpy.c.obj                  20      0         0      
       strlen.c.obj                  20      0         0      
       _lock.c.obj                   2       0         16     
       errno.c.obj                   8       0         8      
       copy_decompress_none.c.obj    14      0         0      
       copy_zero_init.c.obj          12      0         0      
       pre_init.c.obj                4       0         0      
    +--+-----------------------------+-------+---------+---------+
       Total:                        8778    48        1912   
                                                              
       Heap:                         0       0         2048   
       Stack:                        0       0         1024   
       Linker Generated:             0       315       0      
    +--+-----------------------------+-------+---------+---------+
       Grand Total:                  18976   655       6768   


LINKER GENERATED COPY TABLES

__TI_cinit_table @ 00004cb0 records: 2, size/record: 8, table size: 16
	.data: load addr=00004b80, load size=00000117 bytes, run addr=20000860, run size=000002e8 bytes, compression=lzss
	.bss: load addr=00004ca8, load size=00000008 bytes, run addr=20000000, run size=0000045c bytes, compression=zero_init


LINKER GENERATED HANDLER TABLE

__TI_handler_table @ 00004c98 records: 3, size/record: 4, table size: 12
	index: 0, handler: __TI_decompress_lzss
	index: 1, handler: __TI_decompress_none
	index: 2, handler: __TI_zero_init


GLOBAL SYMBOLS: SORTED ALPHABETICALLY BY Name 

address   name                           
-------   ----                           
00003985  ADC0_InitSWTriggerCh17_14_16   
00004ae7  ADC14_IRQHandler               
000039f5  ADC_In17_14_16                 
00004ae7  AES256_IRQHandler              
00000745  AP_AddCharacteristic           
00000901  AP_AddNotifyCharacteristic     
000006ed  AP_AddService                  
00000dc5  AP_BackgroundProcess           
00000289  AP_EchoReceived                
0000021d  AP_EchoSendMessage             
000006d7  AP_GetNotifyCCCD               
000001f3  AP_GetSize                     
00000c8d  AP_GetStatus                   
00000cc9  AP_GetVersion                  
0000010d  AP_Init                        
000004ad  AP_RecvMessage                 
00000689  AP_RecvStatus                  
00000725  AP_RegisterService             
000000e5  AP_Reset                       
00000311  AP_SendMessage                 
00000697  AP_SendMessageResponse         
00000b2d  AP_SendNotification            
00000c2d  AP_StartAdvertisement          
00000c7b  AP_StartAdvertisementJacki     
00003fa3  Back_Lights_OFF                
00003f97  Back_Lights_ON                 
00004ae7  BusFault_Handler               
00004b09  C$$EXIT                        
00004833  C$$IO$$                        
00004ae7  COMP_E0_IRQHandler             
00004ae7  COMP_E1_IRQHandler             
20000a84  CPMwait                        
00004ae7  CS_IRQHandler                  
20000b2c  CharacteristicCount            
20000220  CharacteristicList             
20000a7c  ClockFrequency                 
00002a59  Clock_Delay1ms                 
00002a2f  Clock_Delay1us                 
00002a1b  Clock_GetFreq                  
00002905  Clock_Init48MHz                
20000a90  Crystalstable                  
00004ae7  DMA_ERR_IRQHandler             
00004ae7  DMA_INT0_IRQHandler            
00004ae7  DMA_INT1_IRQHandler            
00004ae7  DMA_INT2_IRQHandler            
00004ae7  DMA_INT3_IRQHandler            
00004ae7  DebugMon_Handler               
00004ae7  Default_Handler                
00004ae7  EUSCIA0_IRQHandler             
00004ae7  EUSCIA1_IRQHandler             
00003165  EUSCIA2_IRQHandler             
00003165  EUSCIA2_IRQHandler             
00004ae7  EUSCIA3_IRQHandler             
00004ae7  EUSCIB0_IRQHandler             
00004ae7  EUSCIB1_IRQHandler             
00004ae7  EUSCIB2_IRQHandler             
00004ae7  EUSCIB3_IRQHandler             
00004ae7  FLCTL_IRQHandler               
00004ae7  FPU_IRQHandler                 
00003f81  Front_Lights_OFF               
00003f6b  Front_Lights_ON                
00003cf9  GPIO_Init                      
00004b65  HCI_EXT_ResetSystemCmd         
000046b1  HOSTclose                      
000043e1  HOSTlseek                      
000044b1  HOSTopen                       
0000456d  HOSTread                       
00004375  HOSTrename                     
000046f5  HOSTunlink                     
000045c5  HOSTwrite                      
00004ae7  HardFault_Handler              
20000a8c  IFlags                         
00004ae7  MemManage_Handler              
20000430  Messageb                       
20000440  Messageindexb                  
00002c5d  Motor_Backward                 
00002b71  Motor_Forward                  
00002ae5  Motor_Init                     
00002c0b  Motor_Left                     
00002bb9  Motor_Right                    
00002b57  Motor_Stop                     
00003f2d  MvtLED_Init                    
00004ae7  NMI_Handler                    
20000a3d  NPI_AddCharDescriptor          
20000ae4  NPI_AddCharValue               
20000b00  NPI_AddService                 
20000b09  NPI_CCCDUpdatedConfirmation    
20000a5d  NPI_GATTSetDeviceName          
00004b6e  NPI_GetStatus                  
00004b74  NPI_GetVersion                 
20000a94  NPI_ReadConfirmation           
00004b7a  NPI_Register                   
20000aa9  NPI_SendNotificationIndication 
00004b54  NPI_SetAdvertisement1          
20000a18  NPI_SetAdvertisementData       
00004b40  NPI_StartAdvertisement         
20000b12  NPI_WriteConfirmation          
20000444  NoSOFErr                       
20000b30  NotifyCharacteristicCount      
200003e0  NotifyCharacteristicList       
00004ae7  PCM_IRQHandler                 
00004ae7  PORT1_IRQHandler               
00004ae7  PORT2_IRQHandler               
00004ae7  PORT3_IRQHandler               
00004ae7  PORT4_IRQHandler               
00004ae7  PORT5_IRQHandler               
00004ae7  PORT6_IRQHandler               
00004ae7  PSS_IRQHandler                 
00002d49  PWM_Duty1                      
00002d69  PWM_Duty2                      
00002e0d  PWM_Duty3                      
00002e2d  PWM_Duty4                      
00002cc5  PWM_Init12                     
00002d89  PWM_Init34                     
00004ae7  PendSV_Handler                 
20000a88  Postwait                       
20000a80  Prewait                        
00004ae7  RTC_C_IRQHandler               
20000360  RecvBuf                        
00004adb  Reset_Handler                  
20000120  RxFIFO                         
20000448  RxFifoLost                     
00003095  RxFifo_Get                     
0000303d  RxFifo_Init                    
0000304f  RxFifo_Put                     
2000044c  RxGetI                         
20000450  RxPutI                         
00004ae7  SVC_Handler                    
00004ae7  SysTick_Handler                
20000b44  SystemCoreClock                
000025d1  SystemCoreClockUpdate          
00002849  SystemInit                     
00004ae7  T32_INT1_IRQHandler            
00004ae7  T32_INT2_IRQHandler            
00004ae7  T32_INTC_IRQHandler            
00004ae7  TA0_0_IRQHandler               
00004ae7  TA0_N_IRQHandler               
00004ae7  TA1_0_IRQHandler               
00004ae7  TA1_N_IRQHandler               
00004ae7  TA2_0_IRQHandler               
00004ae7  TA2_N_IRQHandler               
00004ae7  TA3_0_IRQHandler               
00004ae7  TA3_N_IRQHandler               
20000454  TimeOutErr                     
00001abf  UART0_InChar                   
00001f69  UART0_InString                 
00001b09  UART0_InUDec                   
00001e1d  UART0_InUHex                   
00001a79  UART0_Init                     
000020cb  UART0_Initprintf               
00001acf  UART0_OutChar                  
00001bbd  UART0_OutSDec                  
00001aeb  UART0_OutString                
00001b8d  UART0_OutUDec                  
00001d31  UART0_OutUDec4                 
00001d79  UART0_OutUDec5                 
00001dab  UART0_OutUFix1                 
00001dd3  UART0_OutUFix2                 
00001ee1  UART0_OutUHex                  
00001f4d  UART0_OutUHex2                 
00003199  UART1_FinishOutput             
00003137  UART1_InChar                   
000030cb  UART1_InStatus                 
000030db  UART1_Init                     
00003149  UART1_OutChar                  
0000317b  UART1_OutString                
00004ae7  UsageFault_Handler             
4000480c  WDTCTL_SYM                     
00004ae7  WDT_A_IRQHandler               
20000000  __CIOBUF_                      
20010000  __STACK_END                    
00000200  __STACK_SIZE                   
00000400  __SYSMEM_SIZE                  
00004cb0  __TI_CINIT_Base                
00004cc0  __TI_CINIT_Limit               
00004c98  __TI_Handler_Table_Base        
00004ca4  __TI_Handler_Table_Limit       
00004739  __TI_auto_init_nobinit_nopinit 
00004875  __TI_cleanup                   
20000af4  __TI_cleanup_ptr               
00004291  __TI_closefile                 
00004449  __TI_decompress_lzss           
00004acd  __TI_decompress_none           
0000461d  __TI_doflush                   
20000af8  __TI_dtors_ptr                 
20000afc  __TI_enable_exit_profile_output
20000ad4  __TI_ft_end                    
ffffffff  __TI_pprof_out_hndl            
ffffffff  __TI_prof_data_size            
ffffffff  __TI_prof_data_start           
000048a9  __TI_readmsg                   
00000000  __TI_static_base__             
200002c0  __TI_tmpnams                   
00004805  __TI_writemsg                  
00004ae9  __TI_zero_init                 
00004109  __aeabi_cdcmpeq                
00004109  __aeabi_cdcmple                
0000418f  __aeabi_cdrcmple               
000047c1  __aeabi_d2uiz                  
00002e8f  __aeabi_dadd                   
00003339  __aeabi_ddiv                   
00003791  __aeabi_dmul                   
00002e85  __aeabi_dsub                   
00004af5  __aeabi_errno_addr             
00004975  __aeabi_i2d                    
00004215  __aeabi_memclr                 
00004215  __aeabi_memclr4                
00004215  __aeabi_memclr8                
0000406d  __aeabi_memcpy                 
0000406d  __aeabi_memcpy4                
0000406d  __aeabi_memcpy8                
00004217  __aeabi_memset                 
00004217  __aeabi_memset4                
00004217  __aeabi_memset8                
20000ae0  __aeabi_stderr                 
20000ad8  __aeabi_stdin                  
20000adc  __aeabi_stdout                 
00004a21  __aeabi_ui2d                   
ffffffff  __binit__                      
ffffffff  __c_args__                     
UNDEFED   __mpu_init                     
2000fe00  __stack                        
20000000  __start___llvm_prf_cnts        
20000000  __stop___llvm_prf_cnts         
000048dd  _c_int00_noargs                
20000950  _device                        
20000860  _ftable                        
20000b1c  _lock                          
0000303b  _nop                           
200009c8  _stream                        
20000460  _sys_memory                    
UNDEFED   _system_post_cinit             
00004b05  _system_pre_init               
20000b20  _unlock                        
00004b09  abort                          
00003e75  add_device                     
00003691  aligned_alloc                  
ffffffff  binit                          
20000ac8  centerDist                     
00004511  close                          
00002489  computeDistance                
000023d5  computeDistances               
00004a5d  copysign                       
00004a5d  copysignl                      
00002a21  delay                          
20000ac0  direction                      
20000ac2  dutyCycle                      
20000b38  errno                          
00004669  exit                           
20000458  fcserr                         
00001ffd  ferror                         
00001fe3  fgetc                          
00004945  finddevice                     
0000388d  floor                          
0000388d  floorl                         
00003fd1  fopen                          
00003a75  free                           
00004911  freopen                        
0000215d  getCenterDist                  
0000215f  getLeftDist                    
0000215b  getRightDist                   
0000477d  getdevice                      
00000000  interruptVectors               
00003581  ldexp                          
00003581  ldexpl                         
20000acc  leftDist                       
00002163  main                           
00004afd  malloc                         
00003691  memalign                       
0000406d  memcpy                         
0000421d  memset                         
20000ad0  objectAhead                    
00002161  objectAheadStatus              
00003db9  open                           
00001f25  outnibble                      
20000438  parmbuf                        
000010a9  pow                            
000010a9  powl                           
000049a5  remove                         
20000ac4  rightDist                      
00003c35  round                          
00003c35  roundl                         
00003581  scalbn                         
00003581  scalbnl                        
00002159  setDirection                   
000023b9  setDutyCycle                   
00003b59  setvbuf                        
000031e1  sqrt                           
000031e1  sqrtl                          
00004a8f  strchr                         
00004a77  strcmp                         
00004aa5  strcpy                         
00004ab9  strlen                         
0000483d  strncpy                        
00002023  uart_close                     
000020a1  uart_lseek                     
00002013  uart_open                      
0000202f  uart_read                      
000020bd  uart_rename                    
000020b1  uart_unlink                    
0000205f  uart_write                     
000049a5  unlink                         
000049f9  write                          


GLOBAL SYMBOLS: SORTED BY Symbol Address 

address   name                           
-------   ----                           
00000000  __TI_static_base__             
00000000  interruptVectors               
000000e5  AP_Reset                       
0000010d  AP_Init                        
000001f3  AP_GetSize                     
00000200  __STACK_SIZE                   
0000021d  AP_EchoSendMessage             
00000289  AP_EchoReceived                
00000311  AP_SendMessage                 
00000400  __SYSMEM_SIZE                  
000004ad  AP_RecvMessage                 
00000689  AP_RecvStatus                  
00000697  AP_SendMessageResponse         
000006d7  AP_GetNotifyCCCD               
000006ed  AP_AddService                  
00000725  AP_RegisterService             
00000745  AP_AddCharacteristic           
00000901  AP_AddNotifyCharacteristic     
00000b2d  AP_SendNotification            
00000c2d  AP_StartAdvertisement          
00000c7b  AP_StartAdvertisementJacki     
00000c8d  AP_GetStatus                   
00000cc9  AP_GetVersion                  
00000dc5  AP_BackgroundProcess           
000010a9  pow                            
000010a9  powl                           
00001a79  UART0_Init                     
00001abf  UART0_InChar                   
00001acf  UART0_OutChar                  
00001aeb  UART0_OutString                
00001b09  UART0_InUDec                   
00001b8d  UART0_OutUDec                  
00001bbd  UART0_OutSDec                  
00001d31  UART0_OutUDec4                 
00001d79  UART0_OutUDec5                 
00001dab  UART0_OutUFix1                 
00001dd3  UART0_OutUFix2                 
00001e1d  UART0_InUHex                   
00001ee1  UART0_OutUHex                  
00001f25  outnibble                      
00001f4d  UART0_OutUHex2                 
00001f69  UART0_InString                 
00001fe3  fgetc                          
00001ffd  ferror                         
00002013  uart_open                      
00002023  uart_close                     
0000202f  uart_read                      
0000205f  uart_write                     
000020a1  uart_lseek                     
000020b1  uart_unlink                    
000020bd  uart_rename                    
000020cb  UART0_Initprintf               
00002159  setDirection                   
0000215b  getRightDist                   
0000215d  getCenterDist                  
0000215f  getLeftDist                    
00002161  objectAheadStatus              
00002163  main                           
000023b9  setDutyCycle                   
000023d5  computeDistances               
00002489  computeDistance                
000025d1  SystemCoreClockUpdate          
00002849  SystemInit                     
00002905  Clock_Init48MHz                
00002a1b  Clock_GetFreq                  
00002a21  delay                          
00002a2f  Clock_Delay1us                 
00002a59  Clock_Delay1ms                 
00002ae5  Motor_Init                     
00002b57  Motor_Stop                     
00002b71  Motor_Forward                  
00002bb9  Motor_Right                    
00002c0b  Motor_Left                     
00002c5d  Motor_Backward                 
00002cc5  PWM_Init12                     
00002d49  PWM_Duty1                      
00002d69  PWM_Duty2                      
00002d89  PWM_Init34                     
00002e0d  PWM_Duty3                      
00002e2d  PWM_Duty4                      
00002e85  __aeabi_dsub                   
00002e8f  __aeabi_dadd                   
0000303b  _nop                           
0000303d  RxFifo_Init                    
0000304f  RxFifo_Put                     
00003095  RxFifo_Get                     
000030cb  UART1_InStatus                 
000030db  UART1_Init                     
00003137  UART1_InChar                   
00003149  UART1_OutChar                  
00003165  EUSCIA2_IRQHandler             
00003165  EUSCIA2_IRQHandler             
0000317b  UART1_OutString                
00003199  UART1_FinishOutput             
000031e1  sqrt                           
000031e1  sqrtl                          
00003339  __aeabi_ddiv                   
00003581  ldexp                          
00003581  ldexpl                         
00003581  scalbn                         
00003581  scalbnl                        
00003691  aligned_alloc                  
00003691  memalign                       
00003791  __aeabi_dmul                   
0000388d  floor                          
0000388d  floorl                         
00003985  ADC0_InitSWTriggerCh17_14_16   
000039f5  ADC_In17_14_16                 
00003a75  free                           
00003b59  setvbuf                        
00003c35  round                          
00003c35  roundl                         
00003cf9  GPIO_Init                      
00003db9  open                           
00003e75  add_device                     
00003f2d  MvtLED_Init                    
00003f6b  Front_Lights_ON                
00003f81  Front_Lights_OFF               
00003f97  Back_Lights_ON                 
00003fa3  Back_Lights_OFF                
00003fd1  fopen                          
0000406d  __aeabi_memcpy                 
0000406d  __aeabi_memcpy4                
0000406d  __aeabi_memcpy8                
0000406d  memcpy                         
00004109  __aeabi_cdcmpeq                
00004109  __aeabi_cdcmple                
0000418f  __aeabi_cdrcmple               
00004215  __aeabi_memclr                 
00004215  __aeabi_memclr4                
00004215  __aeabi_memclr8                
00004217  __aeabi_memset                 
00004217  __aeabi_memset4                
00004217  __aeabi_memset8                
0000421d  memset                         
00004291  __TI_closefile                 
00004375  HOSTrename                     
000043e1  HOSTlseek                      
00004449  __TI_decompress_lzss           
000044b1  HOSTopen                       
00004511  close                          
0000456d  HOSTread                       
000045c5  HOSTwrite                      
0000461d  __TI_doflush                   
00004669  exit                           
000046b1  HOSTclose                      
000046f5  HOSTunlink                     
00004739  __TI_auto_init_nobinit_nopinit 
0000477d  getdevice                      
000047c1  __aeabi_d2uiz                  
00004805  __TI_writemsg                  
00004833  C$$IO$$                        
0000483d  strncpy                        
00004875  __TI_cleanup                   
000048a9  __TI_readmsg                   
000048dd  _c_int00_noargs                
00004911  freopen                        
00004945  finddevice                     
00004975  __aeabi_i2d                    
000049a5  remove                         
000049a5  unlink                         
000049f9  write                          
00004a21  __aeabi_ui2d                   
00004a5d  copysign                       
00004a5d  copysignl                      
00004a77  strcmp                         
00004a8f  strchr                         
00004aa5  strcpy                         
00004ab9  strlen                         
00004acd  __TI_decompress_none           
00004adb  Reset_Handler                  
00004ae7  ADC14_IRQHandler               
00004ae7  AES256_IRQHandler              
00004ae7  BusFault_Handler               
00004ae7  COMP_E0_IRQHandler             
00004ae7  COMP_E1_IRQHandler             
00004ae7  CS_IRQHandler                  
00004ae7  DMA_ERR_IRQHandler             
00004ae7  DMA_INT0_IRQHandler            
00004ae7  DMA_INT1_IRQHandler            
00004ae7  DMA_INT2_IRQHandler            
00004ae7  DMA_INT3_IRQHandler            
00004ae7  DebugMon_Handler               
00004ae7  Default_Handler                
00004ae7  EUSCIA0_IRQHandler             
00004ae7  EUSCIA1_IRQHandler             
00004ae7  EUSCIA3_IRQHandler             
00004ae7  EUSCIB0_IRQHandler             
00004ae7  EUSCIB1_IRQHandler             
00004ae7  EUSCIB2_IRQHandler             
00004ae7  EUSCIB3_IRQHandler             
00004ae7  FLCTL_IRQHandler               
00004ae7  FPU_IRQHandler                 
00004ae7  HardFault_Handler              
00004ae7  MemManage_Handler              
00004ae7  NMI_Handler                    
00004ae7  PCM_IRQHandler                 
00004ae7  PORT1_IRQHandler               
00004ae7  PORT2_IRQHandler               
00004ae7  PORT3_IRQHandler               
00004ae7  PORT4_IRQHandler               
00004ae7  PORT5_IRQHandler               
00004ae7  PORT6_IRQHandler               
00004ae7  PSS_IRQHandler                 
00004ae7  PendSV_Handler                 
00004ae7  RTC_C_IRQHandler               
00004ae7  SVC_Handler                    
00004ae7  SysTick_Handler                
00004ae7  T32_INT1_IRQHandler            
00004ae7  T32_INT2_IRQHandler            
00004ae7  T32_INTC_IRQHandler            
00004ae7  TA0_0_IRQHandler               
00004ae7  TA0_N_IRQHandler               
00004ae7  TA1_0_IRQHandler               
00004ae7  TA1_N_IRQHandler               
00004ae7  TA2_0_IRQHandler               
00004ae7  TA2_N_IRQHandler               
00004ae7  TA3_0_IRQHandler               
00004ae7  TA3_N_IRQHandler               
00004ae7  UsageFault_Handler             
00004ae7  WDT_A_IRQHandler               
00004ae9  __TI_zero_init                 
00004af5  __aeabi_errno_addr             
00004afd  malloc                         
00004b05  _system_pre_init               
00004b09  C$$EXIT                        
00004b09  abort                          
00004b40  NPI_StartAdvertisement         
00004b54  NPI_SetAdvertisement1          
00004b65  HCI_EXT_ResetSystemCmd         
00004b6e  NPI_GetStatus                  
00004b74  NPI_GetVersion                 
00004b7a  NPI_Register                   
00004c98  __TI_Handler_Table_Base        
00004ca4  __TI_Handler_Table_Limit       
00004cb0  __TI_CINIT_Base                
00004cc0  __TI_CINIT_Limit               
20000000  __CIOBUF_                      
20000000  __start___llvm_prf_cnts        
20000000  __stop___llvm_prf_cnts         
20000120  RxFIFO                         
20000220  CharacteristicList             
200002c0  __TI_tmpnams                   
20000360  RecvBuf                        
200003e0  NotifyCharacteristicList       
20000430  Messageb                       
20000438  parmbuf                        
20000440  Messageindexb                  
20000444  NoSOFErr                       
20000448  RxFifoLost                     
2000044c  RxGetI                         
20000450  RxPutI                         
20000454  TimeOutErr                     
20000458  fcserr                         
20000460  _sys_memory                    
20000860  _ftable                        
20000950  _device                        
200009c8  _stream                        
20000a18  NPI_SetAdvertisementData       
20000a3d  NPI_AddCharDescriptor          
20000a5d  NPI_GATTSetDeviceName          
20000a7c  ClockFrequency                 
20000a80  Prewait                        
20000a84  CPMwait                        
20000a88  Postwait                       
20000a8c  IFlags                         
20000a90  Crystalstable                  
20000a94  NPI_ReadConfirmation           
20000aa9  NPI_SendNotificationIndication 
20000ac0  direction                      
20000ac2  dutyCycle                      
20000ac4  rightDist                      
20000ac8  centerDist                     
20000acc  leftDist                       
20000ad0  objectAhead                    
20000ad4  __TI_ft_end                    
20000ad8  __aeabi_stdin                  
20000adc  __aeabi_stdout                 
20000ae0  __aeabi_stderr                 
20000ae4  NPI_AddCharValue               
20000af4  __TI_cleanup_ptr               
20000af8  __TI_dtors_ptr                 
20000afc  __TI_enable_exit_profile_output
20000b00  NPI_AddService                 
20000b09  NPI_CCCDUpdatedConfirmation    
20000b12  NPI_WriteConfirmation          
20000b1c  _lock                          
20000b20  _unlock                        
20000b2c  CharacteristicCount            
20000b30  NotifyCharacteristicCount      
20000b38  errno                          
20000b44  SystemCoreClock                
2000fe00  __stack                        
20010000  __STACK_END                    
4000480c  WDTCTL_SYM                     
ffffffff  __TI_pprof_out_hndl            
ffffffff  __TI_prof_data_size            
ffffffff  __TI_prof_data_start           
ffffffff  __binit__                      
ffffffff  __c_args__                     
ffffffff  binit                          
UNDEFED   __mpu_init                     
UNDEFED   _system_post_cinit             

[303 symbols]
