******************************************************************************
                  TI ARM Linker PC v20.2.7                     
******************************************************************************
>> Linked Tue Apr  2 10:03:33 2024

OUTPUT FILE NAME:   <Lab06_B.out>
ENTRY POINT SYMBOL: "_c_int00_noargs"  address: 00002415


MEMORY CONFIGURATION

         name            origin    length      used     unused   attr    fill
----------------------  --------  ---------  --------  --------  ----  --------
  MAIN                  00000000   00040000  00002584  0003da7c  R  X
  INFO                  00200000   00004000  00000000  00004000  R  X
  SRAM_CODE             01000000   00010000  00000224  0000fddc  RW X
  SRAM_DATA             20000000   00010000  00000224  0000fddc  RW  


SEGMENT ALLOCATION MAP

run origin  load origin   length   init length attrs members
----------  ----------- ---------- ----------- ----- -------
00000000    00000000    00002588   00002588    r-x
  00000000    00000000    000000e4   000000e4    r-- .intvecs
  000000e4    000000e4    00002438   00002438    r-x .text
  00002520    00002520    00000030   00000030    r-- .const
  00002550    00002550    00000038   00000038    r-- .cinit
20000000    20000000    00000024   00000000    rw-
  20000000    20000000    00000020   00000000    rw- .data
  20000020    20000020    00000004   00000000    rw- .bss
2000fe00    2000fe00    00000200   00000000    rw-
  2000fe00    2000fe00    00000200   00000000    rw- .stack


SECTION ALLOCATION MAP

 output                                  attributes/
section   page    origin      length       input sections
--------  ----  ----------  ----------   ----------------
.intvecs   0    00000000    000000e4     
                  00000000    000000e4     startup_msp432p401r_ccs.obj (.intvecs:retain)

.text      0    000000e4    00002438     
                  000000e4    000009d0     rtsv7M4_T_le_v4SPD16_eabi.lib : e_pow.c.obj (.text:pow)
                  00000ab4    00000354     main.obj (.text)
                  00000e08    00000334     system_msp432p401r.obj (.text)
                  0000113c    000001e0     Clock.obj (.text)
                  0000131c    000001e0     Motor.obj (.text)
                  000014fc    000001c0     PWM.obj (.text)
                  000016bc    000001b6     rtsv7M4_T_le_v4SPD16_eabi.lib : fd_add_t2.asm.obj (.text)
                  00001872    00000002     --HOLE-- [fill = 0]
                  00001874    00000158                                   : e_sqrt.c.obj (.text:sqrt)
                  000019cc    00000136                                   : fd_div_t2.asm.obj (.text)
                  00001b02    00000002     --HOLE-- [fill = 0]
                  00001b04    0000011c     BumpInt.obj (.text)
                  00001c20    00000110     rtsv7M4_T_le_v4SPD16_eabi.lib : s_scalbn.c.obj (.text:scalbn)
                  00001d30    000000fc                                   : fd_mul_t2.asm.obj (.text)
                  00001e2c    000000f8                                   : s_floor.c.obj (.text:floor)
                  00001f24    000000f0     ADC14.obj (.text)
                  00002014    000000c4     rtsv7M4_T_le_v4SPD16_eabi.lib : s_round.c.obj (.text:round)
                  000020d8    000000a4     RobotLights.obj (.text)
                  0000217c    0000009c     rtsv7M4_T_le_v4SPD16_eabi.lib : memcpy_t2.asm.obj (.text)
                  00002218    00000086                                   : fd_cmp_t2.asm.obj (.text:__aeabi_cdcmple)
                  0000229e    00000086                                   : fd_cmp_t2.asm.obj (.text:__aeabi_cdrcmple)
                  00002324    00000068                                   : copy_decompress_lzss.c.obj (.text:decompress:lzss:__TI_decompress_lzss)
                  0000238c    00000044                                   : autoinit.c.obj (.text:__TI_auto_init_nobinit_nopinit:__TI_auto_init_nobinit_nopinit)
                  000023d0    00000044                                   : fd_tou_t2.asm.obj (.text)
                  00002414    00000034                                   : boot_cortex_m.c.obj (.text:_c_int00_noargs:_c_int00_noargs)
                  00002448    0000002e                                   : i_tofd_t2.asm.obj (.text)
                  00002476    00000024     CortexM.obj (.text)
                  0000249a    00000020     rtsv7M4_T_le_v4SPD16_eabi.lib : u_tofd_t2.asm.obj (.text)
                  000024ba    0000001c                                   : copy_zero_init.c.obj (.text:decompress:ZI:__TI_zero_init_nomemset:__TI_zero_init_nomemset)
                  000024d6    0000001a                                   : s_copysign.c.obj (.text:copysign)
                  000024f0    0000000e                                   : copy_decompress_none.c.obj (.text:decompress:none:__TI_decompress_none)
                  000024fe    0000000e     startup_msp432p401r_ccs.obj (.text)
                  0000250c    00000008     rtsv7M4_T_le_v4SPD16_eabi.lib : errno.c.obj (.text:__aeabi_errno_addr)
                  00002514    00000004                                   : pre_init.c.obj (.text:_system_pre_init)
                  00002518    00000004                                   : exit.c.obj (.text:abort:abort)

.const     0    00002520    00000030     
                  00002520    00000030     rtsv7M4_T_le_v4SPD16_eabi.lib : e_pow.c.obj (.const:$O1$$)

.cinit     0    00002550    00000038     
                  00002550    0000000d     (.cinit..data.load) [load image, compression = lzss]
                  0000255d    00000003     --HOLE-- [fill = 0]
                  00002560    0000000c     (__TI_handler_table)
                  0000256c    00000004     --HOLE-- [fill = 0]
                  00002570    00000008     (.cinit..bss.load) [load image, compression = zero_init]
                  00002578    00000010     (__TI_cinit_table)

.init_array 
*          0    00000000    00000000     UNINITIALIZED

.binit     0    00000000    00000000     

.data      0    20000000    00000020     UNINITIALIZED
                  20000000    00000018     Clock.obj (.data)
                  20000018    00000004     rtsv7M4_T_le_v4SPD16_eabi.lib : errno.c.obj (.data)
                  2000001c    00000004     system_msp432p401r.obj (.data)

.bss       0    20000020    00000004     UNINITIALIZED
                  20000020    00000004     (.common:rTask)

.stack     0    2000fe00    00000200     UNINITIALIZED
                  2000fe00    00000004     rtsv7M4_T_le_v4SPD16_eabi.lib : boot_cortex_m.c.obj (.stack)
                  2000fe04    000001fc     --HOLE--

__llvm_prf_cnts 
*          0    20000000    00000000     UNINITIALIZED

MODULE SUMMARY

       Module                        code   ro data   rw data
       ------                        ----   -------   -------
    .\
       main.obj                      852    0         0      
       system_msp432p401r.obj        820    0         8      
       Clock.obj                     480    0         48     
       Motor.obj                     480    0         0      
       PWM.obj                       448    0         0      
       BumpInt.obj                   284    0         8      
       startup_msp432p401r_ccs.obj   14     228       0      
       ADC14.obj                     240    0         0      
       RobotLights.obj               164    0         0      
       CortexM.obj                   36     0         0      
    +--+-----------------------------+------+---------+---------+
       Total:                        3818   228       64     
                                                             
    C:\ti\ccs1260\ccs\tools\compiler\ti-cgt-arm_20.2.7.LTS\lib\rtsv7M4_T_le_v4SPD16_eabi.lib
       e_pow.c.obj                   2512   48        0      
       fd_add_t2.asm.obj             438    0         0      
       e_sqrt.c.obj                  344    0         0      
       fd_div_t2.asm.obj             310    0         0      
       s_scalbn.c.obj                272    0         0      
       fd_cmp_t2.asm.obj             268    0         0      
       fd_mul_t2.asm.obj             252    0         0      
       s_floor.c.obj                 248    0         0      
       s_round.c.obj                 196    0         0      
       memcpy_t2.asm.obj             156    0         0      
       copy_decompress_lzss.c.obj    104    0         0      
       autoinit.c.obj                68     0         0      
       fd_tou_t2.asm.obj             68     0         0      
       boot_cortex_m.c.obj           52     0         0      
       i_tofd_t2.asm.obj             46     0         0      
       u_tofd_t2.asm.obj             32     0         0      
       copy_zero_init.c.obj          28     0         0      
       s_copysign.c.obj              26     0         0      
       errno.c.obj                   8      0         8      
       copy_decompress_none.c.obj    14     0         0      
       exit.c.obj                    4      0         0      
       pre_init.c.obj                4      0         0      
    +--+-----------------------------+------+---------+---------+
       Total:                        5450   48        8      
                                                             
       Stack:                        0      0         1024   
       Linker Generated:             0      49        0      
    +--+-----------------------------+------+---------+---------+
       Grand Total:                  9268   325       1096   


LINKER GENERATED COPY TABLES

__TI_cinit_table @ 00002578 records: 2, size/record: 8, table size: 16
	.data: load addr=00002550, load size=0000000d bytes, run addr=20000000, run size=00000020 bytes, compression=lzss
	.bss: load addr=00002570, load size=00000008 bytes, run addr=20000020, run size=00000004 bytes, compression=zero_init


LINKER GENERATED HANDLER TABLE

__TI_handler_table @ 00002560 records: 3, size/record: 4, table size: 12
	index: 0, handler: __TI_decompress_lzss
	index: 1, handler: __TI_decompress_none
	index: 2, handler: __TI_zero_init


GLOBAL SYMBOLS: SORTED ALPHABETICALLY BY Name 

address   name                          
-------   ----                          
00001f25  ADC0_InitSWTriggerCh17_14_16  
0000250b  ADC14_IRQHandler              
00001f95  ADC_In17_14_16                
0000250b  AES256_IRQHandler             
0000214f  Back_Lights_OFF               
00002143  Back_Lights_ON                
00001b05  BumpInt_Init                  
00001b83  Bump_Read                     
0000250b  BusFault_Handler              
00002519  C$$EXIT                       
0000250b  COMP_E0_IRQHandler            
0000250b  COMP_E1_IRQHandler            
20000008  CPMwait                       
0000250b  CS_IRQHandler                 
20000000  ClockFrequency                
00001291  Clock_Delay1ms                
00001267  Clock_Delay1us                
00001253  Clock_GetFreq                 
0000113d  Clock_Init48MHz               
20000014  Crystalstable                 
0000250b  DMA_ERR_IRQHandler            
0000250b  DMA_INT0_IRQHandler           
0000250b  DMA_INT1_IRQHandler           
0000250b  DMA_INT2_IRQHandler           
0000250b  DMA_INT3_IRQHandler           
0000250b  DebugMon_Handler              
0000250b  Default_Handler               
00002477  DisableInterrupts             
0000250b  EUSCIA0_IRQHandler            
0000250b  EUSCIA1_IRQHandler            
0000250b  EUSCIA2_IRQHandler            
0000250b  EUSCIA3_IRQHandler            
0000250b  EUSCIB0_IRQHandler            
0000250b  EUSCIB1_IRQHandler            
0000250b  EUSCIB2_IRQHandler            
0000250b  EUSCIB3_IRQHandler            
0000247d  EnableInterrupts              
0000248d  EndCritical                   
0000250b  FLCTL_IRQHandler              
0000250b  FPU_IRQHandler                
0000212d  Front_Lights_OFF              
00002117  Front_Lights_ON               
00000ba1  HandleCollision               
0000250b  HardFault_Handler             
20000010  IFlags                        
0000250b  MemManage_Handler             
00001495  Motor_Backward                
000013a9  Motor_Forward                 
0000131d  Motor_Init                    
00001443  Motor_Left                    
000013f1  Motor_Right                   
0000138f  Motor_Stop                    
000020d9  MvtLED_Init                   
0000250b  NMI_Handler                   
0000250b  PCM_IRQHandler                
0000250b  PORT1_IRQHandler              
0000250b  PORT2_IRQHandler              
0000250b  PORT3_IRQHandler              
00001bd7  PORT4_IRQHandler              
00001bd7  PORT4_IRQHandler              
0000250b  PORT5_IRQHandler              
0000250b  PORT6_IRQHandler              
0000250b  PSS_IRQHandler                
00001581  PWM_Duty1                     
000015a1  PWM_Duty2                     
00001645  PWM_Duty3                     
00001665  PWM_Duty4                     
000014fd  PWM_Init12                    
000015c1  PWM_Init34                    
0000250b  PendSV_Handler                
2000000c  Postwait                      
20000004  Prewait                       
0000250b  RTC_C_IRQHandler              
000024ff  Reset_Handler                 
0000250b  SVC_Handler                   
00002483  StartCritical                 
0000250b  SysTick_Handler               
2000001c  SystemCoreClock               
00000e09  SystemCoreClockUpdate         
00001081  SystemInit                    
0000250b  T32_INT1_IRQHandler           
0000250b  T32_INT2_IRQHandler           
0000250b  T32_INTC_IRQHandler           
0000250b  TA0_0_IRQHandler              
0000250b  TA0_N_IRQHandler              
0000250b  TA1_0_IRQHandler              
0000250b  TA1_N_IRQHandler              
0000250b  TA2_0_IRQHandler              
0000250b  TA2_N_IRQHandler              
0000250b  TA3_0_IRQHandler              
0000250b  TA3_N_IRQHandler              
0000250b  UsageFault_Handler            
4000480c  WDTCTL_SYM                    
0000250b  WDT_A_IRQHandler              
00002495  WaitForInterrupt              
20010000  __STACK_END                   
00000200  __STACK_SIZE                  
00002578  __TI_CINIT_Base               
00002588  __TI_CINIT_Limit              
00002560  __TI_Handler_Table_Base       
0000256c  __TI_Handler_Table_Limit      
0000238d  __TI_auto_init_nobinit_nopinit
00002325  __TI_decompress_lzss          
000024f1  __TI_decompress_none          
ffffffff  __TI_pprof_out_hndl           
ffffffff  __TI_prof_data_size           
ffffffff  __TI_prof_data_start          
00000000  __TI_static_base__            
000024bb  __TI_zero_init_nomemset       
00002219  __aeabi_cdcmpeq               
00002219  __aeabi_cdcmple               
0000229f  __aeabi_cdrcmple              
000023d1  __aeabi_d2uiz                 
000016c7  __aeabi_dadd                  
000019cd  __aeabi_ddiv                  
00001d31  __aeabi_dmul                  
000016bd  __aeabi_dsub                  
0000250d  __aeabi_errno_addr            
00002449  __aeabi_i2d                   
0000217d  __aeabi_memcpy                
0000217d  __aeabi_memcpy4               
0000217d  __aeabi_memcpy8               
0000249b  __aeabi_ui2d                  
ffffffff  __binit__                     
ffffffff  __c_args__                    
UNDEFED   __mpu_init                    
2000fe00  __stack                       
20000000  __start___llvm_prf_cnts       
20000000  __stop___llvm_prf_cnts        
00002415  _c_int00_noargs               
UNDEFED   _system_post_cinit            
00002515  _system_pre_init              
00002519  abort                         
ffffffff  binit                         
00000cc1  computeDistance               
00000c83  computeDistances              
000024d7  copysign                      
000024d7  copysignl                     
00001259  delay                         
20000018  errno                         
00001e2d  floor                         
00001e2d  floorl                        
00000000  interruptVectors              
00001c21  ldexp                         
00001c21  ldexpl                        
00000ab5  main                          
0000217d  memcpy                        
000000e5  pow                           
000000e5  powl                          
20000020  rTask                         
00002015  round                         
00002015  roundl                        
00001c21  scalbn                        
00001c21  scalbnl                       
00001875  sqrt                          
00001875  sqrtl                         


GLOBAL SYMBOLS: SORTED BY Symbol Address 

address   name                          
-------   ----                          
00000000  __TI_static_base__            
00000000  interruptVectors              
000000e5  pow                           
000000e5  powl                          
00000200  __STACK_SIZE                  
00000ab5  main                          
00000ba1  HandleCollision               
00000c83  computeDistances              
00000cc1  computeDistance               
00000e09  SystemCoreClockUpdate         
00001081  SystemInit                    
0000113d  Clock_Init48MHz               
00001253  Clock_GetFreq                 
00001259  delay                         
00001267  Clock_Delay1us                
00001291  Clock_Delay1ms                
0000131d  Motor_Init                    
0000138f  Motor_Stop                    
000013a9  Motor_Forward                 
000013f1  Motor_Right                   
00001443  Motor_Left                    
00001495  Motor_Backward                
000014fd  PWM_Init12                    
00001581  PWM_Duty1                     
000015a1  PWM_Duty2                     
000015c1  PWM_Init34                    
00001645  PWM_Duty3                     
00001665  PWM_Duty4                     
000016bd  __aeabi_dsub                  
000016c7  __aeabi_dadd                  
00001875  sqrt                          
00001875  sqrtl                         
000019cd  __aeabi_ddiv                  
00001b05  BumpInt_Init                  
00001b83  Bump_Read                     
00001bd7  PORT4_IRQHandler              
00001bd7  PORT4_IRQHandler              
00001c21  ldexp                         
00001c21  ldexpl                        
00001c21  scalbn                        
00001c21  scalbnl                       
00001d31  __aeabi_dmul                  
00001e2d  floor                         
00001e2d  floorl                        
00001f25  ADC0_InitSWTriggerCh17_14_16  
00001f95  ADC_In17_14_16                
00002015  round                         
00002015  roundl                        
000020d9  MvtLED_Init                   
00002117  Front_Lights_ON               
0000212d  Front_Lights_OFF              
00002143  Back_Lights_ON                
0000214f  Back_Lights_OFF               
0000217d  __aeabi_memcpy                
0000217d  __aeabi_memcpy4               
0000217d  __aeabi_memcpy8               
0000217d  memcpy                        
00002219  __aeabi_cdcmpeq               
00002219  __aeabi_cdcmple               
0000229f  __aeabi_cdrcmple              
00002325  __TI_decompress_lzss          
0000238d  __TI_auto_init_nobinit_nopinit
000023d1  __aeabi_d2uiz                 
00002415  _c_int00_noargs               
00002449  __aeabi_i2d                   
00002477  DisableInterrupts             
0000247d  EnableInterrupts              
00002483  StartCritical                 
0000248d  EndCritical                   
00002495  WaitForInterrupt              
0000249b  __aeabi_ui2d                  
000024bb  __TI_zero_init_nomemset       
000024d7  copysign                      
000024d7  copysignl                     
000024f1  __TI_decompress_none          
000024ff  Reset_Handler                 
0000250b  ADC14_IRQHandler              
0000250b  AES256_IRQHandler             
0000250b  BusFault_Handler              
0000250b  COMP_E0_IRQHandler            
0000250b  COMP_E1_IRQHandler            
0000250b  CS_IRQHandler                 
0000250b  DMA_ERR_IRQHandler            
0000250b  DMA_INT0_IRQHandler           
0000250b  DMA_INT1_IRQHandler           
0000250b  DMA_INT2_IRQHandler           
0000250b  DMA_INT3_IRQHandler           
0000250b  DebugMon_Handler              
0000250b  Default_Handler               
0000250b  EUSCIA0_IRQHandler            
0000250b  EUSCIA1_IRQHandler            
0000250b  EUSCIA2_IRQHandler            
0000250b  EUSCIA3_IRQHandler            
0000250b  EUSCIB0_IRQHandler            
0000250b  EUSCIB1_IRQHandler            
0000250b  EUSCIB2_IRQHandler            
0000250b  EUSCIB3_IRQHandler            
0000250b  FLCTL_IRQHandler              
0000250b  FPU_IRQHandler                
0000250b  HardFault_Handler             
0000250b  MemManage_Handler             
0000250b  NMI_Handler                   
0000250b  PCM_IRQHandler                
0000250b  PORT1_IRQHandler              
0000250b  PORT2_IRQHandler              
0000250b  PORT3_IRQHandler              
0000250b  PORT5_IRQHandler              
0000250b  PORT6_IRQHandler              
0000250b  PSS_IRQHandler                
0000250b  PendSV_Handler                
0000250b  RTC_C_IRQHandler              
0000250b  SVC_Handler                   
0000250b  SysTick_Handler               
0000250b  T32_INT1_IRQHandler           
0000250b  T32_INT2_IRQHandler           
0000250b  T32_INTC_IRQHandler           
0000250b  TA0_0_IRQHandler              
0000250b  TA0_N_IRQHandler              
0000250b  TA1_0_IRQHandler              
0000250b  TA1_N_IRQHandler              
0000250b  TA2_0_IRQHandler              
0000250b  TA2_N_IRQHandler              
0000250b  TA3_0_IRQHandler              
0000250b  TA3_N_IRQHandler              
0000250b  UsageFault_Handler            
0000250b  WDT_A_IRQHandler              
0000250d  __aeabi_errno_addr            
00002515  _system_pre_init              
00002519  C$$EXIT                       
00002519  abort                         
00002560  __TI_Handler_Table_Base       
0000256c  __TI_Handler_Table_Limit      
00002578  __TI_CINIT_Base               
00002588  __TI_CINIT_Limit              
20000000  ClockFrequency                
20000000  __start___llvm_prf_cnts       
20000000  __stop___llvm_prf_cnts        
20000004  Prewait                       
20000008  CPMwait                       
2000000c  Postwait                      
20000010  IFlags                        
20000014  Crystalstable                 
20000018  errno                         
2000001c  SystemCoreClock               
20000020  rTask                         
2000fe00  __stack                       
20010000  __STACK_END                   
4000480c  WDTCTL_SYM                    
ffffffff  __TI_pprof_out_hndl           
ffffffff  __TI_prof_data_size           
ffffffff  __TI_prof_data_start          
ffffffff  __binit__                     
ffffffff  __c_args__                    
ffffffff  binit                         
UNDEFED   __mpu_init                    
UNDEFED   _system_post_cinit            

[156 symbols]
