******************************************************************************
                  TI ARM Linker PC v20.2.7                     
******************************************************************************
>> Linked Tue May  7 12:17:48 2024

OUTPUT FILE NAME:   <Lab_ExtraCredit.out>
ENTRY POINT SYMBOL: "_c_int00_noargs"  address: 00002121


MEMORY CONFIGURATION

         name            origin    length      used     unused   attr    fill
----------------------  --------  ---------  --------  --------  ----  --------
  MAIN                  00000000   00040000  00002238  0003ddc8  R  X
  INFO                  00200000   00004000  00000000  00004000  R  X
  SRAM_CODE             01000000   00010000  00000220  0000fde0  RW X
  SRAM_DATA             20000000   00010000  00000220  0000fde0  RW  


SEGMENT ALLOCATION MAP

run origin  load origin   length   init length attrs members
----------  ----------- ---------- ----------- ----- -------
00000000    00000000    00002238   00002238    r-x
  00000000    00000000    000000e4   000000e4    r-- .intvecs
  000000e4    000000e4    00002104   00002104    r-x .text
  000021e8    000021e8    00000030   00000030    r-- .const
  00002218    00002218    00000020   00000020    r-- .cinit
20000000    20000000    00000020   00000000    rw-
  20000000    20000000    00000020   00000000    rw- .data
2000fe00    2000fe00    00000200   00000000    rw-
  2000fe00    2000fe00    00000200   00000000    rw- .stack


SECTION ALLOCATION MAP

 output                                  attributes/
section   page    origin      length       input sections
--------  ----  ----------  ----------   ----------------
.intvecs   0    00000000    000000e4     
                  00000000    000000e4     startup_msp432p401r_ccs.obj (.intvecs:retain)

.text      0    000000e4    00002104     
                  000000e4    000009d0     rtsv7M4_T_le_v4SPD16_eabi.lib : e_pow.c.obj (.text:pow)
                  00000ab4    00000334     system_msp432p401r.obj (.text)
                  00000de8    000001e0     Clock.obj (.text)
                  00000fc8    000001e0     Motor.obj (.text)
                  000011a8    000001c0     PWM.obj (.text)
                  00001368    000001b6     rtsv7M4_T_le_v4SPD16_eabi.lib : fd_add_t2.asm.obj (.text)
                  0000151e    00000002     --HOLE-- [fill = 0]
                  00001520    000001a0     main.obj (.text)
                  000016c0    00000198     Distance.obj (.text)
                  00001858    00000158     rtsv7M4_T_le_v4SPD16_eabi.lib : e_sqrt.c.obj (.text:sqrt)
                  000019b0    00000136                                   : fd_div_t2.asm.obj (.text)
                  00001ae6    00000002     --HOLE-- [fill = 0]
                  00001ae8    00000110                                   : s_scalbn.c.obj (.text:scalbn)
                  00001bf8    000000fc                                   : fd_mul_t2.asm.obj (.text)
                  00001cf4    000000f0     ADC14.obj (.text)
                  00001de4    000000a4     RobotLights.obj (.text)
                  00001e88    0000009c     rtsv7M4_T_le_v4SPD16_eabi.lib : memcpy_t2.asm.obj (.text)
                  00001f24    00000086                                   : fd_cmp_t2.asm.obj (.text:__aeabi_cdcmple)
                  00001faa    00000086                                   : fd_cmp_t2.asm.obj (.text:__aeabi_cdrcmple)
                  00002030    00000068                                   : copy_decompress_lzss.c.obj (.text:decompress:lzss:__TI_decompress_lzss)
                  00002098    00000044                                   : autoinit.c.obj (.text:__TI_auto_init_nobinit_nopinit:__TI_auto_init_nobinit_nopinit)
                  000020dc    00000044                                   : fd_tou_t2.asm.obj (.text)
                  00002120    00000034                                   : boot_cortex_m.c.obj (.text:_c_int00_noargs:_c_int00_noargs)
                  00002154    0000002e                                   : i_tofd_t2.asm.obj (.text)
                  00002182    00000020                                   : u_tofd_t2.asm.obj (.text)
                  000021a2    0000001a                                   : s_copysign.c.obj (.text:copysign)
                  000021bc    0000000e                                   : copy_decompress_none.c.obj (.text:decompress:none:__TI_decompress_none)
                  000021ca    0000000e     startup_msp432p401r_ccs.obj (.text)
                  000021d8    00000008     rtsv7M4_T_le_v4SPD16_eabi.lib : errno.c.obj (.text:__aeabi_errno_addr)
                  000021e0    00000004                                   : pre_init.c.obj (.text:_system_pre_init)
                  000021e4    00000004                                   : exit.c.obj (.text:abort:abort)

.const     0    000021e8    00000030     
                  000021e8    00000030     rtsv7M4_T_le_v4SPD16_eabi.lib : e_pow.c.obj (.const:$O1$$)

.cinit     0    00002218    00000020     
                  00002218    0000000d     (.cinit..data.load) [load image, compression = lzss]
                  00002225    00000003     --HOLE-- [fill = 0]
                  00002228    00000008     (__TI_handler_table)
                  00002230    00000008     (__TI_cinit_table)

.init_array 
*          0    00000000    00000000     UNINITIALIZED

.binit     0    00000000    00000000     

.data      0    20000000    00000020     UNINITIALIZED
                  20000000    00000018     Clock.obj (.data)
                  20000018    00000004     rtsv7M4_T_le_v4SPD16_eabi.lib : errno.c.obj (.data)
                  2000001c    00000004     system_msp432p401r.obj (.data)

.stack     0    2000fe00    00000200     UNINITIALIZED
                  2000fe00    00000004     rtsv7M4_T_le_v4SPD16_eabi.lib : boot_cortex_m.c.obj (.stack)
                  2000fe04    000001fc     --HOLE--

__llvm_prf_cnts 
*          0    20000000    00000000     UNINITIALIZED

MODULE SUMMARY

       Module                        code   ro data   rw data
       ------                        ----   -------   -------
    .\
       system_msp432p401r.obj        820    0         8      
       Clock.obj                     480    0         48     
       Motor.obj                     480    0         0      
       PWM.obj                       448    0         0      
       main.obj                      416    0         0      
       Distance.obj                  408    0         0      
       startup_msp432p401r_ccs.obj   14     228       0      
       ADC14.obj                     240    0         0      
       RobotLights.obj               164    0         0      
    +--+-----------------------------+------+---------+---------+
       Total:                        3470   228       56     
                                                             
    C:\ti\ccs1270\ccs\tools\compiler\ti-cgt-arm_20.2.7.LTS\lib\rtsv7M4_T_le_v4SPD16_eabi.lib
       e_pow.c.obj                   2512   48        0      
       fd_add_t2.asm.obj             438    0         0      
       e_sqrt.c.obj                  344    0         0      
       fd_div_t2.asm.obj             310    0         0      
       s_scalbn.c.obj                272    0         0      
       fd_cmp_t2.asm.obj             268    0         0      
       fd_mul_t2.asm.obj             252    0         0      
       memcpy_t2.asm.obj             156    0         0      
       copy_decompress_lzss.c.obj    104    0         0      
       autoinit.c.obj                68     0         0      
       fd_tou_t2.asm.obj             68     0         0      
       boot_cortex_m.c.obj           52     0         0      
       i_tofd_t2.asm.obj             46     0         0      
       u_tofd_t2.asm.obj             32     0         0      
       s_copysign.c.obj              26     0         0      
       errno.c.obj                   8      0         8      
       copy_decompress_none.c.obj    14     0         0      
       exit.c.obj                    4      0         0      
       pre_init.c.obj                4      0         0      
    +--+-----------------------------+------+---------+---------+
       Total:                        4978   48        8      
                                                             
       Stack:                        0      0         1024   
       Linker Generated:             0      29        0      
    +--+-----------------------------+------+---------+---------+
       Grand Total:                  8448   305       1088   


LINKER GENERATED COPY TABLES

__TI_cinit_table @ 00002230 records: 1, size/record: 8, table size: 8
	.data: load addr=00002218, load size=0000000d bytes, run addr=20000000, run size=00000020 bytes, compression=lzss


LINKER GENERATED HANDLER TABLE

__TI_handler_table @ 00002228 records: 2, size/record: 4, table size: 8
	index: 0, handler: __TI_decompress_lzss
	index: 1, handler: __TI_decompress_none


GLOBAL SYMBOLS: SORTED ALPHABETICALLY BY Name 

address   name                          
-------   ----                          
00001cf5  ADC0_InitSWTriggerCh17_14_16  
000021d7  ADC14_IRQHandler              
00001d65  ADC_In17_14_16                
000021d7  AES256_IRQHandler             
00001e5b  Back_Lights_OFF               
00001e4f  Back_Lights_ON                
000021d7  BusFault_Handler              
000021e5  C$$EXIT                       
000021d7  COMP_E0_IRQHandler            
000021d7  COMP_E1_IRQHandler            
20000008  CPMwait                       
000021d7  CS_IRQHandler                 
20000000  ClockFrequency                
00000f3d  Clock_Delay1ms                
00000f13  Clock_Delay1us                
00000eff  Clock_GetFreq                 
00000de9  Clock_Init48MHz               
20000014  Crystalstable                 
000021d7  DMA_ERR_IRQHandler            
000021d7  DMA_INT0_IRQHandler           
000021d7  DMA_INT1_IRQHandler           
000021d7  DMA_INT2_IRQHandler           
000021d7  DMA_INT3_IRQHandler           
000021d7  DebugMon_Handler              
000021d7  Default_Handler               
00001725  Distance_ComputeDistance      
000016ef  Distance_ComputeDistances     
000016c1  Distance_GetDistances         
000021d7  EUSCIA0_IRQHandler            
000021d7  EUSCIA1_IRQHandler            
000021d7  EUSCIA2_IRQHandler            
000021d7  EUSCIA3_IRQHandler            
000021d7  EUSCIB0_IRQHandler            
000021d7  EUSCIB1_IRQHandler            
000021d7  EUSCIB2_IRQHandler            
000021d7  EUSCIB3_IRQHandler            
000021d7  FLCTL_IRQHandler              
000021d7  FPU_IRQHandler                
00001e39  Front_Lights_OFF              
00001e23  Front_Lights_ON               
000021d7  HardFault_Handler             
20000010  IFlags                        
000021d7  MemManage_Handler             
00001141  Motor_Backward                
00001055  Motor_Forward                 
00000fc9  Motor_Init                    
000010ef  Motor_Left                    
0000109d  Motor_Right                   
0000103b  Motor_Stop                    
00001de5  MvtLED_Init                   
000021d7  NMI_Handler                   
000021d7  PCM_IRQHandler                
000021d7  PORT1_IRQHandler              
000021d7  PORT2_IRQHandler              
000021d7  PORT3_IRQHandler              
000021d7  PORT4_IRQHandler              
000021d7  PORT5_IRQHandler              
000021d7  PORT6_IRQHandler              
000021d7  PSS_IRQHandler                
0000122d  PWM_Duty1                     
0000124d  PWM_Duty2                     
000012f1  PWM_Duty3                     
00001311  PWM_Duty4                     
000011a9  PWM_Init12                    
0000126d  PWM_Init34                    
000016af  Pause                         
000021d7  PendSV_Handler                
2000000c  Postwait                      
20000004  Prewait                       
000021d7  RTC_C_IRQHandler              
000021cb  Reset_Handler                 
000021d7  SVC_Handler                   
000021d7  SysTick_Handler               
2000001c  SystemCoreClock               
00000ab5  SystemCoreClockUpdate         
00000d2d  SystemInit                    
000021d7  T32_INT1_IRQHandler           
000021d7  T32_INT2_IRQHandler           
000021d7  T32_INTC_IRQHandler           
000021d7  TA0_0_IRQHandler              
000021d7  TA0_N_IRQHandler              
000021d7  TA1_0_IRQHandler              
000021d7  TA1_N_IRQHandler              
000021d7  TA2_0_IRQHandler              
000021d7  TA2_N_IRQHandler              
000021d7  TA3_0_IRQHandler              
000021d7  TA3_N_IRQHandler              
000021d7  UsageFault_Handler            
4000480c  WDTCTL_SYM                    
000021d7  WDT_A_IRQHandler              
20010000  __STACK_END                   
00000200  __STACK_SIZE                  
00002230  __TI_CINIT_Base               
00002238  __TI_CINIT_Limit              
00002228  __TI_Handler_Table_Base       
00002230  __TI_Handler_Table_Limit      
00002099  __TI_auto_init_nobinit_nopinit
00002031  __TI_decompress_lzss          
000021bd  __TI_decompress_none          
ffffffff  __TI_pprof_out_hndl           
ffffffff  __TI_prof_data_size           
ffffffff  __TI_prof_data_start          
00000000  __TI_static_base__            
00001f25  __aeabi_cdcmpeq               
00001f25  __aeabi_cdcmple               
00001fab  __aeabi_cdrcmple              
000020dd  __aeabi_d2uiz                 
00001373  __aeabi_dadd                  
000019b1  __aeabi_ddiv                  
00001bf9  __aeabi_dmul                  
00001369  __aeabi_dsub                  
000021d9  __aeabi_errno_addr            
00002155  __aeabi_i2d                   
00001e89  __aeabi_memcpy                
00001e89  __aeabi_memcpy4               
00001e89  __aeabi_memcpy8               
00002183  __aeabi_ui2d                  
ffffffff  __binit__                     
ffffffff  __c_args__                    
UNDEFED   __mpu_init                    
2000fe00  __stack                       
20000000  __start___llvm_prf_cnts       
20000000  __stop___llvm_prf_cnts        
00002121  _c_int00_noargs               
UNDEFED   _system_post_cinit            
000021e1  _system_pre_init              
000021e5  abort                         
ffffffff  binit                         
000021a3  copysign                      
000021a3  copysignl                     
00000f05  delay                         
20000018  errno                         
00000000  interruptVectors              
00001ae9  ldexp                         
00001ae9  ldexpl                        
00001521  main                          
00001e89  memcpy                        
000000e5  pow                           
000000e5  powl                          
00001ae9  scalbn                        
00001ae9  scalbnl                       
00001859  sqrt                          
00001859  sqrtl                         


GLOBAL SYMBOLS: SORTED BY Symbol Address 

address   name                          
-------   ----                          
00000000  __TI_static_base__            
00000000  interruptVectors              
000000e5  pow                           
000000e5  powl                          
00000200  __STACK_SIZE                  
00000ab5  SystemCoreClockUpdate         
00000d2d  SystemInit                    
00000de9  Clock_Init48MHz               
00000eff  Clock_GetFreq                 
00000f05  delay                         
00000f13  Clock_Delay1us                
00000f3d  Clock_Delay1ms                
00000fc9  Motor_Init                    
0000103b  Motor_Stop                    
00001055  Motor_Forward                 
0000109d  Motor_Right                   
000010ef  Motor_Left                    
00001141  Motor_Backward                
000011a9  PWM_Init12                    
0000122d  PWM_Duty1                     
0000124d  PWM_Duty2                     
0000126d  PWM_Init34                    
000012f1  PWM_Duty3                     
00001311  PWM_Duty4                     
00001369  __aeabi_dsub                  
00001373  __aeabi_dadd                  
00001521  main                          
000016af  Pause                         
000016c1  Distance_GetDistances         
000016ef  Distance_ComputeDistances     
00001725  Distance_ComputeDistance      
00001859  sqrt                          
00001859  sqrtl                         
000019b1  __aeabi_ddiv                  
00001ae9  ldexp                         
00001ae9  ldexpl                        
00001ae9  scalbn                        
00001ae9  scalbnl                       
00001bf9  __aeabi_dmul                  
00001cf5  ADC0_InitSWTriggerCh17_14_16  
00001d65  ADC_In17_14_16                
00001de5  MvtLED_Init                   
00001e23  Front_Lights_ON               
00001e39  Front_Lights_OFF              
00001e4f  Back_Lights_ON                
00001e5b  Back_Lights_OFF               
00001e89  __aeabi_memcpy                
00001e89  __aeabi_memcpy4               
00001e89  __aeabi_memcpy8               
00001e89  memcpy                        
00001f25  __aeabi_cdcmpeq               
00001f25  __aeabi_cdcmple               
00001fab  __aeabi_cdrcmple              
00002031  __TI_decompress_lzss          
00002099  __TI_auto_init_nobinit_nopinit
000020dd  __aeabi_d2uiz                 
00002121  _c_int00_noargs               
00002155  __aeabi_i2d                   
00002183  __aeabi_ui2d                  
000021a3  copysign                      
000021a3  copysignl                     
000021bd  __TI_decompress_none          
000021cb  Reset_Handler                 
000021d7  ADC14_IRQHandler              
000021d7  AES256_IRQHandler             
000021d7  BusFault_Handler              
000021d7  COMP_E0_IRQHandler            
000021d7  COMP_E1_IRQHandler            
000021d7  CS_IRQHandler                 
000021d7  DMA_ERR_IRQHandler            
000021d7  DMA_INT0_IRQHandler           
000021d7  DMA_INT1_IRQHandler           
000021d7  DMA_INT2_IRQHandler           
000021d7  DMA_INT3_IRQHandler           
000021d7  DebugMon_Handler              
000021d7  Default_Handler               
000021d7  EUSCIA0_IRQHandler            
000021d7  EUSCIA1_IRQHandler            
000021d7  EUSCIA2_IRQHandler            
000021d7  EUSCIA3_IRQHandler            
000021d7  EUSCIB0_IRQHandler            
000021d7  EUSCIB1_IRQHandler            
000021d7  EUSCIB2_IRQHandler            
000021d7  EUSCIB3_IRQHandler            
000021d7  FLCTL_IRQHandler              
000021d7  FPU_IRQHandler                
000021d7  HardFault_Handler             
000021d7  MemManage_Handler             
000021d7  NMI_Handler                   
000021d7  PCM_IRQHandler                
000021d7  PORT1_IRQHandler              
000021d7  PORT2_IRQHandler              
000021d7  PORT3_IRQHandler              
000021d7  PORT4_IRQHandler              
000021d7  PORT5_IRQHandler              
000021d7  PORT6_IRQHandler              
000021d7  PSS_IRQHandler                
000021d7  PendSV_Handler                
000021d7  RTC_C_IRQHandler              
000021d7  SVC_Handler                   
000021d7  SysTick_Handler               
000021d7  T32_INT1_IRQHandler           
000021d7  T32_INT2_IRQHandler           
000021d7  T32_INTC_IRQHandler           
000021d7  TA0_0_IRQHandler              
000021d7  TA0_N_IRQHandler              
000021d7  TA1_0_IRQHandler              
000021d7  TA1_N_IRQHandler              
000021d7  TA2_0_IRQHandler              
000021d7  TA2_N_IRQHandler              
000021d7  TA3_0_IRQHandler              
000021d7  TA3_N_IRQHandler              
000021d7  UsageFault_Handler            
000021d7  WDT_A_IRQHandler              
000021d9  __aeabi_errno_addr            
000021e1  _system_pre_init              
000021e5  C$$EXIT                       
000021e5  abort                         
00002228  __TI_Handler_Table_Base       
00002230  __TI_CINIT_Base               
00002230  __TI_Handler_Table_Limit      
00002238  __TI_CINIT_Limit              
20000000  ClockFrequency                
20000000  __start___llvm_prf_cnts       
20000000  __stop___llvm_prf_cnts        
20000004  Prewait                       
20000008  CPMwait                       
2000000c  Postwait                      
20000010  IFlags                        
20000014  Crystalstable                 
20000018  errno                         
2000001c  SystemCoreClock               
2000fe00  __stack                       
20010000  __STACK_END                   
4000480c  WDTCTL_SYM                    
ffffffff  __TI_pprof_out_hndl           
ffffffff  __TI_prof_data_size           
ffffffff  __TI_prof_data_start          
ffffffff  __binit__                     
ffffffff  __c_args__                    
ffffffff  binit                         
UNDEFED   __mpu_init                    
UNDEFED   _system_post_cinit            

[143 symbols]
