******************************************************************************
                  TI ARM Linker PC v20.2.7                     
******************************************************************************
>> Linked Tue Mar  5 10:21:56 2024

OUTPUT FILE NAME:   <Lab05.out>
ENTRY POINT SYMBOL: "_c_int00_noargs"  address: 00000e1d


MEMORY CONFIGURATION

         name            origin    length      used     unused   attr    fill
----------------------  --------  ---------  --------  --------  ----  --------
  MAIN                  00000000   00040000  00000f58  0003f0a8  R  X
  INFO                  00200000   00004000  00000000  00004000  R  X
  SRAM_CODE             01000000   00010000  00000220  0000fde0  RW X
  SRAM_DATA             20000000   00010000  00000220  0000fde0  RW  


SEGMENT ALLOCATION MAP

run origin  load origin   length   init length attrs members
----------  ----------- ---------- ----------- ----- -------
00000000    00000000    00000f58   00000f58    r-x
  00000000    00000000    000000e4   000000e4    r-- .intvecs
  000000e4    000000e4    00000dac   00000dac    r-x .text
  00000e90    00000e90    00000090   00000090    r-- .const
  00000f20    00000f20    00000038   00000038    r-- .cinit
20000000    20000000    00000020   00000000    rw-
  20000000    20000000    0000001c   00000000    rw- .data
  2000001c    2000001c    00000004   00000000    rw- .bss
2000fe00    2000fe00    00000200   00000000    rw-
  2000fe00    2000fe00    00000200   00000000    rw- .stack


SECTION ALLOCATION MAP

 output                                  attributes/
section   page    origin      length       input sections
--------  ----  ----------  ----------   ----------------
.intvecs   0    00000000    000000e4     
                  00000000    000000e4     startup_msp432p401r_ccs.obj (.intvecs:retain)

.text      0    000000e4    00000dac     
                  000000e4    00000334     system_msp432p401r.obj (.text)
                  00000418    000001e0     Clock.obj (.text)
                  000005f8    000001e0     Motor.obj (.text)
                  000007d8    000001c0     PWM.obj (.text)
                  00000998    00000194     main.obj (.text)
                  00000b2c    00000104     Reflectance.obj (.text)
                  00000c30    000000a4     RobotLights.obj (.text)
                  00000cd4    0000009c     rtsv7M4_T_le_v4SPD16_eabi.lib : memcpy_t2.asm.obj (.text)
                  00000d70    00000068                                   : copy_decompress_lzss.c.obj (.text:decompress:lzss:__TI_decompress_lzss)
                  00000dd8    00000044                                   : autoinit.c.obj (.text:__TI_auto_init_nobinit_nopinit:__TI_auto_init_nobinit_nopinit)
                  00000e1c    00000034                                   : boot_cortex_m.c.obj (.text:_c_int00_noargs:_c_int00_noargs)
                  00000e50    0000001c                                   : copy_zero_init.c.obj (.text:decompress:ZI:__TI_zero_init_nomemset:__TI_zero_init_nomemset)
                  00000e6c    0000000e                                   : copy_decompress_none.c.obj (.text:decompress:none:__TI_decompress_none)
                  00000e7a    0000000e     startup_msp432p401r_ccs.obj (.text)
                  00000e88    00000004     rtsv7M4_T_le_v4SPD16_eabi.lib : pre_init.c.obj (.text:_system_pre_init)
                  00000e8c    00000004                                   : exit.c.obj (.text:abort:abort)

.const     0    00000e90    00000090     
                  00000e90    00000090     main.obj (.const:fsm)

.cinit     0    00000f20    00000038     
                  00000f20    0000000d     (.cinit..data.load) [load image, compression = lzss]
                  00000f2d    00000003     --HOLE-- [fill = 0]
                  00000f30    0000000c     (__TI_handler_table)
                  00000f3c    00000004     --HOLE-- [fill = 0]
                  00000f40    00000008     (.cinit..bss.load) [load image, compression = zero_init]
                  00000f48    00000010     (__TI_cinit_table)

.init_array 
*          0    00000000    00000000     UNINITIALIZED

.binit     0    00000000    00000000     

.data      0    20000000    0000001c     UNINITIALIZED
                  20000000    00000018     Clock.obj (.data)
                  20000018    00000004     system_msp432p401r.obj (.data)

.bss       0    2000001c    00000004     UNINITIALIZED
                  2000001c    00000004     (.common:Spt)

.stack     0    2000fe00    00000200     UNINITIALIZED
                  2000fe00    00000004     rtsv7M4_T_le_v4SPD16_eabi.lib : boot_cortex_m.c.obj (.stack)
                  2000fe04    000001fc     --HOLE--

__llvm_prf_cnts 
*          0    20000000    00000000     UNINITIALIZED

MODULE SUMMARY

       Module                        code   ro data   rw data
       ------                        ----   -------   -------
    .\
       system_msp432p401r.obj        820    0         8      
       main.obj                      404    144       8      
       Clock.obj                     480    0         48     
       Motor.obj                     480    0         0      
       PWM.obj                       448    0         0      
       Reflectance.obj               260    0         0      
       startup_msp432p401r_ccs.obj   14     228       0      
       RobotLights.obj               164    0         0      
    +--+-----------------------------+------+---------+---------+
       Total:                        3070   372       64     
                                                             
    C:\ti\ccs1260\ccs\tools\compiler\ti-cgt-arm_20.2.7.LTS\lib\rtsv7M4_T_le_v4SPD16_eabi.lib
       memcpy_t2.asm.obj             156    0         0      
       copy_decompress_lzss.c.obj    104    0         0      
       autoinit.c.obj                68     0         0      
       boot_cortex_m.c.obj           52     0         0      
       copy_zero_init.c.obj          28     0         0      
       copy_decompress_none.c.obj    14     0         0      
       exit.c.obj                    4      0         0      
       pre_init.c.obj                4      0         0      
    +--+-----------------------------+------+---------+---------+
       Total:                        430    0         0      
                                                             
       Stack:                        0      0         1024   
       Linker Generated:             0      49        0      
    +--+-----------------------------+------+---------+---------+
       Grand Total:                  3500   421       1088   


LINKER GENERATED COPY TABLES

__TI_cinit_table @ 00000f48 records: 2, size/record: 8, table size: 16
	.data: load addr=00000f20, load size=0000000d bytes, run addr=20000000, run size=0000001c bytes, compression=lzss
	.bss: load addr=00000f40, load size=00000008 bytes, run addr=2000001c, run size=00000004 bytes, compression=zero_init


LINKER GENERATED HANDLER TABLE

__TI_handler_table @ 00000f30 records: 3, size/record: 4, table size: 12
	index: 0, handler: __TI_decompress_lzss
	index: 1, handler: __TI_decompress_none
	index: 2, handler: __TI_zero_init


GLOBAL SYMBOLS: SORTED ALPHABETICALLY BY Name 

address   name                          
-------   ----                          
00000e87  ADC14_IRQHandler              
00000e87  AES256_IRQHandler             
00000ca7  Back_Lights_OFF               
00000c9b  Back_Lights_ON                
00000e87  BusFault_Handler              
00000e8d  C$$EXIT                       
00000e87  COMP_E0_IRQHandler            
00000e87  COMP_E1_IRQHandler            
20000008  CPMwait                       
00000e87  CS_IRQHandler                 
20000000  ClockFrequency                
0000056d  Clock_Delay1ms                
00000543  Clock_Delay1us                
0000052f  Clock_GetFreq                 
00000419  Clock_Init48MHz               
20000014  Crystalstable                 
00000e87  DMA_ERR_IRQHandler            
00000e87  DMA_INT0_IRQHandler           
00000e87  DMA_INT1_IRQHandler           
00000e87  DMA_INT2_IRQHandler           
00000e87  DMA_INT3_IRQHandler           
00000e87  DebugMon_Handler              
00000e87  Default_Handler               
00000e87  EUSCIA0_IRQHandler            
00000e87  EUSCIA1_IRQHandler            
00000e87  EUSCIA2_IRQHandler            
00000e87  EUSCIA3_IRQHandler            
00000e87  EUSCIB0_IRQHandler            
00000e87  EUSCIB1_IRQHandler            
00000e87  EUSCIB2_IRQHandler            
00000e87  EUSCIB3_IRQHandler            
00000e87  FLCTL_IRQHandler              
00000e87  FPU_IRQHandler                
00000c85  Front_Lights_OFF              
00000c6f  Front_Lights_ON               
00000e87  HardFault_Handler             
20000010  IFlags                        
00000e87  MemManage_Handler             
00000771  Motor_Backward                
00000685  Motor_Forward                 
000005f9  Motor_Init                    
0000071f  Motor_Left                    
000006cd  Motor_Right                   
0000066b  Motor_Stop                    
00000c31  MvtLED_Init                   
00000e87  NMI_Handler                   
00000e87  PCM_IRQHandler                
00000e87  PORT1_IRQHandler              
00000e87  PORT2_IRQHandler              
00000e87  PORT3_IRQHandler              
00000e87  PORT4_IRQHandler              
00000e87  PORT5_IRQHandler              
00000e87  PORT6_IRQHandler              
00000e87  PSS_IRQHandler                
0000085d  PWM_Duty1                     
0000087d  PWM_Duty2                     
00000921  PWM_Duty3                     
00000941  PWM_Duty4                     
000007d9  PWM_Init12                    
0000089d  PWM_Init34                    
00000e87  PendSV_Handler                
2000000c  Postwait                      
20000004  Prewait                       
00000e87  RTC_C_IRQHandler              
00000be3  Reflectance_Center            
00000b2d  Reflectance_Init              
00000b7f  Reflectance_Read              
00000e7b  Reset_Handler                 
00000e87  SVC_Handler                   
2000001c  Spt                           
00000e87  SysTick_Handler               
20000018  SystemCoreClock               
000000e5  SystemCoreClockUpdate         
0000035d  SystemInit                    
00000e87  T32_INT1_IRQHandler           
00000e87  T32_INT2_IRQHandler           
00000e87  T32_INTC_IRQHandler           
00000e87  TA0_0_IRQHandler              
00000e87  TA0_N_IRQHandler              
00000e87  TA1_0_IRQHandler              
00000e87  TA1_N_IRQHandler              
00000e87  TA2_0_IRQHandler              
00000e87  TA2_N_IRQHandler              
00000e87  TA3_0_IRQHandler              
00000e87  TA3_N_IRQHandler              
00000e87  UsageFault_Handler            
4000480c  WDTCTL_SYM                    
00000e87  WDT_A_IRQHandler              
20010000  __STACK_END                   
00000200  __STACK_SIZE                  
00000f48  __TI_CINIT_Base               
00000f58  __TI_CINIT_Limit              
00000f30  __TI_Handler_Table_Base       
00000f3c  __TI_Handler_Table_Limit      
00000dd9  __TI_auto_init_nobinit_nopinit
00000d71  __TI_decompress_lzss          
00000e6d  __TI_decompress_none          
ffffffff  __TI_pprof_out_hndl           
ffffffff  __TI_prof_data_size           
ffffffff  __TI_prof_data_start          
00000000  __TI_static_base__            
00000e51  __TI_zero_init_nomemset       
00000cd5  __aeabi_memcpy                
00000cd5  __aeabi_memcpy4               
00000cd5  __aeabi_memcpy8               
ffffffff  __binit__                     
ffffffff  __c_args__                    
UNDEFED   __mpu_init                    
2000fe00  __stack                       
20000000  __start___llvm_prf_cnts       
20000000  __stop___llvm_prf_cnts        
00000e1d  _c_int00_noargs               
UNDEFED   _system_post_cinit            
00000e89  _system_pre_init              
00000e8d  abort                         
ffffffff  binit                         
00000535  delay                         
00000e90  fsm                           
00000000  interruptVectors              
00000999  main                          
00000cd5  memcpy                        


GLOBAL SYMBOLS: SORTED BY Symbol Address 

address   name                          
-------   ----                          
00000000  __TI_static_base__            
00000000  interruptVectors              
000000e5  SystemCoreClockUpdate         
00000200  __STACK_SIZE                  
0000035d  SystemInit                    
00000419  Clock_Init48MHz               
0000052f  Clock_GetFreq                 
00000535  delay                         
00000543  Clock_Delay1us                
0000056d  Clock_Delay1ms                
000005f9  Motor_Init                    
0000066b  Motor_Stop                    
00000685  Motor_Forward                 
000006cd  Motor_Right                   
0000071f  Motor_Left                    
00000771  Motor_Backward                
000007d9  PWM_Init12                    
0000085d  PWM_Duty1                     
0000087d  PWM_Duty2                     
0000089d  PWM_Init34                    
00000921  PWM_Duty3                     
00000941  PWM_Duty4                     
00000999  main                          
00000b2d  Reflectance_Init              
00000b7f  Reflectance_Read              
00000be3  Reflectance_Center            
00000c31  MvtLED_Init                   
00000c6f  Front_Lights_ON               
00000c85  Front_Lights_OFF              
00000c9b  Back_Lights_ON                
00000ca7  Back_Lights_OFF               
00000cd5  __aeabi_memcpy                
00000cd5  __aeabi_memcpy4               
00000cd5  __aeabi_memcpy8               
00000cd5  memcpy                        
00000d71  __TI_decompress_lzss          
00000dd9  __TI_auto_init_nobinit_nopinit
00000e1d  _c_int00_noargs               
00000e51  __TI_zero_init_nomemset       
00000e6d  __TI_decompress_none          
00000e7b  Reset_Handler                 
00000e87  ADC14_IRQHandler              
00000e87  AES256_IRQHandler             
00000e87  BusFault_Handler              
00000e87  COMP_E0_IRQHandler            
00000e87  COMP_E1_IRQHandler            
00000e87  CS_IRQHandler                 
00000e87  DMA_ERR_IRQHandler            
00000e87  DMA_INT0_IRQHandler           
00000e87  DMA_INT1_IRQHandler           
00000e87  DMA_INT2_IRQHandler           
00000e87  DMA_INT3_IRQHandler           
00000e87  DebugMon_Handler              
00000e87  Default_Handler               
00000e87  EUSCIA0_IRQHandler            
00000e87  EUSCIA1_IRQHandler            
00000e87  EUSCIA2_IRQHandler            
00000e87  EUSCIA3_IRQHandler            
00000e87  EUSCIB0_IRQHandler            
00000e87  EUSCIB1_IRQHandler            
00000e87  EUSCIB2_IRQHandler            
00000e87  EUSCIB3_IRQHandler            
00000e87  FLCTL_IRQHandler              
00000e87  FPU_IRQHandler                
00000e87  HardFault_Handler             
00000e87  MemManage_Handler             
00000e87  NMI_Handler                   
00000e87  PCM_IRQHandler                
00000e87  PORT1_IRQHandler              
00000e87  PORT2_IRQHandler              
00000e87  PORT3_IRQHandler              
00000e87  PORT4_IRQHandler              
00000e87  PORT5_IRQHandler              
00000e87  PORT6_IRQHandler              
00000e87  PSS_IRQHandler                
00000e87  PendSV_Handler                
00000e87  RTC_C_IRQHandler              
00000e87  SVC_Handler                   
00000e87  SysTick_Handler               
00000e87  T32_INT1_IRQHandler           
00000e87  T32_INT2_IRQHandler           
00000e87  T32_INTC_IRQHandler           
00000e87  TA0_0_IRQHandler              
00000e87  TA0_N_IRQHandler              
00000e87  TA1_0_IRQHandler              
00000e87  TA1_N_IRQHandler              
00000e87  TA2_0_IRQHandler              
00000e87  TA2_N_IRQHandler              
00000e87  TA3_0_IRQHandler              
00000e87  TA3_N_IRQHandler              
00000e87  UsageFault_Handler            
00000e87  WDT_A_IRQHandler              
00000e89  _system_pre_init              
00000e8d  C$$EXIT                       
00000e8d  abort                         
00000e90  fsm                           
00000f30  __TI_Handler_Table_Base       
00000f3c  __TI_Handler_Table_Limit      
00000f48  __TI_CINIT_Base               
00000f58  __TI_CINIT_Limit              
20000000  ClockFrequency                
20000000  __start___llvm_prf_cnts       
20000000  __stop___llvm_prf_cnts        
20000004  Prewait                       
20000008  CPMwait                       
2000000c  Postwait                      
20000010  IFlags                        
20000014  Crystalstable                 
20000018  SystemCoreClock               
2000001c  Spt                           
2000fe00  __stack                       
20010000  __STACK_END                   
4000480c  WDTCTL_SYM                    
ffffffff  __TI_pprof_out_hndl           
ffffffff  __TI_prof_data_size           
ffffffff  __TI_prof_data_start          
ffffffff  __binit__                     
ffffffff  __c_args__                    
ffffffff  binit                         
UNDEFED   __mpu_init                    
UNDEFED   _system_post_cinit            

[121 symbols]
