******************************************************************************
                  TI ARM Linker PC v20.2.7                     
******************************************************************************
>> Linked Tue Mar  5 10:21:47 2024

OUTPUT FILE NAME:   <Lab02_B.out>
ENTRY POINT SYMBOL: "_c_int00_noargs"  address: 0000085d


MEMORY CONFIGURATION

         name            origin    length      used     unused   attr    fill
----------------------  --------  ---------  --------  --------  ----  --------
  MAIN                  00000000   00040000  000008d4  0003f72c  R  X
  INFO                  00200000   00004000  00000000  00004000  R  X
  SRAM_CODE             01000000   00010000  0000021c  0000fde4  RW X
  SRAM_DATA             20000000   00010000  0000021c  0000fde4  RW  


SEGMENT ALLOCATION MAP

run origin  load origin   length   init length attrs members
----------  ----------- ---------- ----------- ----- -------
00000000    00000000    000008d8   000008d8    r-x
  00000000    00000000    000000e4   000000e4    r-- .intvecs
  000000e4    000000e4    000007d0   000007d0    r-x .text
  000008b8    000008b8    00000020   00000020    r-- .cinit
20000000    20000000    0000001c   00000000    rw-
  20000000    20000000    0000001c   00000000    rw- .data
2000fe00    2000fe00    00000200   00000000    rw-
  2000fe00    2000fe00    00000200   00000000    rw- .stack


SECTION ALLOCATION MAP

 output                                  attributes/
section   page    origin      length       input sections
--------  ----  ----------  ----------   ----------------
.intvecs   0    00000000    000000e4     
                  00000000    000000e4     startup_msp432p401r_ccs.obj (.intvecs:retain)

.text      0    000000e4    000007d0     
                  000000e4    00000334     system_msp432p401r.obj (.text)
                  00000418    000001e0     Clock.obj (.text)
                  000005f8    000000a4     RobotLights.obj (.text)
                  0000069c    0000009c     rtsv7M4_T_le_v4SPD16_eabi.lib : memcpy_t2.asm.obj (.text)
                  00000738    00000078     main.obj (.text)
                  000007b0    00000068     rtsv7M4_T_le_v4SPD16_eabi.lib : copy_decompress_lzss.c.obj (.text:decompress:lzss:__TI_decompress_lzss)
                  00000818    00000044                                   : autoinit.c.obj (.text:__TI_auto_init_nobinit_nopinit:__TI_auto_init_nobinit_nopinit)
                  0000085c    00000034                                   : boot_cortex_m.c.obj (.text:_c_int00_noargs:_c_int00_noargs)
                  00000890    0000000e                                   : copy_decompress_none.c.obj (.text:decompress:none:__TI_decompress_none)
                  0000089e    0000000e     startup_msp432p401r_ccs.obj (.text)
                  000008ac    00000004     rtsv7M4_T_le_v4SPD16_eabi.lib : pre_init.c.obj (.text:_system_pre_init)
                  000008b0    00000004                                   : exit.c.obj (.text:abort:abort)

.cinit     0    000008b8    00000020     
                  000008b8    0000000d     (.cinit..data.load) [load image, compression = lzss]
                  000008c5    00000003     --HOLE-- [fill = 0]
                  000008c8    00000008     (__TI_handler_table)
                  000008d0    00000008     (__TI_cinit_table)

.init_array 
*          0    00000000    00000000     UNINITIALIZED

.binit     0    00000000    00000000     

.data      0    20000000    0000001c     UNINITIALIZED
                  20000000    00000018     Clock.obj (.data)
                  20000018    00000004     system_msp432p401r.obj (.data)

.stack     0    2000fe00    00000200     UNINITIALIZED
                  2000fe00    00000004     rtsv7M4_T_le_v4SPD16_eabi.lib : boot_cortex_m.c.obj (.stack)
                  2000fe04    000001fc     --HOLE--

__llvm_prf_cnts 
*          0    20000000    00000000     UNINITIALIZED

MODULE SUMMARY

       Module                        code   ro data   rw data
       ------                        ----   -------   -------
    .\
       system_msp432p401r.obj        820    0         8      
       Clock.obj                     480    0         48     
       startup_msp432p401r_ccs.obj   14     228       0      
       RobotLights.obj               164    0         0      
       main.obj                      120    0         0      
    +--+-----------------------------+------+---------+---------+
       Total:                        1598   228       56     
                                                             
    C:\ti\ccs1260\ccs\tools\compiler\ti-cgt-arm_20.2.7.LTS\lib\rtsv7M4_T_le_v4SPD16_eabi.lib
       memcpy_t2.asm.obj             156    0         0      
       copy_decompress_lzss.c.obj    104    0         0      
       autoinit.c.obj                68     0         0      
       boot_cortex_m.c.obj           52     0         0      
       copy_decompress_none.c.obj    14     0         0      
       exit.c.obj                    4      0         0      
       pre_init.c.obj                4      0         0      
    +--+-----------------------------+------+---------+---------+
       Total:                        402    0         0      
                                                             
       Stack:                        0      0         1024   
       Linker Generated:             0      29        0      
    +--+-----------------------------+------+---------+---------+
       Grand Total:                  2000   257       1080   


LINKER GENERATED COPY TABLES

__TI_cinit_table @ 000008d0 records: 1, size/record: 8, table size: 8
	.data: load addr=000008b8, load size=0000000d bytes, run addr=20000000, run size=0000001c bytes, compression=lzss


LINKER GENERATED HANDLER TABLE

__TI_handler_table @ 000008c8 records: 2, size/record: 4, table size: 8
	index: 0, handler: __TI_decompress_lzss
	index: 1, handler: __TI_decompress_none


GLOBAL SYMBOLS: SORTED ALPHABETICALLY BY Name 

address   name                          
-------   ----                          
000008ab  ADC14_IRQHandler              
000008ab  AES256_IRQHandler             
0000066f  Back_Lights_OFF               
00000663  Back_Lights_ON                
000008ab  BusFault_Handler              
000008b1  C$$EXIT                       
000008ab  COMP_E0_IRQHandler            
000008ab  COMP_E1_IRQHandler            
20000008  CPMwait                       
000008ab  CS_IRQHandler                 
20000000  ClockFrequency                
0000056d  Clock_Delay1ms                
00000543  Clock_Delay1us                
0000052f  Clock_GetFreq                 
00000419  Clock_Init48MHz               
20000014  Crystalstable                 
000008ab  DMA_ERR_IRQHandler            
000008ab  DMA_INT0_IRQHandler           
000008ab  DMA_INT1_IRQHandler           
000008ab  DMA_INT2_IRQHandler           
000008ab  DMA_INT3_IRQHandler           
000008ab  DebugMon_Handler              
000008ab  Default_Handler               
000008ab  EUSCIA0_IRQHandler            
000008ab  EUSCIA1_IRQHandler            
000008ab  EUSCIA2_IRQHandler            
000008ab  EUSCIA3_IRQHandler            
000008ab  EUSCIB0_IRQHandler            
000008ab  EUSCIB1_IRQHandler            
000008ab  EUSCIB2_IRQHandler            
000008ab  EUSCIB3_IRQHandler            
000008ab  FLCTL_IRQHandler              
000008ab  FPU_IRQHandler                
0000064d  Front_Lights_OFF              
00000637  Front_Lights_ON               
000008ab  HardFault_Handler             
20000010  IFlags                        
000008ab  MemManage_Handler             
000005f9  MvtLED_Init                   
000008ab  NMI_Handler                   
000008ab  PCM_IRQHandler                
000008ab  PORT1_IRQHandler              
000008ab  PORT2_IRQHandler              
000008ab  PORT3_IRQHandler              
000008ab  PORT4_IRQHandler              
000008ab  PORT5_IRQHandler              
000008ab  PORT6_IRQHandler              
000008ab  PSS_IRQHandler                
000008ab  PendSV_Handler                
2000000c  Postwait                      
20000004  Prewait                       
000008ab  RTC_C_IRQHandler              
0000089f  Reset_Handler                 
000008ab  SVC_Handler                   
000008ab  SysTick_Handler               
20000018  SystemCoreClock               
000000e5  SystemCoreClockUpdate         
0000035d  SystemInit                    
000008ab  T32_INT1_IRQHandler           
000008ab  T32_INT2_IRQHandler           
000008ab  T32_INTC_IRQHandler           
000008ab  TA0_0_IRQHandler              
000008ab  TA0_N_IRQHandler              
000008ab  TA1_0_IRQHandler              
000008ab  TA1_N_IRQHandler              
000008ab  TA2_0_IRQHandler              
000008ab  TA2_N_IRQHandler              
000008ab  TA3_0_IRQHandler              
000008ab  TA3_N_IRQHandler              
000008ab  UsageFault_Handler            
4000480c  WDTCTL_SYM                    
000008ab  WDT_A_IRQHandler              
20010000  __STACK_END                   
00000200  __STACK_SIZE                  
000008d0  __TI_CINIT_Base               
000008d8  __TI_CINIT_Limit              
000008c8  __TI_Handler_Table_Base       
000008d0  __TI_Handler_Table_Limit      
00000819  __TI_auto_init_nobinit_nopinit
000007b1  __TI_decompress_lzss          
00000891  __TI_decompress_none          
ffffffff  __TI_pprof_out_hndl           
ffffffff  __TI_prof_data_size           
ffffffff  __TI_prof_data_start          
00000000  __TI_static_base__            
0000069d  __aeabi_memcpy                
0000069d  __aeabi_memcpy4               
0000069d  __aeabi_memcpy8               
ffffffff  __binit__                     
ffffffff  __c_args__                    
UNDEFED   __mpu_init                    
2000fe00  __stack                       
20000000  __start___llvm_prf_cnts       
20000000  __stop___llvm_prf_cnts        
0000085d  _c_int00_noargs               
UNDEFED   _system_post_cinit            
000008ad  _system_pre_init              
000008b1  abort                         
ffffffff  binit                         
00000535  delay                         
00000000  interruptVectors              
00000739  main                          
0000069d  memcpy                        


GLOBAL SYMBOLS: SORTED BY Symbol Address 

address   name                          
-------   ----                          
00000000  __TI_static_base__            
00000000  interruptVectors              
000000e5  SystemCoreClockUpdate         
00000200  __STACK_SIZE                  
0000035d  SystemInit                    
00000419  Clock_Init48MHz               
0000052f  Clock_GetFreq                 
00000535  delay                         
00000543  Clock_Delay1us                
0000056d  Clock_Delay1ms                
000005f9  MvtLED_Init                   
00000637  Front_Lights_ON               
0000064d  Front_Lights_OFF              
00000663  Back_Lights_ON                
0000066f  Back_Lights_OFF               
0000069d  __aeabi_memcpy                
0000069d  __aeabi_memcpy4               
0000069d  __aeabi_memcpy8               
0000069d  memcpy                        
00000739  main                          
000007b1  __TI_decompress_lzss          
00000819  __TI_auto_init_nobinit_nopinit
0000085d  _c_int00_noargs               
00000891  __TI_decompress_none          
0000089f  Reset_Handler                 
000008ab  ADC14_IRQHandler              
000008ab  AES256_IRQHandler             
000008ab  BusFault_Handler              
000008ab  COMP_E0_IRQHandler            
000008ab  COMP_E1_IRQHandler            
000008ab  CS_IRQHandler                 
000008ab  DMA_ERR_IRQHandler            
000008ab  DMA_INT0_IRQHandler           
000008ab  DMA_INT1_IRQHandler           
000008ab  DMA_INT2_IRQHandler           
000008ab  DMA_INT3_IRQHandler           
000008ab  DebugMon_Handler              
000008ab  Default_Handler               
000008ab  EUSCIA0_IRQHandler            
000008ab  EUSCIA1_IRQHandler            
000008ab  EUSCIA2_IRQHandler            
000008ab  EUSCIA3_IRQHandler            
000008ab  EUSCIB0_IRQHandler            
000008ab  EUSCIB1_IRQHandler            
000008ab  EUSCIB2_IRQHandler            
000008ab  EUSCIB3_IRQHandler            
000008ab  FLCTL_IRQHandler              
000008ab  FPU_IRQHandler                
000008ab  HardFault_Handler             
000008ab  MemManage_Handler             
000008ab  NMI_Handler                   
000008ab  PCM_IRQHandler                
000008ab  PORT1_IRQHandler              
000008ab  PORT2_IRQHandler              
000008ab  PORT3_IRQHandler              
000008ab  PORT4_IRQHandler              
000008ab  PORT5_IRQHandler              
000008ab  PORT6_IRQHandler              
000008ab  PSS_IRQHandler                
000008ab  PendSV_Handler                
000008ab  RTC_C_IRQHandler              
000008ab  SVC_Handler                   
000008ab  SysTick_Handler               
000008ab  T32_INT1_IRQHandler           
000008ab  T32_INT2_IRQHandler           
000008ab  T32_INTC_IRQHandler           
000008ab  TA0_0_IRQHandler              
000008ab  TA0_N_IRQHandler              
000008ab  TA1_0_IRQHandler              
000008ab  TA1_N_IRQHandler              
000008ab  TA2_0_IRQHandler              
000008ab  TA2_N_IRQHandler              
000008ab  TA3_0_IRQHandler              
000008ab  TA3_N_IRQHandler              
000008ab  UsageFault_Handler            
000008ab  WDT_A_IRQHandler              
000008ad  _system_pre_init              
000008b1  C$$EXIT                       
000008b1  abort                         
000008c8  __TI_Handler_Table_Base       
000008d0  __TI_CINIT_Base               
000008d0  __TI_Handler_Table_Limit      
000008d8  __TI_CINIT_Limit              
20000000  ClockFrequency                
20000000  __start___llvm_prf_cnts       
20000000  __stop___llvm_prf_cnts        
20000004  Prewait                       
20000008  CPMwait                       
2000000c  Postwait                      
20000010  IFlags                        
20000014  Crystalstable                 
20000018  SystemCoreClock               
2000fe00  __stack                       
20010000  __STACK_END                   
4000480c  WDTCTL_SYM                    
ffffffff  __TI_pprof_out_hndl           
ffffffff  __TI_prof_data_size           
ffffffff  __TI_prof_data_start          
ffffffff  __binit__                     
ffffffff  __c_args__                    
ffffffff  binit                         
UNDEFED   __mpu_init                    
UNDEFED   _system_post_cinit            

[103 symbols]
