<?xml version="1.0" encoding="ISO-8859-1" ?>
<link_info>
   <banner>TI ARM Linker PC v20.2.7.LTS</banner>
   <copyright>Copyright (c) 1996-2018 Texas Instruments Incorporated</copyright>
   <link_time>0x663a98c0</link_time>
   <link_errors>0x0</link_errors>
   <output_file>Lab10.out</output_file>
   <entry_point>
      <name>_c_int00_noargs</name>
      <address>0x48f9</address>
   </entry_point>
   <input_file_list>
      <input_file id="fl-2">
         <path>.\</path>
         <kind>object</kind>
         <file>ADC14.obj</file>
         <name>ADC14.obj</name>
      </input_file>
      <input_file id="fl-3">
         <path>.\</path>
         <kind>object</kind>
         <file>Clock.obj</file>
         <name>Clock.obj</name>
      </input_file>
      <input_file id="fl-4">
         <path>.\</path>
         <kind>object</kind>
         <file>Distance.obj</file>
         <name>Distance.obj</name>
      </input_file>
      <input_file id="fl-5">
         <path>.\</path>
         <kind>object</kind>
         <file>Motor.obj</file>
         <name>Motor.obj</name>
      </input_file>
      <input_file id="fl-6">
         <path>.\</path>
         <kind>object</kind>
         <file>Odometry.obj</file>
         <name>Odometry.obj</name>
      </input_file>
      <input_file id="fl-7">
         <path>.\</path>
         <kind>object</kind>
         <file>PWM.obj</file>
         <name>PWM.obj</name>
      </input_file>
      <input_file id="fl-8">
         <path>.\</path>
         <kind>object</kind>
         <file>Precision_Moves.obj</file>
         <name>Precision_Moves.obj</name>
      </input_file>
      <input_file id="fl-9">
         <path>.\</path>
         <kind>object</kind>
         <file>RobotLights.obj</file>
         <name>RobotLights.obj</name>
      </input_file>
      <input_file id="fl-a">
         <path>.\</path>
         <kind>object</kind>
         <file>TA3InputCapture.obj</file>
         <name>TA3InputCapture.obj</name>
      </input_file>
      <input_file id="fl-b">
         <path>.\</path>
         <kind>object</kind>
         <file>Tachometer.obj</file>
         <name>Tachometer.obj</name>
      </input_file>
      <input_file id="fl-c">
         <path>.\</path>
         <kind>object</kind>
         <file>main.obj</file>
         <name>main.obj</name>
      </input_file>
      <input_file id="fl-d">
         <path>.\</path>
         <kind>object</kind>
         <file>startup_msp432p401r_ccs.obj</file>
         <name>startup_msp432p401r_ccs.obj</name>
      </input_file>
      <input_file id="fl-e">
         <path>.\</path>
         <kind>object</kind>
         <file>system_msp432p401r.obj</file>
         <name>system_msp432p401r.obj</name>
      </input_file>
      <input_file id="fl-12">
         <kind>object</kind>
         <file>&lt;internal&gt;</file>
         <name>&lt;internal&gt;</name>
      </input_file>
      <input_file id="fl-c8">
         <path>C:\ti\ccs1270\ccs\tools\compiler\ti-cgt-arm_20.2.7.LTS\lib\</path>
         <kind>archive</kind>
         <file>rtsv7M4_T_le_v4SPD16_eabi.lib</file>
         <name>e_atan2.c.obj</name>
      </input_file>
      <input_file id="fl-c9">
         <path>C:\ti\ccs1270\ccs\tools\compiler\ti-cgt-arm_20.2.7.LTS\lib\</path>
         <kind>archive</kind>
         <file>rtsv7M4_T_le_v4SPD16_eabi.lib</file>
         <name>e_pow.c.obj</name>
      </input_file>
      <input_file id="fl-ca">
         <path>C:\ti\ccs1270\ccs\tools\compiler\ti-cgt-arm_20.2.7.LTS\lib\</path>
         <kind>archive</kind>
         <file>rtsv7M4_T_le_v4SPD16_eabi.lib</file>
         <name>e_sqrt.c.obj</name>
      </input_file>
      <input_file id="fl-cb">
         <path>C:\ti\ccs1270\ccs\tools\compiler\ti-cgt-arm_20.2.7.LTS\lib\</path>
         <kind>archive</kind>
         <file>rtsv7M4_T_le_v4SPD16_eabi.lib</file>
         <name>s_atan.c.obj</name>
      </input_file>
      <input_file id="fl-cc">
         <path>C:\ti\ccs1270\ccs\tools\compiler\ti-cgt-arm_20.2.7.LTS\lib\</path>
         <kind>archive</kind>
         <file>rtsv7M4_T_le_v4SPD16_eabi.lib</file>
         <name>s_cos.c.obj</name>
      </input_file>
      <input_file id="fl-cd">
         <path>C:\ti\ccs1270\ccs\tools\compiler\ti-cgt-arm_20.2.7.LTS\lib\</path>
         <kind>archive</kind>
         <file>rtsv7M4_T_le_v4SPD16_eabi.lib</file>
         <name>s_scalbn.c.obj</name>
      </input_file>
      <input_file id="fl-ce">
         <path>C:\ti\ccs1270\ccs\tools\compiler\ti-cgt-arm_20.2.7.LTS\lib\</path>
         <kind>archive</kind>
         <file>rtsv7M4_T_le_v4SPD16_eabi.lib</file>
         <name>s_sin.c.obj</name>
      </input_file>
      <input_file id="fl-cf">
         <path>C:\ti\ccs1270\ccs\tools\compiler\ti-cgt-arm_20.2.7.LTS\lib\</path>
         <kind>archive</kind>
         <file>rtsv7M4_T_le_v4SPD16_eabi.lib</file>
         <name>fd_add_t2.asm.obj</name>
      </input_file>
      <input_file id="fl-d0">
         <path>C:\ti\ccs1270\ccs\tools\compiler\ti-cgt-arm_20.2.7.LTS\lib\</path>
         <kind>archive</kind>
         <file>rtsv7M4_T_le_v4SPD16_eabi.lib</file>
         <name>fd_cmp_t2.asm.obj</name>
      </input_file>
      <input_file id="fl-d1">
         <path>C:\ti\ccs1270\ccs\tools\compiler\ti-cgt-arm_20.2.7.LTS\lib\</path>
         <kind>archive</kind>
         <file>rtsv7M4_T_le_v4SPD16_eabi.lib</file>
         <name>fd_div_t2.asm.obj</name>
      </input_file>
      <input_file id="fl-d2">
         <path>C:\ti\ccs1270\ccs\tools\compiler\ti-cgt-arm_20.2.7.LTS\lib\</path>
         <kind>archive</kind>
         <file>rtsv7M4_T_le_v4SPD16_eabi.lib</file>
         <name>fd_mul_t2.asm.obj</name>
      </input_file>
      <input_file id="fl-d3">
         <path>C:\ti\ccs1270\ccs\tools\compiler\ti-cgt-arm_20.2.7.LTS\lib\</path>
         <kind>archive</kind>
         <file>rtsv7M4_T_le_v4SPD16_eabi.lib</file>
         <name>fd_toi_t2.asm.obj</name>
      </input_file>
      <input_file id="fl-d4">
         <path>C:\ti\ccs1270\ccs\tools\compiler\ti-cgt-arm_20.2.7.LTS\lib\</path>
         <kind>archive</kind>
         <file>rtsv7M4_T_le_v4SPD16_eabi.lib</file>
         <name>fd_tou_t2.asm.obj</name>
      </input_file>
      <input_file id="fl-d5">
         <path>C:\ti\ccs1270\ccs\tools\compiler\ti-cgt-arm_20.2.7.LTS\lib\</path>
         <kind>archive</kind>
         <file>rtsv7M4_T_le_v4SPD16_eabi.lib</file>
         <name>fs_tod_t2.asm.obj</name>
      </input_file>
      <input_file id="fl-d6">
         <path>C:\ti\ccs1270\ccs\tools\compiler\ti-cgt-arm_20.2.7.LTS\lib\</path>
         <kind>archive</kind>
         <file>rtsv7M4_T_le_v4SPD16_eabi.lib</file>
         <name>i_tofd_t2.asm.obj</name>
      </input_file>
      <input_file id="fl-d7">
         <path>C:\ti\ccs1270\ccs\tools\compiler\ti-cgt-arm_20.2.7.LTS\lib\</path>
         <kind>archive</kind>
         <file>rtsv7M4_T_le_v4SPD16_eabi.lib</file>
         <name>u_tofd_t2.asm.obj</name>
      </input_file>
      <input_file id="fl-d8">
         <path>C:\ti\ccs1270\ccs\tools\compiler\ti-cgt-arm_20.2.7.LTS\lib\</path>
         <kind>archive</kind>
         <file>rtsv7M4_T_le_v4SPD16_eabi.lib</file>
         <name>copy_zero_init.c.obj</name>
      </input_file>
      <input_file id="fl-d9">
         <path>C:\ti\ccs1270\ccs\tools\compiler\ti-cgt-arm_20.2.7.LTS\lib\</path>
         <kind>archive</kind>
         <file>rtsv7M4_T_le_v4SPD16_eabi.lib</file>
         <name>copy_decompress_none.c.obj</name>
      </input_file>
      <input_file id="fl-da">
         <path>C:\ti\ccs1270\ccs\tools\compiler\ti-cgt-arm_20.2.7.LTS\lib\</path>
         <kind>archive</kind>
         <file>rtsv7M4_T_le_v4SPD16_eabi.lib</file>
         <name>copy_decompress_lzss.c.obj</name>
      </input_file>
      <input_file id="fl-db">
         <path>C:\ti\ccs1270\ccs\tools\compiler\ti-cgt-arm_20.2.7.LTS\lib\</path>
         <kind>archive</kind>
         <file>rtsv7M4_T_le_v4SPD16_eabi.lib</file>
         <name>k_rem_pio2.c.obj</name>
      </input_file>
      <input_file id="fl-dc">
         <path>C:\ti\ccs1270\ccs\tools\compiler\ti-cgt-arm_20.2.7.LTS\lib\</path>
         <kind>archive</kind>
         <file>rtsv7M4_T_le_v4SPD16_eabi.lib</file>
         <name>boot_cortex_m.c.obj</name>
      </input_file>
      <input_file id="fl-dd">
         <path>C:\ti\ccs1270\ccs\tools\compiler\ti-cgt-arm_20.2.7.LTS\lib\</path>
         <kind>archive</kind>
         <file>rtsv7M4_T_le_v4SPD16_eabi.lib</file>
         <name>errno.c.obj</name>
      </input_file>
      <input_file id="fl-de">
         <path>C:\ti\ccs1270\ccs\tools\compiler\ti-cgt-arm_20.2.7.LTS\lib\</path>
         <kind>archive</kind>
         <file>rtsv7M4_T_le_v4SPD16_eabi.lib</file>
         <name>s_copysign.c.obj</name>
      </input_file>
      <input_file id="fl-df">
         <path>C:\ti\ccs1270\ccs\tools\compiler\ti-cgt-arm_20.2.7.LTS\lib\</path>
         <kind>archive</kind>
         <file>rtsv7M4_T_le_v4SPD16_eabi.lib</file>
         <name>k_cos.c.obj</name>
      </input_file>
      <input_file id="fl-e0">
         <path>C:\ti\ccs1270\ccs\tools\compiler\ti-cgt-arm_20.2.7.LTS\lib\</path>
         <kind>archive</kind>
         <file>rtsv7M4_T_le_v4SPD16_eabi.lib</file>
         <name>k_sin.c.obj</name>
      </input_file>
      <input_file id="fl-e1">
         <path>C:\ti\ccs1270\ccs\tools\compiler\ti-cgt-arm_20.2.7.LTS\lib\</path>
         <kind>archive</kind>
         <file>rtsv7M4_T_le_v4SPD16_eabi.lib</file>
         <name>s_floor.c.obj</name>
      </input_file>
      <input_file id="fl-e2">
         <path>C:\ti\ccs1270\ccs\tools\compiler\ti-cgt-arm_20.2.7.LTS\lib\</path>
         <kind>archive</kind>
         <file>rtsv7M4_T_le_v4SPD16_eabi.lib</file>
         <name>memcpy_t2.asm.obj</name>
      </input_file>
      <input_file id="fl-e3">
         <path>C:\ti\ccs1270\ccs\tools\compiler\ti-cgt-arm_20.2.7.LTS\lib\</path>
         <kind>archive</kind>
         <file>rtsv7M4_T_le_v4SPD16_eabi.lib</file>
         <name>memset_t2.asm.obj</name>
      </input_file>
      <input_file id="fl-e4">
         <path>C:\ti\ccs1270\ccs\tools\compiler\ti-cgt-arm_20.2.7.LTS\lib\</path>
         <kind>archive</kind>
         <file>rtsv7M4_T_le_v4SPD16_eabi.lib</file>
         <name>autoinit.c.obj</name>
      </input_file>
      <input_file id="fl-e5">
         <path>C:\ti\ccs1270\ccs\tools\compiler\ti-cgt-arm_20.2.7.LTS\lib\</path>
         <kind>archive</kind>
         <file>rtsv7M4_T_le_v4SPD16_eabi.lib</file>
         <name>pre_init.c.obj</name>
      </input_file>
      <input_file id="fl-e6">
         <path>C:\ti\ccs1270\ccs\tools\compiler\ti-cgt-arm_20.2.7.LTS\lib\</path>
         <kind>archive</kind>
         <file>rtsv7M4_T_le_v4SPD16_eabi.lib</file>
         <name>cpy_tbl.c.obj</name>
      </input_file>
      <input_file id="fl-e7">
         <path>C:\ti\ccs1270\ccs\tools\compiler\ti-cgt-arm_20.2.7.LTS\lib\</path>
         <kind>archive</kind>
         <file>rtsv7M4_T_le_v4SPD16_eabi.lib</file>
         <name>exit.c.obj</name>
      </input_file>
      <input_file id="fl-e8">
         <path>C:\ti\ccs1270\ccs\tools\compiler\ti-cgt-arm_20.2.7.LTS\lib\</path>
         <kind>archive</kind>
         <file>rtsv7M4_T_le_v4SPD16_eabi.lib</file>
         <name>_lock.c.obj</name>
      </input_file>
      <input_file id="fl-e9">
         <path>C:\ti\ccs1270\ccs\tools\compiler\ti-cgt-arm_20.2.7.LTS\lib\</path>
         <kind>archive</kind>
         <file>rtsv7M4_T_le_v4SPD16_eabi.lib</file>
         <name>args_main.c.obj</name>
      </input_file>
   </input_file_list>
   <object_component_list>
      <object_component id="oc-26">
         <name>.intvecs:retain</name>
         <load_address>0x0</load_address>
         <run_address>0x0</run_address>
         <size>0xe4</size>
         <input_file_ref idref="fl-d"/>
      </object_component>
      <object_component id="oc-21c">
         <name>.text:pow</name>
         <load_address>0xe4</load_address>
         <run_address>0xe4</run_address>
         <size>0x9d0</size>
         <input_file_ref idref="fl-c9"/>
      </object_component>
      <object_component id="oc-20b">
         <name>.text:__kernel_rem_pio2</name>
         <load_address>0xab4</load_address>
         <run_address>0xab4</run_address>
         <size>0x738</size>
         <input_file_ref idref="fl-db"/>
      </object_component>
      <object_component id="oc-ec">
         <name>.text</name>
         <load_address>0x11ec</load_address>
         <run_address>0x11ec</run_address>
         <size>0x5f4</size>
         <input_file_ref idref="fl-6"/>
      </object_component>
      <object_component id="oc-19f">
         <name>.text:sin</name>
         <load_address>0x17e0</load_address>
         <run_address>0x17e0</run_address>
         <size>0x5e0</size>
         <input_file_ref idref="fl-ce"/>
      </object_component>
      <object_component id="oc-194">
         <name>.text:cos</name>
         <load_address>0x1dc0</load_address>
         <run_address>0x1dc0</run_address>
         <size>0x5dc</size>
         <input_file_ref idref="fl-cc"/>
      </object_component>
      <object_component id="oc-184">
         <name>.text</name>
         <load_address>0x239c</load_address>
         <run_address>0x239c</run_address>
         <size>0x478</size>
         <input_file_ref idref="fl-8"/>
      </object_component>
      <object_component id="oc-ab">
         <name>.text</name>
         <load_address>0x2814</load_address>
         <run_address>0x2814</run_address>
         <size>0x334</size>
         <input_file_ref idref="fl-e"/>
      </object_component>
      <object_component id="oc-22e">
         <name>.text:atan</name>
         <load_address>0x2b48</load_address>
         <run_address>0x2b48</run_address>
         <size>0x2ec</size>
         <input_file_ref idref="fl-cb"/>
      </object_component>
      <object_component id="oc-1ab">
         <name>.text:atan2</name>
         <load_address>0x2e34</load_address>
         <run_address>0x2e34</run_address>
         <size>0x1e4</size>
         <input_file_ref idref="fl-c8"/>
      </object_component>
      <object_component id="oc-ce">
         <name>.text</name>
         <load_address>0x3018</load_address>
         <run_address>0x3018</run_address>
         <size>0x1e0</size>
         <input_file_ref idref="fl-3"/>
      </object_component>
      <object_component id="oc-da">
         <name>.text</name>
         <load_address>0x31f8</load_address>
         <run_address>0x31f8</run_address>
         <size>0x1e0</size>
         <input_file_ref idref="fl-5"/>
      </object_component>
      <object_component id="oc-162">
         <name>.text</name>
         <load_address>0x33d8</load_address>
         <run_address>0x33d8</run_address>
         <size>0x1c0</size>
         <input_file_ref idref="fl-7"/>
      </object_component>
      <object_component id="oc-1ea">
         <name>.text</name>
         <load_address>0x3598</load_address>
         <run_address>0x3598</run_address>
         <size>0x1b6</size>
         <input_file_ref idref="fl-cf"/>
      </object_component>
      <object_component id="oc-1a5">
         <name>.text</name>
         <load_address>0x3750</load_address>
         <run_address>0x3750</run_address>
         <size>0x198</size>
         <input_file_ref idref="fl-4"/>
      </object_component>
      <object_component id="oc-211">
         <name>.text:__kernel_sin</name>
         <load_address>0x38e8</load_address>
         <run_address>0x38e8</run_address>
         <size>0x174</size>
         <input_file_ref idref="fl-e0"/>
      </object_component>
      <object_component id="oc-200">
         <name>.text:__kernel_cos</name>
         <load_address>0x3a5c</load_address>
         <run_address>0x3a5c</run_address>
         <size>0x170</size>
         <input_file_ref idref="fl-df"/>
      </object_component>
      <object_component id="oc-179">
         <name>.text:sqrt</name>
         <load_address>0x3bcc</load_address>
         <run_address>0x3bcc</run_address>
         <size>0x158</size>
         <input_file_ref idref="fl-ca"/>
      </object_component>
      <object_component id="oc-e0">
         <name>.text</name>
         <load_address>0x3d24</load_address>
         <run_address>0x3d24</run_address>
         <size>0x150</size>
         <input_file_ref idref="fl-b"/>
      </object_component>
      <object_component id="oc-18f">
         <name>.text</name>
         <load_address>0x3e74</load_address>
         <run_address>0x3e74</run_address>
         <size>0x136</size>
         <input_file_ref idref="fl-d1"/>
      </object_component>
      <object_component id="oc-269">
         <name>.text:scalbn</name>
         <load_address>0x3fac</load_address>
         <run_address>0x3fac</run_address>
         <size>0x110</size>
         <input_file_ref idref="fl-cd"/>
      </object_component>
      <object_component id="oc-19a">
         <name>.text</name>
         <load_address>0x40bc</load_address>
         <run_address>0x40bc</run_address>
         <size>0xfc</size>
         <input_file_ref idref="fl-d2"/>
      </object_component>
      <object_component id="oc-26f">
         <name>.text:floor</name>
         <load_address>0x41b8</load_address>
         <run_address>0x41b8</run_address>
         <size>0xf8</size>
         <input_file_ref idref="fl-e1"/>
      </object_component>
      <object_component id="oc-6d">
         <name>.text</name>
         <load_address>0x42b0</load_address>
         <run_address>0x42b0</run_address>
         <size>0xf4</size>
         <input_file_ref idref="fl-a"/>
      </object_component>
      <object_component id="oc-d4">
         <name>.text</name>
         <load_address>0x43a4</load_address>
         <run_address>0x43a4</run_address>
         <size>0xf0</size>
         <input_file_ref idref="fl-2"/>
      </object_component>
      <object_component id="oc-99">
         <name>.text</name>
         <load_address>0x4494</load_address>
         <run_address>0x4494</run_address>
         <size>0xa8</size>
         <input_file_ref idref="fl-c"/>
      </object_component>
      <object_component id="oc-e6">
         <name>.text</name>
         <load_address>0x453c</load_address>
         <run_address>0x453c</run_address>
         <size>0xa4</size>
         <input_file_ref idref="fl-9"/>
      </object_component>
      <object_component id="oc-37">
         <name>.text</name>
         <load_address>0x45e0</load_address>
         <run_address>0x45e0</run_address>
         <size>0x9c</size>
         <input_file_ref idref="fl-e2"/>
      </object_component>
      <object_component id="oc-206">
         <name>.text:__aeabi_cdcmple</name>
         <load_address>0x467c</load_address>
         <run_address>0x467c</run_address>
         <size>0x86</size>
         <input_file_ref idref="fl-d0"/>
      </object_component>
      <object_component id="oc-275">
         <name>.text:__aeabi_cdrcmple</name>
         <load_address>0x4702</load_address>
         <run_address>0x4702</run_address>
         <size>0x86</size>
         <input_file_ref idref="fl-d0"/>
      </object_component>
      <object_component id="oc-17">
         <name>.text:decompress:lzss:__TI_decompress_lzss</name>
         <load_address>0x4788</load_address>
         <run_address>0x4788</run_address>
         <size>0x68</size>
         <input_file_ref idref="fl-da"/>
      </object_component>
      <object_component id="oc-17f">
         <name>.text</name>
         <load_address>0x47f0</load_address>
         <run_address>0x47f0</run_address>
         <size>0x48</size>
         <input_file_ref idref="fl-d3"/>
      </object_component>
      <object_component id="oc-110">
         <name>.text:__TI_auto_init_nobinit_nopinit:__TI_auto_init_nobinit_nopinit</name>
         <load_address>0x4838</load_address>
         <run_address>0x4838</run_address>
         <size>0x44</size>
         <input_file_ref idref="fl-e4"/>
      </object_component>
      <object_component id="oc-227">
         <name>.text</name>
         <load_address>0x487c</load_address>
         <run_address>0x487c</run_address>
         <size>0x44</size>
         <input_file_ref idref="fl-d4"/>
      </object_component>
      <object_component id="oc-18a">
         <name>.text</name>
         <load_address>0x48c0</load_address>
         <run_address>0x48c0</run_address>
         <size>0x38</size>
         <input_file_ref idref="fl-d5"/>
      </object_component>
      <object_component id="oc-55">
         <name>.text:_c_int00_noargs:_c_int00_noargs</name>
         <load_address>0x48f8</load_address>
         <run_address>0x48f8</run_address>
         <size>0x34</size>
         <input_file_ref idref="fl-dc"/>
      </object_component>
      <object_component id="oc-174">
         <name>.text</name>
         <load_address>0x492c</load_address>
         <run_address>0x492c</run_address>
         <size>0x2e</size>
         <input_file_ref idref="fl-d6"/>
      </object_component>
      <object_component id="oc-222">
         <name>.text</name>
         <load_address>0x495a</load_address>
         <run_address>0x495a</run_address>
         <size>0x20</size>
         <input_file_ref idref="fl-d7"/>
      </object_component>
      <object_component id="oc-43">
         <name>.text:decompress:ZI:__TI_zero_init_nomemset:__TI_zero_init_nomemset</name>
         <load_address>0x497a</load_address>
         <run_address>0x497a</run_address>
         <size>0x1c</size>
         <input_file_ref idref="fl-d8"/>
      </object_component>
      <object_component id="oc-2b0">
         <name>.text:copysign</name>
         <load_address>0x4996</load_address>
         <run_address>0x4996</run_address>
         <size>0x1a</size>
         <input_file_ref idref="fl-de"/>
      </object_component>
      <object_component id="oc-1d">
         <name>.text:decompress:none:__TI_decompress_none</name>
         <load_address>0x49b0</load_address>
         <run_address>0x49b0</run_address>
         <size>0xe</size>
         <input_file_ref idref="fl-d9"/>
      </object_component>
      <object_component id="oc-67">
         <name>.text</name>
         <load_address>0x49be</load_address>
         <run_address>0x49be</run_address>
         <size>0xe</size>
         <input_file_ref idref="fl-d"/>
      </object_component>
      <object_component id="oc-1ef">
         <name>.text:__aeabi_errno_addr</name>
         <load_address>0x49cc</load_address>
         <run_address>0x49cc</run_address>
         <size>0x8</size>
         <input_file_ref idref="fl-dd"/>
      </object_component>
      <object_component id="oc-93">
         <name>.text:_system_pre_init</name>
         <load_address>0x49d4</load_address>
         <run_address>0x49d4</run_address>
         <size>0x4</size>
         <input_file_ref idref="fl-e5"/>
      </object_component>
      <object_component id="oc-104">
         <name>.text:abort:abort</name>
         <load_address>0x49d8</load_address>
         <run_address>0x49d8</run_address>
         <size>0x4</size>
         <input_file_ref idref="fl-e7"/>
      </object_component>
      <object_component id="oc-27a">
         <name>.const:$O1$$</name>
         <load_address>0x49e0</load_address>
         <run_address>0x49e0</run_address>
         <size>0x158</size>
         <input_file_ref idref="fl-db"/>
      </object_component>
      <object_component id="oc-295">
         <name>.const:$O1$$</name>
         <load_address>0x4b38</load_address>
         <run_address>0x4b38</run_address>
         <size>0x98</size>
         <input_file_ref idref="fl-cb"/>
      </object_component>
      <object_component id="oc-28b">
         <name>.const:$O1$$</name>
         <load_address>0x4bd0</load_address>
         <run_address>0x4bd0</run_address>
         <size>0x30</size>
         <input_file_ref idref="fl-c9"/>
      </object_component>
      <object_component id="oc-f2">
         <name>.const:$P$T0$1</name>
         <load_address>0x4c00</load_address>
         <run_address>0x4c00</run_address>
         <size>0xc</size>
         <input_file_ref idref="fl-c"/>
      </object_component>
      <object_component id="oc-f5">
         <name>.const:$P$T1$2</name>
         <load_address>0x4c0c</load_address>
         <run_address>0x4c0c</run_address>
         <size>0xc</size>
         <input_file_ref idref="fl-c"/>
      </object_component>
      <object_component id="oc-306">
         <name>.cinit..data.load</name>
         <load_address>0x4c18</load_address>
         <run_address>0x4c18</run_address>
         <size>0xd</size>
      </object_component>
      <object_component id="oc-304">
         <name>__TI_handler_table</name>
         <load_address>0x4c28</load_address>
         <run_address>0x4c28</run_address>
         <size>0xc</size>
      </object_component>
      <object_component id="oc-307">
         <name>.cinit..bss.load</name>
         <load_address>0x4c38</load_address>
         <run_address>0x4c38</run_address>
         <size>0x8</size>
      </object_component>
      <object_component id="oc-305">
         <name>__TI_cinit_table</name>
         <load_address>0x4c40</load_address>
         <run_address>0x4c40</run_address>
         <size>0x10</size>
      </object_component>
      <object_component id="oc-2d8">
         <name>.binit</name>
         <load_address>0x0</load_address>
         <run_address>0x0</run_address>
         <size>0x0</size>
      </object_component>
      <object_component id="oc-15d">
         <name>.data</name>
         <load_address>0x20000000</load_address>
         <run_address>0x20000000</run_address>
         <size>0x18</size>
         <input_file_ref idref="fl-3"/>
      </object_component>
      <object_component id="oc-16d">
         <name>.data</name>
         <load_address>0x20000018</load_address>
         <run_address>0x20000018</run_address>
         <size>0x10</size>
         <input_file_ref idref="fl-b"/>
      </object_component>
      <object_component id="oc-142">
         <name>.data</name>
         <load_address>0x2000002c</load_address>
         <run_address>0x2000002c</run_address>
         <size>0x4</size>
         <input_file_ref idref="fl-e"/>
      </object_component>
      <object_component id="oc-25a">
         <name>.data</name>
         <load_address>0x20000028</load_address>
         <run_address>0x20000028</run_address>
         <size>0x4</size>
         <input_file_ref idref="fl-dd"/>
      </object_component>
      <object_component id="oc-b2">
         <name>.common:CaptureTask0</name>
         <uninitialized>true</uninitialized>
         <run_address>0x20000030</run_address>
         <size>0x4</size>
      </object_component>
      <object_component id="oc-b5">
         <name>.common:CaptureTask1</name>
         <uninitialized>true</uninitialized>
         <run_address>0x20000034</run_address>
         <size>0x4</size>
      </object_component>
      <object_component id="oc-169">
         <name>.common:Tachometer_FirstRightTime</name>
         <uninitialized>true</uninitialized>
         <run_address>0x2000003a</run_address>
         <size>0x2</size>
      </object_component>
      <object_component id="oc-16c">
         <name>.common:Tachometer_SecondRightTime</name>
         <uninitialized>true</uninitialized>
         <run_address>0x2000003e</run_address>
         <size>0x2</size>
      </object_component>
      <object_component id="oc-170">
         <name>.common:Tachometer_FirstLeftTime</name>
         <uninitialized>true</uninitialized>
         <run_address>0x20000038</run_address>
         <size>0x2</size>
      </object_component>
      <object_component id="oc-171">
         <name>.common:Tachometer_SecondLeftTime</name>
         <uninitialized>true</uninitialized>
         <run_address>0x2000003c</run_address>
         <size>0x2</size>
      </object_component>
      <object_component id="oc-29">
         <name>.stack</name>
         <uninitialized>true</uninitialized>
         <run_address>0x2000fe00</run_address>
         <size>0x4</size>
         <input_file_ref idref="fl-dc"/>
      </object_component>
      <object_component id="oc-309">
         <name>.stack</name>
         <uninitialized>true</uninitialized>
         <run_address>0x2000fe00</run_address>
         <size>0x0</size>
      </object_component>
      <object_component id="oc-15c">
         <name>.debug_info</name>
         <load_address>0x0</load_address>
         <run_address>0x0</run_address>
         <size>0x555</size>
         <input_file_ref idref="fl-2"/>
      </object_component>
      <object_component id="oc-d5">
         <name>.debug_info</name>
         <load_address>0x555</load_address>
         <run_address>0x555</run_address>
         <size>0x206</size>
         <input_file_ref idref="fl-2"/>
      </object_component>
      <object_component id="oc-14d">
         <name>.debug_info</name>
         <load_address>0x75b</load_address>
         <run_address>0x75b</run_address>
         <size>0x37e2</size>
         <input_file_ref idref="fl-2"/>
      </object_component>
      <object_component id="oc-b9">
         <name>.debug_info</name>
         <load_address>0x3f3d</load_address>
         <run_address>0x3f3d</run_address>
         <size>0x26b</size>
         <input_file_ref idref="fl-2"/>
      </object_component>
      <object_component id="oc-152">
         <name>.debug_info</name>
         <load_address>0x41a8</load_address>
         <run_address>0x41a8</run_address>
         <size>0x1055</size>
         <input_file_ref idref="fl-2"/>
      </object_component>
      <object_component id="oc-32">
         <name>.debug_info</name>
         <load_address>0x51fd</load_address>
         <run_address>0x51fd</run_address>
         <size>0x84</size>
         <input_file_ref idref="fl-2"/>
      </object_component>
      <object_component id="oc-157">
         <name>.debug_info</name>
         <load_address>0x5281</load_address>
         <run_address>0x5281</run_address>
         <size>0x2a4</size>
         <input_file_ref idref="fl-2"/>
      </object_component>
      <object_component id="oc-146">
         <name>.debug_info</name>
         <load_address>0x5525</load_address>
         <run_address>0x5525</run_address>
         <size>0xbb</size>
         <input_file_ref idref="fl-2"/>
      </object_component>
      <object_component id="oc-15e">
         <name>.debug_info</name>
         <load_address>0x55e0</load_address>
         <run_address>0x55e0</run_address>
         <size>0x1ab</size>
         <input_file_ref idref="fl-3"/>
      </object_component>
      <object_component id="oc-cf">
         <name>.debug_info</name>
         <load_address>0x578b</load_address>
         <run_address>0x578b</run_address>
         <size>0x2cf</size>
         <input_file_ref idref="fl-3"/>
      </object_component>
      <object_component id="oc-22d">
         <name>.debug_info</name>
         <load_address>0x5a5a</load_address>
         <run_address>0x5a5a</run_address>
         <size>0x2e6</size>
         <input_file_ref idref="fl-4"/>
      </object_component>
      <object_component id="oc-1a8">
         <name>.debug_info</name>
         <load_address>0x5d40</load_address>
         <run_address>0x5d40</run_address>
         <size>0x651</size>
         <input_file_ref idref="fl-4"/>
      </object_component>
      <object_component id="oc-db">
         <name>.debug_info</name>
         <load_address>0x6391</load_address>
         <run_address>0x6391</run_address>
         <size>0x53c</size>
         <input_file_ref idref="fl-5"/>
      </object_component>
      <object_component id="oc-1b2">
         <name>.debug_info</name>
         <load_address>0x68cd</load_address>
         <run_address>0x68cd</run_address>
         <size>0x780</size>
         <input_file_ref idref="fl-6"/>
      </object_component>
      <object_component id="oc-ed">
         <name>.debug_info</name>
         <load_address>0x704d</load_address>
         <run_address>0x704d</run_address>
         <size>0xf7e</size>
         <input_file_ref idref="fl-6"/>
      </object_component>
      <object_component id="oc-f9">
         <name>.debug_info</name>
         <load_address>0x7fcb</load_address>
         <run_address>0x7fcb</run_address>
         <size>0x83</size>
         <input_file_ref idref="fl-6"/>
      </object_component>
      <object_component id="oc-ff">
         <name>.debug_info</name>
         <load_address>0x804e</load_address>
         <run_address>0x804e</run_address>
         <size>0x2c</size>
         <input_file_ref idref="fl-6"/>
      </object_component>
      <object_component id="oc-163">
         <name>.debug_info</name>
         <load_address>0x807a</load_address>
         <run_address>0x807a</run_address>
         <size>0x401</size>
         <input_file_ref idref="fl-7"/>
      </object_component>
      <object_component id="oc-185">
         <name>.debug_info</name>
         <load_address>0x847b</load_address>
         <run_address>0x847b</run_address>
         <size>0xd5d</size>
         <input_file_ref idref="fl-8"/>
      </object_component>
      <object_component id="oc-e9">
         <name>.debug_info</name>
         <load_address>0x91d8</load_address>
         <run_address>0x91d8</run_address>
         <size>0x2b8</size>
         <input_file_ref idref="fl-9"/>
      </object_component>
      <object_component id="oc-b3">
         <name>.debug_info</name>
         <load_address>0x9490</load_address>
         <run_address>0x9490</run_address>
         <size>0x5bd</size>
         <input_file_ref idref="fl-a"/>
      </object_component>
      <object_component id="oc-70">
         <name>.debug_info</name>
         <load_address>0x9a4d</load_address>
         <run_address>0x9a4d</run_address>
         <size>0x28a</size>
         <input_file_ref idref="fl-a"/>
      </object_component>
      <object_component id="oc-16a">
         <name>.debug_info</name>
         <load_address>0x9cd7</load_address>
         <run_address>0x9cd7</run_address>
         <size>0x6c5</size>
         <input_file_ref idref="fl-b"/>
      </object_component>
      <object_component id="oc-16e">
         <name>.debug_info</name>
         <load_address>0xa39c</load_address>
         <run_address>0xa39c</run_address>
         <size>0x1c0</size>
         <input_file_ref idref="fl-b"/>
      </object_component>
      <object_component id="oc-e2">
         <name>.debug_info</name>
         <load_address>0xa55c</load_address>
         <run_address>0xa55c</run_address>
         <size>0x506</size>
         <input_file_ref idref="fl-b"/>
      </object_component>
      <object_component id="oc-fe">
         <name>.debug_info</name>
         <load_address>0xaa62</load_address>
         <run_address>0xaa62</run_address>
         <size>0x80e</size>
         <input_file_ref idref="fl-c"/>
      </object_component>
      <object_component id="oc-f3">
         <name>.debug_info</name>
         <load_address>0xb270</load_address>
         <run_address>0xb270</run_address>
         <size>0xf4</size>
         <input_file_ref idref="fl-c"/>
      </object_component>
      <object_component id="oc-f6">
         <name>.debug_info</name>
         <load_address>0xb364</load_address>
         <run_address>0xb364</run_address>
         <size>0xf4</size>
         <input_file_ref idref="fl-c"/>
      </object_component>
      <object_component id="oc-9b">
         <name>.debug_info</name>
         <load_address>0xb458</load_address>
         <run_address>0xb458</run_address>
         <size>0x376</size>
         <input_file_ref idref="fl-c"/>
      </object_component>
      <object_component id="oc-1b9">
         <name>.debug_info</name>
         <load_address>0xb7ce</load_address>
         <run_address>0xb7ce</run_address>
         <size>0x37e2</size>
         <input_file_ref idref="fl-c"/>
      </object_component>
      <object_component id="oc-75">
         <name>.debug_info</name>
         <load_address>0xefb0</load_address>
         <run_address>0xefb0</run_address>
         <size>0x2ee</size>
         <input_file_ref idref="fl-d"/>
      </object_component>
      <object_component id="oc-27">
         <name>.debug_info</name>
         <load_address>0xf29e</load_address>
         <run_address>0xf29e</run_address>
         <size>0x11a</size>
         <input_file_ref idref="fl-d"/>
      </object_component>
      <object_component id="oc-68">
         <name>.debug_info</name>
         <load_address>0xf3b8</load_address>
         <run_address>0xf3b8</run_address>
         <size>0x1e1</size>
         <input_file_ref idref="fl-d"/>
      </object_component>
      <object_component id="oc-143">
         <name>.debug_info</name>
         <load_address>0xf599</load_address>
         <run_address>0xf599</run_address>
         <size>0x113</size>
         <input_file_ref idref="fl-e"/>
      </object_component>
      <object_component id="oc-ad">
         <name>.debug_info</name>
         <load_address>0xf6ac</load_address>
         <run_address>0xf6ac</run_address>
         <size>0x285</size>
         <input_file_ref idref="fl-e"/>
      </object_component>
      <object_component id="oc-235">
         <name>.debug_info</name>
         <load_address>0xf931</load_address>
         <run_address>0xf931</run_address>
         <size>0x2a9</size>
         <input_file_ref idref="fl-c8"/>
      </object_component>
      <object_component id="oc-1ae">
         <name>.debug_info</name>
         <load_address>0xfbda</load_address>
         <run_address>0xfbda</run_address>
         <size>0x247</size>
         <input_file_ref idref="fl-c8"/>
      </object_component>
      <object_component id="oc-25f">
         <name>.debug_info</name>
         <load_address>0xfe21</load_address>
         <run_address>0xfe21</run_address>
         <size>0x46</size>
         <input_file_ref idref="fl-c8"/>
      </object_component>
      <object_component id="oc-1f6">
         <name>.debug_info</name>
         <load_address>0xfe67</load_address>
         <run_address>0xfe67</run_address>
         <size>0x39</size>
         <input_file_ref idref="fl-c8"/>
      </object_component>
      <object_component id="oc-28f">
         <name>.debug_info</name>
         <load_address>0xfea0</load_address>
         <run_address>0xfea0</run_address>
         <size>0x35e</size>
         <input_file_ref idref="fl-c9"/>
      </object_component>
      <object_component id="oc-28c">
         <name>.debug_info</name>
         <load_address>0x101fe</load_address>
         <run_address>0x101fe</run_address>
         <size>0x128</size>
         <input_file_ref idref="fl-c9"/>
      </object_component>
      <object_component id="oc-21e">
         <name>.debug_info</name>
         <load_address>0x10326</load_address>
         <run_address>0x10326</run_address>
         <size>0xbf2</size>
         <input_file_ref idref="fl-c9"/>
      </object_component>
      <object_component id="oc-1fb">
         <name>.debug_info</name>
         <load_address>0x10f18</load_address>
         <run_address>0x10f18</run_address>
         <size>0x2c5</size>
         <input_file_ref idref="fl-ca"/>
      </object_component>
      <object_component id="oc-17b">
         <name>.debug_info</name>
         <load_address>0x111dd</load_address>
         <run_address>0x111dd</run_address>
         <size>0x24e</size>
         <input_file_ref idref="fl-ca"/>
      </object_component>
      <object_component id="oc-2cc">
         <name>.debug_info</name>
         <load_address>0x1142b</load_address>
         <run_address>0x1142b</run_address>
         <size>0x2f2</size>
         <input_file_ref idref="fl-cb"/>
      </object_component>
      <object_component id="oc-296">
         <name>.debug_info</name>
         <load_address>0x1171d</load_address>
         <run_address>0x1171d</run_address>
         <size>0x131</size>
         <input_file_ref idref="fl-cb"/>
      </object_component>
      <object_component id="oc-232">
         <name>.debug_info</name>
         <load_address>0x1184e</load_address>
         <run_address>0x1184e</run_address>
         <size>0x4ac</size>
         <input_file_ref idref="fl-cb"/>
      </object_component>
      <object_component id="oc-218">
         <name>.debug_info</name>
         <load_address>0x11cfa</load_address>
         <run_address>0x11cfa</run_address>
         <size>0x361</size>
         <input_file_ref idref="fl-cc"/>
      </object_component>
      <object_component id="oc-195">
         <name>.debug_info</name>
         <load_address>0x1205b</load_address>
         <run_address>0x1205b</run_address>
         <size>0x79b</size>
         <input_file_ref idref="fl-cc"/>
      </object_component>
      <object_component id="oc-2b7">
         <name>.debug_info</name>
         <load_address>0x127f6</load_address>
         <run_address>0x127f6</run_address>
         <size>0x2f8</size>
         <input_file_ref idref="fl-cd"/>
      </object_component>
      <object_component id="oc-26a">
         <name>.debug_info</name>
         <load_address>0x12aee</load_address>
         <run_address>0x12aee</run_address>
         <size>0x225</size>
         <input_file_ref idref="fl-cd"/>
      </object_component>
      <object_component id="oc-2bf">
         <name>.debug_info</name>
         <load_address>0x12d13</load_address>
         <run_address>0x12d13</run_address>
         <size>0x39</size>
         <input_file_ref idref="fl-cd"/>
      </object_component>
      <object_component id="oc-280">
         <name>.debug_info</name>
         <load_address>0x12d4c</load_address>
         <run_address>0x12d4c</run_address>
         <size>0x2c</size>
         <input_file_ref idref="fl-cd"/>
      </object_component>
      <object_component id="oc-21b">
         <name>.debug_info</name>
         <load_address>0x12d78</load_address>
         <run_address>0x12d78</run_address>
         <size>0x361</size>
         <input_file_ref idref="fl-ce"/>
      </object_component>
      <object_component id="oc-1a0">
         <name>.debug_info</name>
         <load_address>0x130d9</load_address>
         <run_address>0x130d9</run_address>
         <size>0x7ae</size>
         <input_file_ref idref="fl-ce"/>
      </object_component>
      <object_component id="oc-1ed">
         <name>.debug_info</name>
         <load_address>0x13887</load_address>
         <run_address>0x13887</run_address>
         <size>0x14c</size>
         <input_file_ref idref="fl-cf"/>
      </object_component>
      <object_component id="oc-208">
         <name>.debug_info</name>
         <load_address>0x139d3</load_address>
         <run_address>0x139d3</run_address>
         <size>0x128</size>
         <input_file_ref idref="fl-d0"/>
      </object_component>
      <object_component id="oc-278">
         <name>.debug_info</name>
         <load_address>0x13afb</load_address>
         <run_address>0x13afb</run_address>
         <size>0x12a</size>
         <input_file_ref idref="fl-d0"/>
      </object_component>
      <object_component id="oc-190">
         <name>.debug_info</name>
         <load_address>0x13c25</load_address>
         <run_address>0x13c25</run_address>
         <size>0x13a</size>
         <input_file_ref idref="fl-d1"/>
      </object_component>
      <object_component id="oc-19c">
         <name>.debug_info</name>
         <load_address>0x13d5f</load_address>
         <run_address>0x13d5f</run_address>
         <size>0x13a</size>
         <input_file_ref idref="fl-d2"/>
      </object_component>
      <object_component id="oc-182">
         <name>.debug_info</name>
         <load_address>0x13e99</load_address>
         <run_address>0x13e99</run_address>
         <size>0x12e</size>
         <input_file_ref idref="fl-d3"/>
      </object_component>
      <object_component id="oc-229">
         <name>.debug_info</name>
         <load_address>0x13fc7</load_address>
         <run_address>0x13fc7</run_address>
         <size>0x139</size>
         <input_file_ref idref="fl-d4"/>
      </object_component>
      <object_component id="oc-18d">
         <name>.debug_info</name>
         <load_address>0x14100</load_address>
         <run_address>0x14100</run_address>
         <size>0x12c</size>
         <input_file_ref idref="fl-d5"/>
      </object_component>
      <object_component id="oc-175">
         <name>.debug_info</name>
         <load_address>0x1422c</load_address>
         <run_address>0x1422c</run_address>
         <size>0x12c</size>
         <input_file_ref idref="fl-d6"/>
      </object_component>
      <object_component id="oc-225">
         <name>.debug_info</name>
         <load_address>0x14358</load_address>
         <run_address>0x14358</run_address>
         <size>0x12e</size>
         <input_file_ref idref="fl-d7"/>
      </object_component>
      <object_component id="oc-8c">
         <name>.debug_info</name>
         <load_address>0x14486</load_address>
         <run_address>0x14486</run_address>
         <size>0x2d4</size>
         <input_file_ref idref="fl-d8"/>
      </object_component>
      <object_component id="oc-45">
         <name>.debug_info</name>
         <load_address>0x1475a</load_address>
         <run_address>0x1475a</run_address>
         <size>0x1d2</size>
         <input_file_ref idref="fl-d8"/>
      </object_component>
      <object_component id="oc-87">
         <name>.debug_info</name>
         <load_address>0x1492c</load_address>
         <run_address>0x1492c</run_address>
         <size>0x46</size>
         <input_file_ref idref="fl-d8"/>
      </object_component>
      <object_component id="oc-c5">
         <name>.debug_info</name>
         <load_address>0x14972</load_address>
         <run_address>0x14972</run_address>
         <size>0x2c</size>
         <input_file_ref idref="fl-d8"/>
      </object_component>
      <object_component id="oc-42">
         <name>.debug_info</name>
         <load_address>0x1499e</load_address>
         <run_address>0x1499e</run_address>
         <size>0x2a8</size>
         <input_file_ref idref="fl-d9"/>
      </object_component>
      <object_component id="oc-20">
         <name>.debug_info</name>
         <load_address>0x14c46</load_address>
         <run_address>0x14c46</run_address>
         <size>0x1ea</size>
         <input_file_ref idref="fl-d9"/>
      </object_component>
      <object_component id="oc-3d">
         <name>.debug_info</name>
         <load_address>0x14e30</load_address>
         <run_address>0x14e30</run_address>
         <size>0x46</size>
         <input_file_ref idref="fl-d9"/>
      </object_component>
      <object_component id="oc-7f">
         <name>.debug_info</name>
         <load_address>0x14e76</load_address>
         <run_address>0x14e76</run_address>
         <size>0x2c</size>
         <input_file_ref idref="fl-d9"/>
      </object_component>
      <object_component id="oc-7d">
         <name>.debug_info</name>
         <load_address>0x14ea2</load_address>
         <run_address>0x14ea2</run_address>
         <size>0x29e</size>
         <input_file_ref idref="fl-da"/>
      </object_component>
      <object_component id="oc-19">
         <name>.debug_info</name>
         <load_address>0x15140</load_address>
         <run_address>0x15140</run_address>
         <size>0x250</size>
         <input_file_ref idref="fl-da"/>
      </object_component>
      <object_component id="oc-2d">
         <name>.debug_info</name>
         <load_address>0x15390</load_address>
         <run_address>0x15390</run_address>
         <size>0x60</size>
         <input_file_ref idref="fl-da"/>
      </object_component>
      <object_component id="oc-be">
         <name>.debug_info</name>
         <load_address>0x153f0</load_address>
         <run_address>0x153f0</run_address>
         <size>0x46</size>
         <input_file_ref idref="fl-da"/>
      </object_component>
      <object_component id="oc-78">
         <name>.debug_info</name>
         <load_address>0x15436</load_address>
         <run_address>0x15436</run_address>
         <size>0x39</size>
         <input_file_ref idref="fl-da"/>
      </object_component>
      <object_component id="oc-27e">
         <name>.debug_info</name>
         <load_address>0x1546f</load_address>
         <run_address>0x1546f</run_address>
         <size>0x3aa</size>
         <input_file_ref idref="fl-db"/>
      </object_component>
      <object_component id="oc-27b">
         <name>.debug_info</name>
         <load_address>0x15819</load_address>
         <run_address>0x15819</run_address>
         <size>0x13a</size>
         <input_file_ref idref="fl-db"/>
      </object_component>
      <object_component id="oc-20c">
         <name>.debug_info</name>
         <load_address>0x15953</load_address>
         <run_address>0x15953</run_address>
         <size>0x72f</size>
         <input_file_ref idref="fl-db"/>
      </object_component>
      <object_component id="oc-2a">
         <name>.debug_info</name>
         <load_address>0x16082</load_address>
         <run_address>0x16082</run_address>
         <size>0x10b</size>
         <input_file_ref idref="fl-dc"/>
      </object_component>
      <object_component id="oc-58">
         <name>.debug_info</name>
         <load_address>0x1618d</load_address>
         <run_address>0x1618d</run_address>
         <size>0x1a9</size>
         <input_file_ref idref="fl-dc"/>
      </object_component>
      <object_component id="oc-25e">
         <name>.debug_info</name>
         <load_address>0x16336</load_address>
         <run_address>0x16336</run_address>
         <size>0x289</size>
         <input_file_ref idref="fl-dd"/>
      </object_component>
      <object_component id="oc-25b">
         <name>.debug_info</name>
         <load_address>0x165bf</load_address>
         <run_address>0x165bf</run_address>
         <size>0x10e</size>
         <input_file_ref idref="fl-dd"/>
      </object_component>
      <object_component id="oc-1f0">
         <name>.debug_info</name>
         <load_address>0x166cd</load_address>
         <run_address>0x166cd</run_address>
         <size>0x14e</size>
         <input_file_ref idref="fl-dd"/>
      </object_component>
      <object_component id="oc-2b4">
         <name>.debug_info</name>
         <load_address>0x1681b</load_address>
         <run_address>0x1681b</run_address>
         <size>0x161</size>
         <input_file_ref idref="fl-de"/>
      </object_component>
      <object_component id="oc-267">
         <name>.debug_info</name>
         <load_address>0x1697c</load_address>
         <run_address>0x1697c</run_address>
         <size>0x288</size>
         <input_file_ref idref="fl-df"/>
      </object_component>
      <object_component id="oc-203">
         <name>.debug_info</name>
         <load_address>0x16c04</load_address>
         <run_address>0x16c04</run_address>
         <size>0x327</size>
         <input_file_ref idref="fl-df"/>
      </object_component>
      <object_component id="oc-286">
         <name>.debug_info</name>
         <load_address>0x16f2b</load_address>
         <run_address>0x16f2b</run_address>
         <size>0x28d</size>
         <input_file_ref idref="fl-e0"/>
      </object_component>
      <object_component id="oc-215">
         <name>.debug_info</name>
         <load_address>0x171b8</load_address>
         <run_address>0x171b8</run_address>
         <size>0x380</size>
         <input_file_ref idref="fl-e0"/>
      </object_component>
      <object_component id="oc-2b9">
         <name>.debug_info</name>
         <load_address>0x17538</load_address>
         <run_address>0x17538</run_address>
         <size>0x28a</size>
         <input_file_ref idref="fl-e1"/>
      </object_component>
      <object_component id="oc-272">
         <name>.debug_info</name>
         <load_address>0x177c2</load_address>
         <run_address>0x177c2</run_address>
         <size>0x22a</size>
         <input_file_ref idref="fl-e1"/>
      </object_component>
      <object_component id="oc-39">
         <name>.debug_info</name>
         <load_address>0x179ec</load_address>
         <run_address>0x179ec</run_address>
         <size>0x119</size>
         <input_file_ref idref="fl-e2"/>
      </object_component>
      <object_component id="oc-1c9">
         <name>.debug_info</name>
         <load_address>0x17b05</load_address>
         <run_address>0x17b05</run_address>
         <size>0x4b3</size>
         <input_file_ref idref="fl-e4"/>
      </object_component>
      <object_component id="oc-111">
         <name>.debug_info</name>
         <load_address>0x17fb8</load_address>
         <run_address>0x17fb8</run_address>
         <size>0x1a6</size>
         <input_file_ref idref="fl-e4"/>
      </object_component>
      <object_component id="oc-248">
         <name>.debug_info</name>
         <load_address>0x1815e</load_address>
         <run_address>0x1815e</run_address>
         <size>0x39</size>
         <input_file_ref idref="fl-e4"/>
      </object_component>
      <object_component id="oc-29e">
         <name>.debug_info</name>
         <load_address>0x18197</load_address>
         <run_address>0x18197</run_address>
         <size>0x39</size>
         <input_file_ref idref="fl-e4"/>
      </object_component>
      <object_component id="oc-24d">
         <name>.debug_info</name>
         <load_address>0x181d0</load_address>
         <run_address>0x181d0</run_address>
         <size>0x39</size>
         <input_file_ref idref="fl-e4"/>
      </object_component>
      <object_component id="oc-252">
         <name>.debug_info</name>
         <load_address>0x18209</load_address>
         <run_address>0x18209</run_address>
         <size>0xcd</size>
         <input_file_ref idref="fl-e4"/>
      </object_component>
      <object_component id="oc-97">
         <name>.debug_info</name>
         <load_address>0x182d6</load_address>
         <run_address>0x182d6</run_address>
         <size>0x153</size>
         <input_file_ref idref="fl-e5"/>
      </object_component>
      <object_component id="oc-108">
         <name>.debug_info</name>
         <load_address>0x18429</load_address>
         <run_address>0x18429</run_address>
         <size>0x122</size>
         <input_file_ref idref="fl-e7"/>
      </object_component>
      <object_component id="oc-30a">
         <name>.debug_info</name>
         <load_address>0x1854b</load_address>
         <run_address>0x1854b</run_address>
         <size>0xc6</size>
      </object_component>
      <object_component id="oc-1e1">
         <name>.debug_line</name>
         <load_address>0x0</load_address>
         <run_address>0x0</run_address>
         <size>0x20</size>
         <input_file_ref idref="fl-2"/>
      </object_component>
      <object_component id="oc-d9">
         <name>.debug_line</name>
         <load_address>0x20</load_address>
         <run_address>0x20</run_address>
         <size>0x81</size>
         <input_file_ref idref="fl-2"/>
      </object_component>
      <object_component id="oc-150">
         <name>.debug_line</name>
         <load_address>0xa1</load_address>
         <run_address>0xa1</run_address>
         <size>0x58</size>
         <input_file_ref idref="fl-2"/>
      </object_component>
      <object_component id="oc-bc">
         <name>.debug_line</name>
         <load_address>0xf9</load_address>
         <run_address>0xf9</run_address>
         <size>0x6f</size>
         <input_file_ref idref="fl-2"/>
      </object_component>
      <object_component id="oc-155">
         <name>.debug_line</name>
         <load_address>0x168</load_address>
         <run_address>0x168</run_address>
         <size>0x5b</size>
         <input_file_ref idref="fl-2"/>
      </object_component>
      <object_component id="oc-35">
         <name>.debug_line</name>
         <load_address>0x1c3</load_address>
         <run_address>0x1c3</run_address>
         <size>0x20</size>
         <input_file_ref idref="fl-2"/>
      </object_component>
      <object_component id="oc-15a">
         <name>.debug_line</name>
         <load_address>0x1e3</load_address>
         <run_address>0x1e3</run_address>
         <size>0x73</size>
         <input_file_ref idref="fl-2"/>
      </object_component>
      <object_component id="oc-149">
         <name>.debug_line</name>
         <load_address>0x256</load_address>
         <run_address>0x256</run_address>
         <size>0x70</size>
         <input_file_ref idref="fl-2"/>
      </object_component>
      <object_component id="oc-1e3">
         <name>.debug_line</name>
         <load_address>0x2c6</load_address>
         <run_address>0x2c6</run_address>
         <size>0x2e</size>
         <input_file_ref idref="fl-3"/>
      </object_component>
      <object_component id="oc-d2">
         <name>.debug_line</name>
         <load_address>0x2f4</load_address>
         <run_address>0x2f4</run_address>
         <size>0xfb</size>
         <input_file_ref idref="fl-3"/>
      </object_component>
      <object_component id="oc-294">
         <name>.debug_line</name>
         <load_address>0x3ef</load_address>
         <run_address>0x3ef</run_address>
         <size>0x77</size>
         <input_file_ref idref="fl-4"/>
      </object_component>
      <object_component id="oc-1a7">
         <name>.debug_line</name>
         <load_address>0x466</load_address>
         <run_address>0x466</run_address>
         <size>0x8a</size>
         <input_file_ref idref="fl-4"/>
      </object_component>
      <object_component id="oc-de">
         <name>.debug_line</name>
         <load_address>0x4f0</load_address>
         <run_address>0x4f0</run_address>
         <size>0x117</size>
         <input_file_ref idref="fl-5"/>
      </object_component>
      <object_component id="oc-237">
         <name>.debug_line</name>
         <load_address>0x607</load_address>
         <run_address>0x607</run_address>
         <size>0xb3</size>
         <input_file_ref idref="fl-6"/>
      </object_component>
      <object_component id="oc-f0">
         <name>.debug_line</name>
         <load_address>0x6ba</load_address>
         <run_address>0x6ba</run_address>
         <size>0x1ea</size>
         <input_file_ref idref="fl-6"/>
      </object_component>
      <object_component id="oc-fc">
         <name>.debug_line</name>
         <load_address>0x8a4</load_address>
         <run_address>0x8a4</run_address>
         <size>0x31</size>
         <input_file_ref idref="fl-6"/>
      </object_component>
      <object_component id="oc-102">
         <name>.debug_line</name>
         <load_address>0x8d5</load_address>
         <run_address>0x8d5</run_address>
         <size>0x38</size>
         <input_file_ref idref="fl-6"/>
      </object_component>
      <object_component id="oc-166">
         <name>.debug_line</name>
         <load_address>0x90d</load_address>
         <run_address>0x90d</run_address>
         <size>0x10f</size>
         <input_file_ref idref="fl-7"/>
      </object_component>
      <object_component id="oc-189">
         <name>.debug_line</name>
         <load_address>0xa1c</load_address>
         <run_address>0xa1c</run_address>
         <size>0x22a</size>
         <input_file_ref idref="fl-8"/>
      </object_component>
      <object_component id="oc-eb">
         <name>.debug_line</name>
         <load_address>0xc46</load_address>
         <run_address>0xc46</run_address>
         <size>0xb4</size>
         <input_file_ref idref="fl-9"/>
      </object_component>
      <object_component id="oc-14c">
         <name>.debug_line</name>
         <load_address>0xcfa</load_address>
         <run_address>0xcfa</run_address>
         <size>0x38</size>
         <input_file_ref idref="fl-a"/>
      </object_component>
      <object_component id="oc-72">
         <name>.debug_line</name>
         <load_address>0xd32</load_address>
         <run_address>0xd32</run_address>
         <size>0x94</size>
         <input_file_ref idref="fl-a"/>
      </object_component>
      <object_component id="oc-1e6">
         <name>.debug_line</name>
         <load_address>0xdc6</load_address>
         <run_address>0xdc6</run_address>
         <size>0x4b</size>
         <input_file_ref idref="fl-b"/>
      </object_component>
      <object_component id="oc-1e8">
         <name>.debug_line</name>
         <load_address>0xe11</load_address>
         <run_address>0xe11</run_address>
         <size>0x33</size>
         <input_file_ref idref="fl-b"/>
      </object_component>
      <object_component id="oc-e1">
         <name>.debug_line</name>
         <load_address>0xe44</load_address>
         <run_address>0xe44</run_address>
         <size>0xcd</size>
         <input_file_ref idref="fl-b"/>
      </object_component>
      <object_component id="oc-1b8">
         <name>.debug_line</name>
         <load_address>0xf11</load_address>
         <run_address>0xf11</run_address>
         <size>0x82</size>
         <input_file_ref idref="fl-c"/>
      </object_component>
      <object_component id="oc-1b4">
         <name>.debug_line</name>
         <load_address>0xf93</load_address>
         <run_address>0xf93</run_address>
         <size>0x2d</size>
         <input_file_ref idref="fl-c"/>
      </object_component>
      <object_component id="oc-1b6">
         <name>.debug_line</name>
         <load_address>0xfc0</load_address>
         <run_address>0xfc0</run_address>
         <size>0x2d</size>
         <input_file_ref idref="fl-c"/>
      </object_component>
      <object_component id="oc-9a">
         <name>.debug_line</name>
         <load_address>0xfed</load_address>
         <run_address>0xfed</run_address>
         <size>0x81</size>
         <input_file_ref idref="fl-c"/>
      </object_component>
      <object_component id="oc-1bc">
         <name>.debug_line</name>
         <load_address>0x106e</load_address>
         <run_address>0x106e</run_address>
         <size>0x58</size>
         <input_file_ref idref="fl-c"/>
      </object_component>
      <object_component id="oc-b8">
         <name>.debug_line</name>
         <load_address>0x10c6</load_address>
         <run_address>0x10c6</run_address>
         <size>0x40</size>
         <input_file_ref idref="fl-d"/>
      </object_component>
      <object_component id="oc-74">
         <name>.debug_line</name>
         <load_address>0x1106</load_address>
         <run_address>0x1106</run_address>
         <size>0x40</size>
         <input_file_ref idref="fl-d"/>
      </object_component>
      <object_component id="oc-6c">
         <name>.debug_line</name>
         <load_address>0x1146</load_address>
         <run_address>0x1146</run_address>
         <size>0x71</size>
         <input_file_ref idref="fl-d"/>
      </object_component>
      <object_component id="oc-1df">
         <name>.debug_line</name>
         <load_address>0x11b7</load_address>
         <run_address>0x11b7</run_address>
         <size>0x3b</size>
         <input_file_ref idref="fl-e"/>
      </object_component>
      <object_component id="oc-af">
         <name>.debug_line</name>
         <load_address>0x11f2</load_address>
         <run_address>0x11f2</run_address>
         <size>0x134</size>
         <input_file_ref idref="fl-e"/>
      </object_component>
      <object_component id="oc-29a">
         <name>.debug_line</name>
         <load_address>0x1326</load_address>
         <run_address>0x1326</run_address>
         <size>0x2a</size>
         <input_file_ref idref="fl-c8"/>
      </object_component>
      <object_component id="oc-1ad">
         <name>.debug_line</name>
         <load_address>0x1350</load_address>
         <run_address>0x1350</run_address>
         <size>0xe0</size>
         <input_file_ref idref="fl-c8"/>
      </object_component>
      <object_component id="oc-262">
         <name>.debug_line</name>
         <load_address>0x1430</load_address>
         <run_address>0x1430</run_address>
         <size>0x9a</size>
         <input_file_ref idref="fl-c8"/>
      </object_component>
      <object_component id="oc-1f9">
         <name>.debug_line</name>
         <load_address>0x14ca</load_address>
         <run_address>0x14ca</run_address>
         <size>0x97</size>
         <input_file_ref idref="fl-c8"/>
      </object_component>
      <object_component id="oc-2c9">
         <name>.debug_line</name>
         <load_address>0x1561</load_address>
         <run_address>0x1561</run_address>
         <size>0x9b</size>
         <input_file_ref idref="fl-c9"/>
      </object_component>
      <object_component id="oc-2c7">
         <name>.debug_line</name>
         <load_address>0x15fc</load_address>
         <run_address>0x15fc</run_address>
         <size>0x2b</size>
         <input_file_ref idref="fl-c9"/>
      </object_component>
      <object_component id="oc-221">
         <name>.debug_line</name>
         <load_address>0x1627</load_address>
         <run_address>0x1627</run_address>
         <size>0x2b6</size>
         <input_file_ref idref="fl-c9"/>
      </object_component>
      <object_component id="oc-265">
         <name>.debug_line</name>
         <load_address>0x18dd</load_address>
         <run_address>0x18dd</run_address>
         <size>0x91</size>
         <input_file_ref idref="fl-ca"/>
      </object_component>
      <object_component id="oc-17d">
         <name>.debug_line</name>
         <load_address>0x196e</load_address>
         <run_address>0x196e</run_address>
         <size>0x13f</size>
         <input_file_ref idref="fl-ca"/>
      </object_component>
      <object_component id="oc-2d4">
         <name>.debug_line</name>
         <load_address>0x1aad</load_address>
         <run_address>0x1aad</run_address>
         <size>0x20</size>
         <input_file_ref idref="fl-cb"/>
      </object_component>
      <object_component id="oc-2cb">
         <name>.debug_line</name>
         <load_address>0x1acd</load_address>
         <run_address>0x1acd</run_address>
         <size>0x2c</size>
         <input_file_ref idref="fl-cb"/>
      </object_component>
      <object_component id="oc-231">
         <name>.debug_line</name>
         <load_address>0x1af9</load_address>
         <run_address>0x1af9</run_address>
         <size>0xc8</size>
         <input_file_ref idref="fl-cb"/>
      </object_component>
      <object_component id="oc-288">
         <name>.debug_line</name>
         <load_address>0x1bc1</load_address>
         <run_address>0x1bc1</run_address>
         <size>0x32</size>
         <input_file_ref idref="fl-cc"/>
      </object_component>
      <object_component id="oc-198">
         <name>.debug_line</name>
         <load_address>0x1bf3</load_address>
         <run_address>0x1bf3</run_address>
         <size>0x215</size>
         <input_file_ref idref="fl-cc"/>
      </object_component>
      <object_component id="oc-2d0">
         <name>.debug_line</name>
         <load_address>0x1e08</load_address>
         <run_address>0x1e08</run_address>
         <size>0x9b</size>
         <input_file_ref idref="fl-cd"/>
      </object_component>
      <object_component id="oc-26e">
         <name>.debug_line</name>
         <load_address>0x1ea3</load_address>
         <run_address>0x1ea3</run_address>
         <size>0xa4</size>
         <input_file_ref idref="fl-cd"/>
      </object_component>
      <object_component id="oc-2c2">
         <name>.debug_line</name>
         <load_address>0x1f47</load_address>
         <run_address>0x1f47</run_address>
         <size>0x9a</size>
         <input_file_ref idref="fl-cd"/>
      </object_component>
      <object_component id="oc-283">
         <name>.debug_line</name>
         <load_address>0x1fe1</load_address>
         <run_address>0x1fe1</run_address>
         <size>0x97</size>
         <input_file_ref idref="fl-cd"/>
      </object_component>
      <object_component id="oc-28a">
         <name>.debug_line</name>
         <load_address>0x2078</load_address>
         <run_address>0x2078</run_address>
         <size>0x32</size>
         <input_file_ref idref="fl-ce"/>
      </object_component>
      <object_component id="oc-1a3">
         <name>.debug_line</name>
         <load_address>0x20aa</load_address>
         <run_address>0x20aa</run_address>
         <size>0x218</size>
         <input_file_ref idref="fl-ce"/>
      </object_component>
      <object_component id="oc-1eb">
         <name>.debug_line</name>
         <load_address>0x22c2</load_address>
         <run_address>0x22c2</run_address>
         <size>0xd2</size>
         <input_file_ref idref="fl-cf"/>
      </object_component>
      <object_component id="oc-20a">
         <name>.debug_line</name>
         <load_address>0x2394</load_address>
         <run_address>0x2394</run_address>
         <size>0x77</size>
         <input_file_ref idref="fl-d0"/>
      </object_component>
      <object_component id="oc-276">
         <name>.debug_line</name>
         <load_address>0x240b</load_address>
         <run_address>0x240b</run_address>
         <size>0x77</size>
         <input_file_ref idref="fl-d0"/>
      </object_component>
      <object_component id="oc-193">
         <name>.debug_line</name>
         <load_address>0x2482</load_address>
         <run_address>0x2482</run_address>
         <size>0xa8</size>
         <input_file_ref idref="fl-d1"/>
      </object_component>
      <object_component id="oc-19e">
         <name>.debug_line</name>
         <load_address>0x252a</load_address>
         <run_address>0x252a</run_address>
         <size>0x8e</size>
         <input_file_ref idref="fl-d2"/>
      </object_component>
      <object_component id="oc-181">
         <name>.debug_line</name>
         <load_address>0x25b8</load_address>
         <run_address>0x25b8</run_address>
         <size>0x5a</size>
         <input_file_ref idref="fl-d3"/>
      </object_component>
      <object_component id="oc-228">
         <name>.debug_line</name>
         <load_address>0x2612</load_address>
         <run_address>0x2612</run_address>
         <size>0x59</size>
         <input_file_ref idref="fl-d4"/>
      </object_component>
      <object_component id="oc-18b">
         <name>.debug_line</name>
         <load_address>0x266b</load_address>
         <run_address>0x266b</run_address>
         <size>0x57</size>
         <input_file_ref idref="fl-d5"/>
      </object_component>
      <object_component id="oc-178">
         <name>.debug_line</name>
         <load_address>0x26c2</load_address>
         <run_address>0x26c2</run_address>
         <size>0x50</size>
         <input_file_ref idref="fl-d6"/>
      </object_component>
      <object_component id="oc-223">
         <name>.debug_line</name>
         <load_address>0x2712</load_address>
         <run_address>0x2712</run_address>
         <size>0x4c</size>
         <input_file_ref idref="fl-d7"/>
      </object_component>
      <object_component id="oc-cb">
         <name>.debug_line</name>
         <load_address>0x275e</load_address>
         <run_address>0x275e</run_address>
         <size>0x92</size>
         <input_file_ref idref="fl-d8"/>
      </object_component>
      <object_component id="oc-48">
         <name>.debug_line</name>
         <load_address>0x27f0</load_address>
         <run_address>0x27f0</run_address>
         <size>0x4c</size>
         <input_file_ref idref="fl-d8"/>
      </object_component>
      <object_component id="oc-8a">
         <name>.debug_line</name>
         <load_address>0x283c</load_address>
         <run_address>0x283c</run_address>
         <size>0x34</size>
         <input_file_ref idref="fl-d8"/>
      </object_component>
      <object_component id="oc-c8">
         <name>.debug_line</name>
         <load_address>0x2870</load_address>
         <run_address>0x2870</run_address>
         <size>0x92</size>
         <input_file_ref idref="fl-d8"/>
      </object_component>
      <object_component id="oc-85">
         <name>.debug_line</name>
         <load_address>0x2902</load_address>
         <run_address>0x2902</run_address>
         <size>0x20</size>
         <input_file_ref idref="fl-d9"/>
      </object_component>
      <object_component id="oc-1e">
         <name>.debug_line</name>
         <load_address>0x2922</load_address>
         <run_address>0x2922</run_address>
         <size>0x55</size>
         <input_file_ref idref="fl-d9"/>
      </object_component>
      <object_component id="oc-40">
         <name>.debug_line</name>
         <load_address>0x2977</load_address>
         <run_address>0x2977</run_address>
         <size>0x3a</size>
         <input_file_ref idref="fl-d9"/>
      </object_component>
      <object_component id="oc-82">
         <name>.debug_line</name>
         <load_address>0x29b1</load_address>
         <run_address>0x29b1</run_address>
         <size>0x92</size>
         <input_file_ref idref="fl-d9"/>
      </object_component>
      <object_component id="oc-c4">
         <name>.debug_line</name>
         <load_address>0x2a43</load_address>
         <run_address>0x2a43</run_address>
         <size>0x20</size>
         <input_file_ref idref="fl-da"/>
      </object_component>
      <object_component id="oc-18">
         <name>.debug_line</name>
         <load_address>0x2a63</load_address>
         <run_address>0x2a63</run_address>
         <size>0xa9</size>
         <input_file_ref idref="fl-da"/>
      </object_component>
      <object_component id="oc-30">
         <name>.debug_line</name>
         <load_address>0x2b0c</load_address>
         <run_address>0x2b0c</run_address>
         <size>0x3a</size>
         <input_file_ref idref="fl-da"/>
      </object_component>
      <object_component id="oc-c1">
         <name>.debug_line</name>
         <load_address>0x2b46</load_address>
         <run_address>0x2b46</run_address>
         <size>0x9a</size>
         <input_file_ref idref="fl-da"/>
      </object_component>
      <object_component id="oc-7b">
         <name>.debug_line</name>
         <load_address>0x2be0</load_address>
         <run_address>0x2be0</run_address>
         <size>0x96</size>
         <input_file_ref idref="fl-da"/>
      </object_component>
      <object_component id="oc-2be">
         <name>.debug_line</name>
         <load_address>0x2c76</load_address>
         <run_address>0x2c76</run_address>
         <size>0x2a</size>
         <input_file_ref idref="fl-db"/>
      </object_component>
      <object_component id="oc-2bc">
         <name>.debug_line</name>
         <load_address>0x2ca0</load_address>
         <run_address>0x2ca0</run_address>
         <size>0x30</size>
         <input_file_ref idref="fl-db"/>
      </object_component>
      <object_component id="oc-210">
         <name>.debug_line</name>
         <load_address>0x2cd0</load_address>
         <run_address>0x2cd0</run_address>
         <size>0x3fd</size>
         <input_file_ref idref="fl-db"/>
      </object_component>
      <object_component id="oc-77">
         <name>.debug_line</name>
         <load_address>0x30cd</load_address>
         <run_address>0x30cd</run_address>
         <size>0x33</size>
         <input_file_ref idref="fl-dc"/>
      </object_component>
      <object_component id="oc-57">
         <name>.debug_line</name>
         <load_address>0x3100</load_address>
         <run_address>0x3100</run_address>
         <size>0x45</size>
         <input_file_ref idref="fl-dc"/>
      </object_component>
      <object_component id="oc-2ad">
         <name>.debug_line</name>
         <load_address>0x3145</load_address>
         <run_address>0x3145</run_address>
         <size>0x20</size>
         <input_file_ref idref="fl-dd"/>
      </object_component>
      <object_component id="oc-2ab">
         <name>.debug_line</name>
         <load_address>0x3165</load_address>
         <run_address>0x3165</run_address>
         <size>0x2b</size>
         <input_file_ref idref="fl-dd"/>
      </object_component>
      <object_component id="oc-1f3">
         <name>.debug_line</name>
         <load_address>0x3190</load_address>
         <run_address>0x3190</run_address>
         <size>0x40</size>
         <input_file_ref idref="fl-dd"/>
      </object_component>
      <object_component id="oc-2b1">
         <name>.debug_line</name>
         <load_address>0x31d0</load_address>
         <run_address>0x31d0</run_address>
         <size>0x45</size>
         <input_file_ref idref="fl-de"/>
      </object_component>
      <object_component id="oc-2af">
         <name>.debug_line</name>
         <load_address>0x3215</load_address>
         <run_address>0x3215</run_address>
         <size>0x20</size>
         <input_file_ref idref="fl-df"/>
      </object_component>
      <object_component id="oc-205">
         <name>.debug_line</name>
         <load_address>0x3235</load_address>
         <run_address>0x3235</run_address>
         <size>0x43</size>
         <input_file_ref idref="fl-df"/>
      </object_component>
      <object_component id="oc-2c5">
         <name>.debug_line</name>
         <load_address>0x3278</load_address>
         <run_address>0x3278</run_address>
         <size>0x20</size>
         <input_file_ref idref="fl-e0"/>
      </object_component>
      <object_component id="oc-212">
         <name>.debug_line</name>
         <load_address>0x3298</load_address>
         <run_address>0x3298</run_address>
         <size>0x56</size>
         <input_file_ref idref="fl-e0"/>
      </object_component>
      <object_component id="oc-2d2">
         <name>.debug_line</name>
         <load_address>0x32ee</load_address>
         <run_address>0x32ee</run_address>
         <size>0x20</size>
         <input_file_ref idref="fl-e1"/>
      </object_component>
      <object_component id="oc-270">
         <name>.debug_line</name>
         <load_address>0x330e</load_address>
         <run_address>0x330e</run_address>
         <size>0xa8</size>
         <input_file_ref idref="fl-e1"/>
      </object_component>
      <object_component id="oc-38">
         <name>.debug_line</name>
         <load_address>0x33b6</load_address>
         <run_address>0x33b6</run_address>
         <size>0x88</size>
         <input_file_ref idref="fl-e2"/>
      </object_component>
      <object_component id="oc-247">
         <name>.debug_line</name>
         <load_address>0x343e</load_address>
         <run_address>0x343e</run_address>
         <size>0xbf</size>
         <input_file_ref idref="fl-e4"/>
      </object_component>
      <object_component id="oc-115">
         <name>.debug_line</name>
         <load_address>0x34fd</load_address>
         <run_address>0x34fd</run_address>
         <size>0x6f</size>
         <input_file_ref idref="fl-e4"/>
      </object_component>
      <object_component id="oc-24b">
         <name>.debug_line</name>
         <load_address>0x356c</load_address>
         <run_address>0x356c</run_address>
         <size>0x2e</size>
         <input_file_ref idref="fl-e4"/>
      </object_component>
      <object_component id="oc-2a1">
         <name>.debug_line</name>
         <load_address>0x359a</load_address>
         <run_address>0x359a</run_address>
         <size>0x9a</size>
         <input_file_ref idref="fl-e4"/>
      </object_component>
      <object_component id="oc-250">
         <name>.debug_line</name>
         <load_address>0x3634</load_address>
         <run_address>0x3634</run_address>
         <size>0x97</size>
         <input_file_ref idref="fl-e4"/>
      </object_component>
      <object_component id="oc-255">
         <name>.debug_line</name>
         <load_address>0x36cb</load_address>
         <run_address>0x36cb</run_address>
         <size>0x93</size>
         <input_file_ref idref="fl-e4"/>
      </object_component>
      <object_component id="oc-94">
         <name>.debug_line</name>
         <load_address>0x375e</load_address>
         <run_address>0x375e</run_address>
         <size>0x40</size>
         <input_file_ref idref="fl-e5"/>
      </object_component>
      <object_component id="oc-107">
         <name>.debug_line</name>
         <load_address>0x379e</load_address>
         <run_address>0x379e</run_address>
         <size>0x3c</size>
[...]
      <symbol id="sm-166">
         <name>PWM_Duty3</name>
         <value>0x3521</value>
         <object_component_ref idref="oc-162"/>
      </symbol>
      <symbol id="sm-167">
         <name>PWM_Duty2</name>
         <value>0x347d</value>
         <object_component_ref idref="oc-162"/>
      </symbol>
      <symbol id="sm-168">
         <name>PWM_Duty1</name>
         <value>0x345d</value>
         <object_component_ref idref="oc-162"/>
      </symbol>
      <symbol id="sm-169">
         <name>PWM_Duty4</name>
         <value>0x3541</value>
         <object_component_ref idref="oc-162"/>
      </symbol>
      <symbol id="sm-16a">
         <name>PWM_Init34</name>
         <value>0x349d</value>
         <object_component_ref idref="oc-162"/>
      </symbol>
      <symbol id="sm-16b">
         <name>PWM_Init12</name>
         <value>0x33d9</value>
         <object_component_ref idref="oc-162"/>
      </symbol>
      <symbol id="sm-1a2">
         <name>Motor_Precision_Left</name>
         <value>0x24c9</value>
         <object_component_ref idref="oc-184"/>
      </symbol>
      <symbol id="sm-1a3">
         <name>Motor_Forward_RPM</name>
         <value>0x25f5</value>
         <object_component_ref idref="oc-184"/>
      </symbol>
      <symbol id="sm-1a4">
         <name>Motor_Precision_Right</name>
         <value>0x239d</value>
         <object_component_ref idref="oc-184"/>
      </symbol>
      <symbol id="sm-1bb">
         <name>Back_Lights_ON</name>
         <value>0x45a7</value>
         <object_component_ref idref="oc-e6"/>
      </symbol>
      <symbol id="sm-1bc">
         <name>MvtLED_Init</name>
         <value>0x453d</value>
         <object_component_ref idref="oc-e6"/>
      </symbol>
      <symbol id="sm-1bd">
         <name>Front_Lights_ON</name>
         <value>0x457b</value>
         <object_component_ref idref="oc-e6"/>
      </symbol>
      <symbol id="sm-1be">
         <name>Back_Lights_OFF</name>
         <value>0x45b3</value>
         <object_component_ref idref="oc-e6"/>
      </symbol>
      <symbol id="sm-1bf">
         <name>Front_Lights_OFF</name>
         <value>0x4591</value>
         <object_component_ref idref="oc-e6"/>
      </symbol>
      <symbol id="sm-1de">
         <name>CaptureTask0</name>
         <value>0x20000030</value>
      </symbol>
      <symbol id="sm-1df">
         <name>CaptureTask1</name>
         <value>0x20000034</value>
      </symbol>
      <symbol id="sm-1e0">
         <name>TA3_N_IRQHandler</name>
         <value>0x4351</value>
         <object_component_ref idref="oc-6d"/>
      </symbol>
      <symbol id="sm-1e1">
         <name>TimerA3Capture_Init01</name>
         <value>0x42b1</value>
         <object_component_ref idref="oc-6d"/>
      </symbol>
      <symbol id="sm-1e2">
         <name>TA3_0_IRQHandler</name>
         <value>0x4337</value>
         <object_component_ref idref="oc-6d"/>
      </symbol>
      <symbol id="sm-210">
         <name>Tachometer_FirstRightTime</name>
         <value>0x2000003a</value>
      </symbol>
      <symbol id="sm-211">
         <name>Tachometer_SecondRightTime</name>
         <value>0x2000003e</value>
      </symbol>
      <symbol id="sm-212">
         <name>Tachometer_FirstLeftTime</name>
         <value>0x20000038</value>
      </symbol>
      <symbol id="sm-213">
         <name>Tachometer_SecondLeftTime</name>
         <value>0x2000003c</value>
      </symbol>
      <symbol id="sm-214">
         <name>timeAccumulatorLeft</name>
         <value>0x20000018</value>
         <object_component_ref idref="oc-16d"/>
      </symbol>
      <symbol id="sm-215">
         <name>Tachometer_RightSteps</name>
         <value>0x20000020</value>
         <object_component_ref idref="oc-16d"/>
      </symbol>
      <symbol id="sm-216">
         <name>Tachometer_Get_SpaceTime</name>
         <value>0x3e13</value>
         <object_component_ref idref="oc-e0"/>
      </symbol>
      <symbol id="sm-217">
         <name>Tachometer_LeftSteps</name>
         <value>0x20000024</value>
         <object_component_ref idref="oc-16d"/>
      </symbol>
      <symbol id="sm-218">
         <name>tachometerLeftInt</name>
         <value>0x3d79</value>
         <object_component_ref idref="oc-e0"/>
      </symbol>
      <symbol id="sm-219">
         <name>timeAccumulatorRight</name>
         <value>0x2000001c</value>
         <object_component_ref idref="oc-16d"/>
      </symbol>
      <symbol id="sm-21a">
         <name>tachometerRightInt</name>
         <value>0x3d25</value>
         <object_component_ref idref="oc-e0"/>
      </symbol>
      <symbol id="sm-21b">
         <name>Tachometer_Init</name>
         <value>0x3dcd</value>
         <object_component_ref idref="oc-e0"/>
      </symbol>
      <symbol id="sm-21c">
         <name>Tachometer_Get_Steps</name>
         <value>0x3df7</value>
         <object_component_ref idref="oc-e0"/>
      </symbol>
      <symbol id="sm-243">
         <name>main</name>
         <value>0x4495</value>
         <object_component_ref idref="oc-99"/>
      </symbol>
      <symbol id="sm-244">
         <name>Pause</name>
         <value>0x4525</value>
         <object_component_ref idref="oc-99"/>
      </symbol>
      <symbol id="sm-259">
         <name>Reset_Handler</name>
         <value>0x49bf</value>
         <object_component_ref idref="oc-67"/>
      </symbol>
      <symbol id="sm-25a">
         <name>Default_Handler</name>
         <value>0x49cb</value>
         <object_component_ref idref="oc-67"/>
      </symbol>
      <symbol id="sm-25b">
         <name>interruptVectors</name>
         <value>0x0</value>
         <object_component_ref idref="oc-26"/>
      </symbol>
      <symbol id="sm-2a3">
         <name>SystemInit</name>
         <value>0x2a8d</value>
         <object_component_ref idref="oc-ab"/>
      </symbol>
      <symbol id="sm-2a4">
         <name>SystemCoreClockUpdate</name>
         <value>0x2815</value>
         <object_component_ref idref="oc-ab"/>
      </symbol>
      <symbol id="sm-2a5">
         <name>SystemCoreClock</name>
         <value>0x2000002c</value>
         <object_component_ref idref="oc-142"/>
      </symbol>
      <symbol id="sm-2e9">
         <name>atan2</name>
         <value>0x2e35</value>
         <object_component_ref idref="oc-1ab"/>
      </symbol>
      <symbol id="sm-2ea">
         <name>atan2l</name>
         <value>0x2e35</value>
         <object_component_ref idref="oc-1ab"/>
      </symbol>
      <symbol id="sm-376">
         <name>pow</name>
         <value>0xe5</value>
         <object_component_ref idref="oc-21c"/>
      </symbol>
      <symbol id="sm-377">
         <name>powl</name>
         <value>0xe5</value>
         <object_component_ref idref="oc-21c"/>
      </symbol>
      <symbol id="sm-399">
         <name>sqrtl</name>
         <value>0x3bcd</value>
         <object_component_ref idref="oc-179"/>
      </symbol>
      <symbol id="sm-39a">
         <name>sqrt</name>
         <value>0x3bcd</value>
         <object_component_ref idref="oc-179"/>
      </symbol>
      <symbol id="sm-3d0">
         <name>atanl</name>
         <value>0x2b49</value>
         <object_component_ref idref="oc-22e"/>
      </symbol>
      <symbol id="sm-3d1">
         <name>atan</name>
         <value>0x2b49</value>
         <object_component_ref idref="oc-22e"/>
      </symbol>
      <symbol id="sm-422">
         <name>cosl</name>
         <value>0x1dc1</value>
         <object_component_ref idref="oc-194"/>
      </symbol>
      <symbol id="sm-423">
         <name>cos</name>
         <value>0x1dc1</value>
         <object_component_ref idref="oc-194"/>
      </symbol>
      <symbol id="sm-44a">
         <name>scalbn</name>
         <value>0x3fad</value>
         <object_component_ref idref="oc-269"/>
      </symbol>
      <symbol id="sm-44b">
         <name>scalbnl</name>
         <value>0x3fad</value>
         <object_component_ref idref="oc-269"/>
      </symbol>
      <symbol id="sm-44c">
         <name>ldexpl</name>
         <value>0x3fad</value>
         <object_component_ref idref="oc-269"/>
      </symbol>
      <symbol id="sm-44d">
         <name>ldexp</name>
         <value>0x3fad</value>
         <object_component_ref idref="oc-269"/>
      </symbol>
      <symbol id="sm-49d">
         <name>sin</name>
         <value>0x17e1</value>
         <object_component_ref idref="oc-19f"/>
      </symbol>
      <symbol id="sm-49e">
         <name>sinl</name>
         <value>0x17e1</value>
         <object_component_ref idref="oc-19f"/>
      </symbol>
      <symbol id="sm-4b5">
         <name>__aeabi_dsub</name>
         <value>0x3599</value>
         <object_component_ref idref="oc-1ea"/>
      </symbol>
      <symbol id="sm-4b6">
         <name>__aeabi_dadd</name>
         <value>0x35a3</value>
         <object_component_ref idref="oc-1ea"/>
      </symbol>
      <symbol id="sm-4d8">
         <name>__aeabi_cdcmpeq</name>
         <value>0x467d</value>
         <object_component_ref idref="oc-206"/>
      </symbol>
      <symbol id="sm-4d9">
         <name>__aeabi_cdcmple</name>
         <value>0x467d</value>
         <object_component_ref idref="oc-206"/>
      </symbol>
      <symbol id="sm-4da">
         <name>__aeabi_cdrcmple</name>
         <value>0x4703</value>
         <object_component_ref idref="oc-275"/>
      </symbol>
      <symbol id="sm-4ee">
         <name>__aeabi_ddiv</name>
         <value>0x3e75</value>
         <object_component_ref idref="oc-18f"/>
      </symbol>
      <symbol id="sm-4f9">
         <name>__aeabi_dmul</name>
         <value>0x40bd</value>
         <object_component_ref idref="oc-19a"/>
      </symbol>
      <symbol id="sm-503">
         <name>__aeabi_d2iz</name>
         <value>0x47f1</value>
         <object_component_ref idref="oc-17f"/>
      </symbol>
      <symbol id="sm-50d">
         <name>__aeabi_d2uiz</name>
         <value>0x487d</value>
         <object_component_ref idref="oc-227"/>
      </symbol>
      <symbol id="sm-518">
         <name>__aeabi_f2d</name>
         <value>0x48c1</value>
         <object_component_ref idref="oc-18a"/>
      </symbol>
      <symbol id="sm-522">
         <name>__aeabi_i2d</name>
         <value>0x492d</value>
         <object_component_ref idref="oc-174"/>
      </symbol>
      <symbol id="sm-52c">
         <name>__aeabi_ui2d</name>
         <value>0x495b</value>
         <object_component_ref idref="oc-222"/>
      </symbol>
      <symbol id="sm-545">
         <name>__TI_zero_init_nomemset</name>
         <value>0x497b</value>
         <object_component_ref idref="oc-43"/>
      </symbol>
      <symbol id="sm-55c">
         <name>__TI_decompress_none</name>
         <value>0x49b1</value>
         <object_component_ref idref="oc-1d"/>
      </symbol>
      <symbol id="sm-57f">
         <name>__TI_decompress_lzss</name>
         <value>0x4789</value>
         <object_component_ref idref="oc-17"/>
      </symbol>
      <symbol id="sm-5e5">
         <name>__kernel_rem_pio2</name>
         <value>0xab5</value>
         <object_component_ref idref="oc-20b"/>
      </symbol>
      <symbol id="sm-5f8">
         <name>__stack</name>
         <value>0x2000fe00</value>
         <object_component_ref idref="oc-29"/>
      </symbol>
      <symbol id="sm-5f9">
         <name>_c_int00_noargs</name>
         <value>0x48f9</value>
         <object_component_ref idref="oc-55"/>
      </symbol>
      <symbol id="sm-60f">
         <name>__aeabi_errno_addr</name>
         <value>0x49cd</value>
         <object_component_ref idref="oc-1ef"/>
      </symbol>
      <symbol id="sm-610">
         <name>errno</name>
         <value>0x20000028</value>
         <object_component_ref idref="oc-25a"/>
      </symbol>
      <symbol id="sm-61a">
         <name>copysign</name>
         <value>0x4997</value>
         <object_component_ref idref="oc-2b0"/>
      </symbol>
      <symbol id="sm-61b">
         <name>copysignl</name>
         <value>0x4997</value>
         <object_component_ref idref="oc-2b0"/>
      </symbol>
      <symbol id="sm-631">
         <name>__kernel_cos</name>
         <value>0x3a5d</value>
         <object_component_ref idref="oc-200"/>
      </symbol>
      <symbol id="sm-648">
         <name>__kernel_sin</name>
         <value>0x38e9</value>
         <object_component_ref idref="oc-211"/>
      </symbol>
      <symbol id="sm-665">
         <name>floorl</name>
         <value>0x41b9</value>
         <object_component_ref idref="oc-26f"/>
      </symbol>
      <symbol id="sm-666">
         <name>floor</name>
         <value>0x41b9</value>
         <object_component_ref idref="oc-26f"/>
      </symbol>
      <symbol id="sm-681">
         <name>memcpy</name>
         <value>0x45e1</value>
         <object_component_ref idref="oc-37"/>
      </symbol>
      <symbol id="sm-682">
         <name>__aeabi_memcpy</name>
         <value>0x45e1</value>
         <object_component_ref idref="oc-37"/>
      </symbol>
      <symbol id="sm-683">
         <name>__aeabi_memcpy8</name>
         <value>0x45e1</value>
         <object_component_ref idref="oc-37"/>
      </symbol>
      <symbol id="sm-684">
         <name>__aeabi_memcpy4</name>
         <value>0x45e1</value>
         <object_component_ref idref="oc-37"/>
      </symbol>
      <symbol id="sm-6ad">
         <name>__TI_auto_init_nobinit_nopinit</name>
         <value>0x4839</value>
         <object_component_ref idref="oc-110"/>
      </symbol>
      <symbol id="sm-6b7">
         <name>_system_pre_init</name>
         <value>0x49d5</value>
         <object_component_ref idref="oc-93"/>
      </symbol>
      <symbol id="sm-6c3">
         <name>C$$EXIT</name>
         <value>0x49d9</value>
         <object_component_ref idref="oc-104"/>
      </symbol>
      <symbol id="sm-6c4">
         <name>abort</name>
         <value>0x49d9</value>
         <object_component_ref idref="oc-104"/>
      </symbol>
      <symbol id="sm-6c7">
         <name>__TI_static_base__</name>
         <value>0x0</value>
      </symbol>
      <symbol id="sm-6ca">
         <name>__mpu_init</name>
         <value>0x0</value>
      </symbol>
      <symbol id="sm-6cb">
         <name>_system_post_cinit</name>
         <value>0x0</value>
      </symbol>
      <symbol id="sm-6cc">
         <name>NMI_Handler</name>
         <value>0x49cb</value>
      </symbol>
      <symbol id="sm-6cd">
         <name>HardFault_Handler</name>
         <value>0x49cb</value>
      </symbol>
      <symbol id="sm-6ce">
         <name>MemManage_Handler</name>
         <value>0x49cb</value>
      </symbol>
      <symbol id="sm-6cf">
         <name>BusFault_Handler</name>
         <value>0x49cb</value>
      </symbol>
      <symbol id="sm-6d0">
         <name>UsageFault_Handler</name>
         <value>0x49cb</value>
      </symbol>
      <symbol id="sm-6d1">
         <name>SVC_Handler</name>
         <value>0x49cb</value>
      </symbol>
      <symbol id="sm-6d2">
         <name>DebugMon_Handler</name>
         <value>0x49cb</value>
      </symbol>
      <symbol id="sm-6d3">
         <name>PendSV_Handler</name>
         <value>0x49cb</value>
      </symbol>
      <symbol id="sm-6d4">
         <name>SysTick_Handler</name>
         <value>0x49cb</value>
      </symbol>
      <symbol id="sm-6d5">
         <name>PSS_IRQHandler</name>
         <value>0x49cb</value>
      </symbol>
      <symbol id="sm-6d6">
         <name>CS_IRQHandler</name>
         <value>0x49cb</value>
      </symbol>
      <symbol id="sm-6d7">
         <name>PCM_IRQHandler</name>
         <value>0x49cb</value>
      </symbol>
      <symbol id="sm-6d8">
         <name>WDT_A_IRQHandler</name>
         <value>0x49cb</value>
      </symbol>
      <symbol id="sm-6d9">
         <name>FPU_IRQHandler</name>
         <value>0x49cb</value>
      </symbol>
      <symbol id="sm-6da">
         <name>FLCTL_IRQHandler</name>
         <value>0x49cb</value>
      </symbol>
      <symbol id="sm-6db">
         <name>COMP_E0_IRQHandler</name>
         <value>0x49cb</value>
      </symbol>
      <symbol id="sm-6dc">
         <name>COMP_E1_IRQHandler</name>
         <value>0x49cb</value>
      </symbol>
      <symbol id="sm-6dd">
         <name>TA0_0_IRQHandler</name>
         <value>0x49cb</value>
      </symbol>
      <symbol id="sm-6de">
         <name>TA0_N_IRQHandler</name>
         <value>0x49cb</value>
      </symbol>
      <symbol id="sm-6df">
         <name>TA1_0_IRQHandler</name>
         <value>0x49cb</value>
      </symbol>
      <symbol id="sm-6e0">
         <name>TA1_N_IRQHandler</name>
         <value>0x49cb</value>
      </symbol>
      <symbol id="sm-6e1">
         <name>TA2_0_IRQHandler</name>
         <value>0x49cb</value>
      </symbol>
      <symbol id="sm-6e2">
         <name>TA2_N_IRQHandler</name>
         <value>0x49cb</value>
      </symbol>
      <symbol id="sm-6e3">
         <name>TA3_0_IRQHandler</name>
         <value>0x4337</value>
      </symbol>
      <symbol id="sm-6e4">
         <name>TA3_N_IRQHandler</name>
         <value>0x4351</value>
      </symbol>
      <symbol id="sm-6e5">
         <name>EUSCIA0_IRQHandler</name>
         <value>0x49cb</value>
      </symbol>
      <symbol id="sm-6e6">
         <name>EUSCIA1_IRQHandler</name>
         <value>0x49cb</value>
      </symbol>
      <symbol id="sm-6e7">
         <name>EUSCIA2_IRQHandler</name>
         <value>0x49cb</value>
      </symbol>
      <symbol id="sm-6e8">
         <name>EUSCIA3_IRQHandler</name>
         <value>0x49cb</value>
      </symbol>
      <symbol id="sm-6e9">
         <name>EUSCIB0_IRQHandler</name>
         <value>0x49cb</value>
      </symbol>
      <symbol id="sm-6ea">
         <name>EUSCIB1_IRQHandler</name>
         <value>0x49cb</value>
      </symbol>
      <symbol id="sm-6eb">
         <name>EUSCIB2_IRQHandler</name>
         <value>0x49cb</value>
      </symbol>
      <symbol id="sm-6ec">
         <name>EUSCIB3_IRQHandler</name>
         <value>0x49cb</value>
      </symbol>
      <symbol id="sm-6ed">
         <name>ADC14_IRQHandler</name>
         <value>0x49cb</value>
      </symbol>
      <symbol id="sm-6ee">
         <name>T32_INT1_IRQHandler</name>
         <value>0x49cb</value>
      </symbol>
      <symbol id="sm-6ef">
         <name>T32_INT2_IRQHandler</name>
         <value>0x49cb</value>
      </symbol>
      <symbol id="sm-6f0">
         <name>T32_INTC_IRQHandler</name>
         <value>0x49cb</value>
      </symbol>
      <symbol id="sm-6f1">
         <name>AES256_IRQHandler</name>
         <value>0x49cb</value>
      </symbol>
      <symbol id="sm-6f2">
         <name>RTC_C_IRQHandler</name>
         <value>0x49cb</value>
      </symbol>
      <symbol id="sm-6f3">
         <name>DMA_ERR_IRQHandler</name>
         <value>0x49cb</value>
      </symbol>
      <symbol id="sm-6f4">
         <name>DMA_INT3_IRQHandler</name>
         <value>0x49cb</value>
      </symbol>
      <symbol id="sm-6f5">
         <name>DMA_INT2_IRQHandler</name>
         <value>0x49cb</value>
      </symbol>
      <symbol id="sm-6f6">
         <name>DMA_INT1_IRQHandler</name>
         <value>0x49cb</value>
      </symbol>
      <symbol id="sm-6f7">
         <name>DMA_INT0_IRQHandler</name>
         <value>0x49cb</value>
      </symbol>
      <symbol id="sm-6f8">
         <name>PORT1_IRQHandler</name>
         <value>0x49cb</value>
      </symbol>
      <symbol id="sm-6f9">
         <name>PORT2_IRQHandler</name>
         <value>0x49cb</value>
      </symbol>
      <symbol id="sm-6fa">
         <name>PORT3_IRQHandler</name>
         <value>0x49cb</value>
      </symbol>
      <symbol id="sm-6fb">
         <name>PORT4_IRQHandler</name>
         <value>0x49cb</value>
      </symbol>
      <symbol id="sm-6fc">
         <name>PORT5_IRQHandler</name>
         <value>0x49cb</value>
      </symbol>
      <symbol id="sm-6fd">
         <name>PORT6_IRQHandler</name>
         <value>0x49cb</value>
      </symbol>
   </symbol_table>
   <title>Link successful</title>
</link_info>
