******************************************************************************
                  TI ARM Linker PC v20.2.7                     
******************************************************************************
>> Linked Tue May  7 14:10:24 2024

OUTPUT FILE NAME:   <Lab10.out>
ENTRY POINT SYMBOL: "_c_int00_noargs"  address: 000048f9


MEMORY CONFIGURATION

         name            origin    length      used     unused   attr    fill
----------------------  --------  ---------  --------  --------  ----  --------
  MAIN                  00000000   00040000  00004c4c  0003b3b4  R  X
  INFO                  00200000   00004000  00000000  00004000  R  X
  SRAM_CODE             01000000   00010000  00000240  0000fdc0  RW X
  SRAM_DATA             20000000   00010000  00000240  0000fdc0  RW  


SEGMENT ALLOCATION MAP

run origin  load origin   length   init length attrs members
----------  ----------- ---------- ----------- ----- -------
00000000    00000000    00004c50   00004c50    r-x
  00000000    00000000    000000e4   000000e4    r-- .intvecs
  000000e4    000000e4    000048f8   000048f8    r-x .text
  000049e0    000049e0    00000238   00000238    r-- .const
  00004c18    00004c18    00000038   00000038    r-- .cinit
20000000    20000000    00000040   00000000    rw-
  20000000    20000000    00000030   00000000    rw- .data
  20000030    20000030    00000010   00000000    rw- .bss
2000fe00    2000fe00    00000200   00000000    rw-
  2000fe00    2000fe00    00000200   00000000    rw- .stack


SECTION ALLOCATION MAP

 output                                  attributes/
section   page    origin      length       input sections
--------  ----  ----------  ----------   ----------------
.intvecs   0    00000000    000000e4     
                  00000000    000000e4     startup_msp432p401r_ccs.obj (.intvecs:retain)

.text      0    000000e4    000048f8     
                  000000e4    000009d0     rtsv7M4_T_le_v4SPD16_eabi.lib : e_pow.c.obj (.text:pow)
                  00000ab4    00000738                                   : k_rem_pio2.c.obj (.text:__kernel_rem_pio2)
                  000011ec    000005f4     Odometry.obj (.text)
                  000017e0    000005e0     rtsv7M4_T_le_v4SPD16_eabi.lib : s_sin.c.obj (.text:sin)
                  00001dc0    000005dc                                   : s_cos.c.obj (.text:cos)
                  0000239c    00000478     Precision_Moves.obj (.text)
                  00002814    00000334     system_msp432p401r.obj (.text)
                  00002b48    000002ec     rtsv7M4_T_le_v4SPD16_eabi.lib : s_atan.c.obj (.text:atan)
                  00002e34    000001e4                                   : e_atan2.c.obj (.text:atan2)
                  00003018    000001e0     Clock.obj (.text)
                  000031f8    000001e0     Motor.obj (.text)
                  000033d8    000001c0     PWM.obj (.text)
                  00003598    000001b6     rtsv7M4_T_le_v4SPD16_eabi.lib : fd_add_t2.asm.obj (.text)
                  0000374e    00000002     --HOLE-- [fill = 0]
                  00003750    00000198     Distance.obj (.text)
                  000038e8    00000174     rtsv7M4_T_le_v4SPD16_eabi.lib : k_sin.c.obj (.text:__kernel_sin)
                  00003a5c    00000170                                   : k_cos.c.obj (.text:__kernel_cos)
                  00003bcc    00000158                                   : e_sqrt.c.obj (.text:sqrt)
                  00003d24    00000150     Tachometer.obj (.text)
                  00003e74    00000136     rtsv7M4_T_le_v4SPD16_eabi.lib : fd_div_t2.asm.obj (.text)
                  00003faa    00000002     --HOLE-- [fill = 0]
                  00003fac    00000110                                   : s_scalbn.c.obj (.text:scalbn)
                  000040bc    000000fc                                   : fd_mul_t2.asm.obj (.text)
                  000041b8    000000f8                                   : s_floor.c.obj (.text:floor)
                  000042b0    000000f4     TA3InputCapture.obj (.text)
                  000043a4    000000f0     ADC14.obj (.text)
                  00004494    000000a8     main.obj (.text)
                  0000453c    000000a4     RobotLights.obj (.text)
                  000045e0    0000009c     rtsv7M4_T_le_v4SPD16_eabi.lib : memcpy_t2.asm.obj (.text)
                  0000467c    00000086                                   : fd_cmp_t2.asm.obj (.text:__aeabi_cdcmple)
                  00004702    00000086                                   : fd_cmp_t2.asm.obj (.text:__aeabi_cdrcmple)
                  00004788    00000068                                   : copy_decompress_lzss.c.obj (.text:decompress:lzss:__TI_decompress_lzss)
                  000047f0    00000048                                   : fd_toi_t2.asm.obj (.text)
                  00004838    00000044                                   : autoinit.c.obj (.text:__TI_auto_init_nobinit_nopinit:__TI_auto_init_nobinit_nopinit)
                  0000487c    00000044                                   : fd_tou_t2.asm.obj (.text)
                  000048c0    00000038                                   : fs_tod_t2.asm.obj (.text)
                  000048f8    00000034                                   : boot_cortex_m.c.obj (.text:_c_int00_noargs:_c_int00_noargs)
                  0000492c    0000002e                                   : i_tofd_t2.asm.obj (.text)
                  0000495a    00000020                                   : u_tofd_t2.asm.obj (.text)
                  0000497a    0000001c                                   : copy_zero_init.c.obj (.text:decompress:ZI:__TI_zero_init_nomemset:__TI_zero_init_nomemset)
                  00004996    0000001a                                   : s_copysign.c.obj (.text:copysign)
                  000049b0    0000000e                                   : copy_decompress_none.c.obj (.text:decompress:none:__TI_decompress_none)
                  000049be    0000000e     startup_msp432p401r_ccs.obj (.text)
                  000049cc    00000008     rtsv7M4_T_le_v4SPD16_eabi.lib : errno.c.obj (.text:__aeabi_errno_addr)
                  000049d4    00000004                                   : pre_init.c.obj (.text:_system_pre_init)
                  000049d8    00000004                                   : exit.c.obj (.text:abort:abort)

.const     0    000049e0    00000238     
                  000049e0    00000158     rtsv7M4_T_le_v4SPD16_eabi.lib : k_rem_pio2.c.obj (.const:$O1$$)
                  00004b38    00000098                                   : s_atan.c.obj (.const:$O1$$)
                  00004bd0    00000030                                   : e_pow.c.obj (.const:$O1$$)
                  00004c00    0000000c     main.obj (.const:$P$T0$1)
                  00004c0c    0000000c     main.obj (.const:$P$T1$2)

.cinit     0    00004c18    00000038     
                  00004c18    0000000d     (.cinit..data.load) [load image, compression = lzss]
                  00004c25    00000003     --HOLE-- [fill = 0]
                  00004c28    0000000c     (__TI_handler_table)
                  00004c34    00000004     --HOLE-- [fill = 0]
                  00004c38    00000008     (.cinit..bss.load) [load image, compression = zero_init]
                  00004c40    00000010     (__TI_cinit_table)

.init_array 
*          0    00000000    00000000     UNINITIALIZED

.binit     0    00000000    00000000     

.data      0    20000000    00000030     UNINITIALIZED
                  20000000    00000018     Clock.obj (.data)
                  20000018    00000010     Tachometer.obj (.data)
                  20000028    00000004     rtsv7M4_T_le_v4SPD16_eabi.lib : errno.c.obj (.data)
                  2000002c    00000004     system_msp432p401r.obj (.data)

.bss       0    20000030    00000010     UNINITIALIZED
                  20000030    00000004     (.common:CaptureTask0)
                  20000034    00000004     (.common:CaptureTask1)
                  20000038    00000002     (.common:Tachometer_FirstLeftTime)
                  2000003a    00000002     (.common:Tachometer_FirstRightTime)
                  2000003c    00000002     (.common:Tachometer_SecondLeftTime)
                  2000003e    00000002     (.common:Tachometer_SecondRightTime)

.stack     0    2000fe00    00000200     UNINITIALIZED
                  2000fe00    00000004     rtsv7M4_T_le_v4SPD16_eabi.lib : boot_cortex_m.c.obj (.stack)
                  2000fe04    000001fc     --HOLE--

__llvm_prf_cnts 
*          0    20000000    00000000     UNINITIALIZED

MODULE SUMMARY

       Module                        code    ro data   rw data
       ------                        ----    -------   -------
    .\
       Odometry.obj                  1524    0         0      
       Precision_Moves.obj           1144    0         0      
       system_msp432p401r.obj        820     0         8      
       Clock.obj                     480     0         48     
       Motor.obj                     480     0         0      
       PWM.obj                       448     0         0      
       Distance.obj                  408     0         0      
       Tachometer.obj                336     0         48     
       TA3InputCapture.obj           244     0         16     
       startup_msp432p401r_ccs.obj   14      228       0      
       ADC14.obj                     240     0         0      
       main.obj                      168     24        0      
       RobotLights.obj               164     0         0      
    +--+-----------------------------+-------+---------+---------+
       Total:                        6470    252       120    
                                                              
    C:\ti\ccs1270\ccs\tools\compiler\ti-cgt-arm_20.2.7.LTS\lib\rtsv7M4_T_le_v4SPD16_eabi.lib
       e_pow.c.obj                   2512    48        0      
       k_rem_pio2.c.obj              1848    344       0      
       s_sin.c.obj                   1504    0         0      
       s_cos.c.obj                   1500    0         0      
       s_atan.c.obj                  748     152       0      
       e_atan2.c.obj                 484     0         0      
       fd_add_t2.asm.obj             438     0         0      
       k_sin.c.obj                   372     0         0      
       k_cos.c.obj                   368     0         0      
       e_sqrt.c.obj                  344     0         0      
       fd_div_t2.asm.obj             310     0         0      
       s_scalbn.c.obj                272     0         0      
       fd_cmp_t2.asm.obj             268     0         0      
       fd_mul_t2.asm.obj             252     0         0      
       s_floor.c.obj                 248     0         0      
       memcpy_t2.asm.obj             156     0         0      
       copy_decompress_lzss.c.obj    104     0         0      
       fd_toi_t2.asm.obj             72      0         0      
       autoinit.c.obj                68      0         0      
       fd_tou_t2.asm.obj             68      0         0      
       fs_tod_t2.asm.obj             56      0         0      
       boot_cortex_m.c.obj           52      0         0      
       i_tofd_t2.asm.obj             46      0         0      
       u_tofd_t2.asm.obj             32      0         0      
       copy_zero_init.c.obj          28      0         0      
       s_copysign.c.obj              26      0         0      
       errno.c.obj                   8       0         8      
       copy_decompress_none.c.obj    14      0         0      
       exit.c.obj                    4       0         0      
       pre_init.c.obj                4       0         0      
    +--+-----------------------------+-------+---------+---------+
       Total:                        12206   544       8      
                                                              
       Stack:                        0       0         1024   
       Linker Generated:             0       49        0      
    +--+-----------------------------+-------+---------+---------+
       Grand Total:                  18676   845       1152   


LINKER GENERATED COPY TABLES

__TI_cinit_table @ 00004c40 records: 2, size/record: 8, table size: 16
	.data: load addr=00004c18, load size=0000000d bytes, run addr=20000000, run size=00000030 bytes, compression=lzss
	.bss: load addr=00004c38, load size=00000008 bytes, run addr=20000030, run size=00000010 bytes, compression=zero_init


LINKER GENERATED HANDLER TABLE

__TI_handler_table @ 00004c28 records: 3, size/record: 4, table size: 12
	index: 0, handler: __TI_decompress_lzss
	index: 1, handler: __TI_decompress_none
	index: 2, handler: __TI_zero_init


GLOBAL SYMBOLS: SORTED ALPHABETICALLY BY Name 

address   name                          
-------   ----                          
000043a5  ADC0_InitSWTriggerCh17_14_16  
000049cb  ADC14_IRQHandler              
00004415  ADC_In17_14_16                
000049cb  AES256_IRQHandler             
000045b3  Back_Lights_OFF               
000045a7  Back_Lights_ON                
000049cb  BusFault_Handler              
000049d9  C$$EXIT                       
000049cb  COMP_E0_IRQHandler            
000049cb  COMP_E1_IRQHandler            
20000008  CPMwait                       
000049cb  CS_IRQHandler                 
20000030  CaptureTask0                  
20000034  CaptureTask1                  
20000000  ClockFrequency                
0000316d  Clock_Delay1ms                
00003143  Clock_Delay1us                
0000312f  Clock_GetFreq                 
00003019  Clock_Init48MHz               
20000014  Crystalstable                 
000049cb  DMA_ERR_IRQHandler            
000049cb  DMA_INT0_IRQHandler           
000049cb  DMA_INT1_IRQHandler           
000049cb  DMA_INT2_IRQHandler           
000049cb  DMA_INT3_IRQHandler           
000049cb  DebugMon_Handler              
000049cb  Default_Handler               
000037b5  Distance_ComputeDistance      
0000377f  Distance_ComputeDistances     
00003751  Distance_GetDistances         
000049cb  EUSCIA0_IRQHandler            
000049cb  EUSCIA1_IRQHandler            
000049cb  EUSCIA2_IRQHandler            
000049cb  EUSCIA3_IRQHandler            
000049cb  EUSCIB0_IRQHandler            
000049cb  EUSCIB1_IRQHandler            
000049cb  EUSCIB2_IRQHandler            
000049cb  EUSCIB3_IRQHandler            
000049cb  FLCTL_IRQHandler              
000049cb  FPU_IRQHandler                
00004591  Front_Lights_OFF              
0000457b  Front_Lights_ON               
000049cb  HardFault_Handler             
20000010  IFlags                        
000049cb  MemManage_Handler             
00003371  Motor_Backward                
00003285  Motor_Forward                 
000025f5  Motor_Forward_RPM             
000031f9  Motor_Init                    
0000331f  Motor_Left                    
000024c9  Motor_Precision_Left          
0000239d  Motor_Precision_Right         
000032cd  Motor_Right                   
0000326b  Motor_Stop                    
0000453d  MvtLED_Init                   
000049cb  NMI_Handler                   
000016c1  Odometry_CalculateAlpha       
0000137f  Odometry_CheckFinished        
00001613  Odometry_CorrectSpin          
000011ed  Odometry_DriveForward         
000014d1  Odometry_Forward              
00001395  Odometry_PickSide             
0000142f  Odometry_Spin                 
000049cb  PCM_IRQHandler                
000049cb  PORT1_IRQHandler              
000049cb  PORT2_IRQHandler              
000049cb  PORT3_IRQHandler              
000049cb  PORT4_IRQHandler              
000049cb  PORT5_IRQHandler              
000049cb  PORT6_IRQHandler              
000049cb  PSS_IRQHandler                
0000345d  PWM_Duty1                     
0000347d  PWM_Duty2                     
00003521  PWM_Duty3                     
00003541  PWM_Duty4                     
000033d9  PWM_Init12                    
0000349d  PWM_Init34                    
00004525  Pause                         
000049cb  PendSV_Handler                
2000000c  Postwait                      
20000004  Prewait                       
000049cb  RTC_C_IRQHandler              
000049bf  Reset_Handler                 
000049cb  SVC_Handler                   
000049cb  SysTick_Handler               
2000002c  SystemCoreClock               
00002815  SystemCoreClockUpdate         
00002a8d  SystemInit                    
000049cb  T32_INT1_IRQHandler           
000049cb  T32_INT2_IRQHandler           
000049cb  T32_INTC_IRQHandler           
000049cb  TA0_0_IRQHandler              
000049cb  TA0_N_IRQHandler              
000049cb  TA1_0_IRQHandler              
000049cb  TA1_N_IRQHandler              
000049cb  TA2_0_IRQHandler              
000049cb  TA2_N_IRQHandler              
00004337  TA3_0_IRQHandler              
00004337  TA3_0_IRQHandler              
00004351  TA3_N_IRQHandler              
00004351  TA3_N_IRQHandler              
20000038  Tachometer_FirstLeftTime      
2000003a  Tachometer_FirstRightTime     
00003e13  Tachometer_Get_SpaceTime      
00003df7  Tachometer_Get_Steps          
00003dcd  Tachometer_Init               
20000024  Tachometer_LeftSteps          
20000020  Tachometer_RightSteps         
2000003c  Tachometer_SecondLeftTime     
2000003e  Tachometer_SecondRightTime    
000042b1  TimerA3Capture_Init01         
000049cb  UsageFault_Handler            
4000480c  WDTCTL_SYM                    
000049cb  WDT_A_IRQHandler              
20010000  __STACK_END                   
00000200  __STACK_SIZE                  
00004c40  __TI_CINIT_Base               
00004c50  __TI_CINIT_Limit              
00004c28  __TI_Handler_Table_Base       
00004c34  __TI_Handler_Table_Limit      
00004839  __TI_auto_init_nobinit_nopinit
00004789  __TI_decompress_lzss          
000049b1  __TI_decompress_none          
ffffffff  __TI_pprof_out_hndl           
ffffffff  __TI_prof_data_size           
ffffffff  __TI_prof_data_start          
00000000  __TI_static_base__            
0000497b  __TI_zero_init_nomemset       
0000467d  __aeabi_cdcmpeq               
0000467d  __aeabi_cdcmple               
00004703  __aeabi_cdrcmple              
000047f1  __aeabi_d2iz                  
0000487d  __aeabi_d2uiz                 
000035a3  __aeabi_dadd                  
00003e75  __aeabi_ddiv                  
000040bd  __aeabi_dmul                  
00003599  __aeabi_dsub                  
000049cd  __aeabi_errno_addr            
000048c1  __aeabi_f2d                   
0000492d  __aeabi_i2d                   
000045e1  __aeabi_memcpy                
000045e1  __aeabi_memcpy4               
000045e1  __aeabi_memcpy8               
0000495b  __aeabi_ui2d                  
ffffffff  __binit__                     
ffffffff  __c_args__                    
00003a5d  __kernel_cos                  
00000ab5  __kernel_rem_pio2             
000038e9  __kernel_sin                  
UNDEFED   __mpu_init                    
2000fe00  __stack                       
20000000  __start___llvm_prf_cnts       
20000000  __stop___llvm_prf_cnts        
000048f9  _c_int00_noargs               
UNDEFED   _system_post_cinit            
000049d5  _system_pre_init              
000049d9  abort                         
00002b49  atan                          
00002e35  atan2                         
00002e35  atan2l                        
00002b49  atanl                         
ffffffff  binit                         
00004997  copysign                      
00004997  copysignl                     
00001dc1  cos                           
00001dc1  cosl                          
00003135  delay                         
20000028  errno                         
000041b9  floor                         
000041b9  floorl                        
00000000  interruptVectors              
00003fad  ldexp                         
00003fad  ldexpl                        
00004495  main                          
000017af  max                           
000045e1  memcpy                        
00001795  min                           
000000e5  pow                           
000000e5  powl                          
00003fad  scalbn                        
00003fad  scalbnl                       
000017e1  sin                           
000017e1  sinl                          
00003bcd  sqrt                          
00003bcd  sqrtl                         
00003d79  tachometerLeftInt             
00003d25  tachometerRightInt            
20000018  timeAccumulatorLeft           
2000001c  timeAccumulatorRight          


GLOBAL SYMBOLS: SORTED BY Symbol Address 

address   name                          
-------   ----                          
00000000  __TI_static_base__            
00000000  interruptVectors              
000000e5  pow                           
000000e5  powl                          
00000200  __STACK_SIZE                  
00000ab5  __kernel_rem_pio2             
000011ed  Odometry_DriveForward         
0000137f  Odometry_CheckFinished        
00001395  Odometry_PickSide             
0000142f  Odometry_Spin                 
000014d1  Odometry_Forward              
00001613  Odometry_CorrectSpin          
000016c1  Odometry_CalculateAlpha       
00001795  min                           
000017af  max                           
000017e1  sin                           
000017e1  sinl                          
00001dc1  cos                           
00001dc1  cosl                          
0000239d  Motor_Precision_Right         
000024c9  Motor_Precision_Left          
000025f5  Motor_Forward_RPM             
00002815  SystemCoreClockUpdate         
00002a8d  SystemInit                    
00002b49  atan                          
00002b49  atanl                         
00002e35  atan2                         
00002e35  atan2l                        
00003019  Clock_Init48MHz               
0000312f  Clock_GetFreq                 
00003135  delay                         
00003143  Clock_Delay1us                
0000316d  Clock_Delay1ms                
000031f9  Motor_Init                    
0000326b  Motor_Stop                    
00003285  Motor_Forward                 
000032cd  Motor_Right                   
0000331f  Motor_Left                    
00003371  Motor_Backward                
000033d9  PWM_Init12                    
0000345d  PWM_Duty1                     
0000347d  PWM_Duty2                     
0000349d  PWM_Init34                    
00003521  PWM_Duty3                     
00003541  PWM_Duty4                     
00003599  __aeabi_dsub                  
000035a3  __aeabi_dadd                  
00003751  Distance_GetDistances         
0000377f  Distance_ComputeDistances     
000037b5  Distance_ComputeDistance      
000038e9  __kernel_sin                  
00003a5d  __kernel_cos                  
00003bcd  sqrt                          
00003bcd  sqrtl                         
00003d25  tachometerRightInt            
00003d79  tachometerLeftInt             
00003dcd  Tachometer_Init               
00003df7  Tachometer_Get_Steps          
00003e13  Tachometer_Get_SpaceTime      
00003e75  __aeabi_ddiv                  
00003fad  ldexp                         
00003fad  ldexpl                        
00003fad  scalbn                        
00003fad  scalbnl                       
000040bd  __aeabi_dmul                  
000041b9  floor                         
000041b9  floorl                        
000042b1  TimerA3Capture_Init01         
00004337  TA3_0_IRQHandler              
00004337  TA3_0_IRQHandler              
00004351  TA3_N_IRQHandler              
00004351  TA3_N_IRQHandler              
000043a5  ADC0_InitSWTriggerCh17_14_16  
00004415  ADC_In17_14_16                
00004495  main                          
00004525  Pause                         
0000453d  MvtLED_Init                   
0000457b  Front_Lights_ON               
00004591  Front_Lights_OFF              
000045a7  Back_Lights_ON                
000045b3  Back_Lights_OFF               
000045e1  __aeabi_memcpy                
000045e1  __aeabi_memcpy4               
000045e1  __aeabi_memcpy8               
000045e1  memcpy                        
0000467d  __aeabi_cdcmpeq               
0000467d  __aeabi_cdcmple               
00004703  __aeabi_cdrcmple              
00004789  __TI_decompress_lzss          
000047f1  __aeabi_d2iz                  
00004839  __TI_auto_init_nobinit_nopinit
0000487d  __aeabi_d2uiz                 
000048c1  __aeabi_f2d                   
000048f9  _c_int00_noargs               
0000492d  __aeabi_i2d                   
0000495b  __aeabi_ui2d                  
0000497b  __TI_zero_init_nomemset       
00004997  copysign                      
00004997  copysignl                     
000049b1  __TI_decompress_none          
000049bf  Reset_Handler                 
000049cb  ADC14_IRQHandler              
000049cb  AES256_IRQHandler             
000049cb  BusFault_Handler              
000049cb  COMP_E0_IRQHandler            
000049cb  COMP_E1_IRQHandler            
000049cb  CS_IRQHandler                 
000049cb  DMA_ERR_IRQHandler            
000049cb  DMA_INT0_IRQHandler           
000049cb  DMA_INT1_IRQHandler           
000049cb  DMA_INT2_IRQHandler           
000049cb  DMA_INT3_IRQHandler           
000049cb  DebugMon_Handler              
000049cb  Default_Handler               
000049cb  EUSCIA0_IRQHandler            
000049cb  EUSCIA1_IRQHandler            
000049cb  EUSCIA2_IRQHandler            
000049cb  EUSCIA3_IRQHandler            
000049cb  EUSCIB0_IRQHandler            
000049cb  EUSCIB1_IRQHandler            
000049cb  EUSCIB2_IRQHandler            
000049cb  EUSCIB3_IRQHandler            
000049cb  FLCTL_IRQHandler              
000049cb  FPU_IRQHandler                
000049cb  HardFault_Handler             
000049cb  MemManage_Handler             
000049cb  NMI_Handler                   
000049cb  PCM_IRQHandler                
000049cb  PORT1_IRQHandler              
000049cb  PORT2_IRQHandler              
000049cb  PORT3_IRQHandler              
000049cb  PORT4_IRQHandler              
000049cb  PORT5_IRQHandler              
000049cb  PORT6_IRQHandler              
000049cb  PSS_IRQHandler                
000049cb  PendSV_Handler                
000049cb  RTC_C_IRQHandler              
000049cb  SVC_Handler                   
000049cb  SysTick_Handler               
000049cb  T32_INT1_IRQHandler           
000049cb  T32_INT2_IRQHandler           
000049cb  T32_INTC_IRQHandler           
000049cb  TA0_0_IRQHandler              
000049cb  TA0_N_IRQHandler              
000049cb  TA1_0_IRQHandler              
000049cb  TA1_N_IRQHandler              
000049cb  TA2_0_IRQHandler              
000049cb  TA2_N_IRQHandler              
000049cb  UsageFault_Handler            
000049cb  WDT_A_IRQHandler              
000049cd  __aeabi_errno_addr            
000049d5  _system_pre_init              
000049d9  C$$EXIT                       
000049d9  abort                         
00004c28  __TI_Handler_Table_Base       
00004c34  __TI_Handler_Table_Limit      
00004c40  __TI_CINIT_Base               
00004c50  __TI_CINIT_Limit              
20000000  ClockFrequency                
20000000  __start___llvm_prf_cnts       
20000000  __stop___llvm_prf_cnts        
20000004  Prewait                       
20000008  CPMwait                       
2000000c  Postwait                      
20000010  IFlags                        
20000014  Crystalstable                 
20000018  timeAccumulatorLeft           
2000001c  timeAccumulatorRight          
20000020  Tachometer_RightSteps         
20000024  Tachometer_LeftSteps          
20000028  errno                         
2000002c  SystemCoreClock               
20000030  CaptureTask0                  
20000034  CaptureTask1                  
20000038  Tachometer_FirstLeftTime      
2000003a  Tachometer_FirstRightTime     
2000003c  Tachometer_SecondLeftTime     
2000003e  Tachometer_SecondRightTime    
2000fe00  __stack                       
20010000  __STACK_END                   
4000480c  WDTCTL_SYM                    
ffffffff  __TI_pprof_out_hndl           
ffffffff  __TI_prof_data_size           
ffffffff  __TI_prof_data_start          
ffffffff  __binit__                     
ffffffff  __c_args__                    
ffffffff  binit                         
UNDEFED   __mpu_init                    
UNDEFED   _system_post_cinit            

[189 symbols]
