******************************************************************************
                  TI ARM Linker PC v20.2.7                     
******************************************************************************
>> Linked Tue Apr  2 10:03:35 2024

OUTPUT FILE NAME:   <Lab07.out>
ENTRY POINT SYMBOL: "_c_int00_noargs"  address: 000024b1


MEMORY CONFIGURATION

         name            origin    length      used     unused   attr    fill
----------------------  --------  ---------  --------  --------  ----  --------
  MAIN                  00000000   00040000  00002620  0003d9e0  R  X
  INFO                  00200000   00004000  00000000  00004000  R  X
  SRAM_CODE             01000000   00010000  00000224  0000fddc  RW X
  SRAM_DATA             20000000   00010000  00000224  0000fddc  RW  


SEGMENT ALLOCATION MAP

run origin  load origin   length   init length attrs members
----------  ----------- ---------- ----------- ----- -------
00000000    00000000    00002620   00002620    r-x
  00000000    00000000    000000e4   000000e4    r-- .intvecs
  000000e4    000000e4    000024d4   000024d4    r-x .text
  000025b8    000025b8    00000030   00000030    r-- .const
  000025e8    000025e8    00000038   00000038    r-- .cinit
20000000    20000000    00000024   00000000    rw-
  20000000    20000000    00000020   00000000    rw- .data
  20000020    20000020    00000004   00000000    rw- .bss
2000fe00    2000fe00    00000200   00000000    rw-
  2000fe00    2000fe00    00000200   00000000    rw- .stack


SECTION ALLOCATION MAP

 output                                  attributes/
section   page    origin      length       input sections
--------  ----  ----------  ----------   ----------------
.intvecs   0    00000000    000000e4     
                  00000000    000000e4     startup_msp432p401r_ccs.obj (.intvecs:retain)

.text      0    000000e4    000024d4     
                  000000e4    000009d0     rtsv7M4_T_le_v4SPD16_eabi.lib : e_pow.c.obj (.text:pow)
                  00000ab4    000003f0     main.obj (.text)
                  00000ea4    00000334     system_msp432p401r.obj (.text)
                  000011d8    000001e0     Clock.obj (.text)
                  000013b8    000001e0     Motor.obj (.text)
                  00001598    000001c0     PWM.obj (.text)
                  00001758    000001b6     rtsv7M4_T_le_v4SPD16_eabi.lib : fd_add_t2.asm.obj (.text)
                  0000190e    00000002     --HOLE-- [fill = 0]
                  00001910    00000158                                   : e_sqrt.c.obj (.text:sqrt)
                  00001a68    00000136                                   : fd_div_t2.asm.obj (.text)
                  00001b9e    00000002     --HOLE-- [fill = 0]
                  00001ba0    0000011c     BumpInt.obj (.text)
                  00001cbc    00000110     rtsv7M4_T_le_v4SPD16_eabi.lib : s_scalbn.c.obj (.text:scalbn)
                  00001dcc    000000fc                                   : fd_mul_t2.asm.obj (.text)
                  00001ec8    000000f8                                   : s_floor.c.obj (.text:floor)
                  00001fc0    000000f0     ADC14.obj (.text)
                  000020b0    000000c4     rtsv7M4_T_le_v4SPD16_eabi.lib : s_round.c.obj (.text:round)
                  00002174    000000a4     RobotLights.obj (.text)
                  00002218    0000009c     rtsv7M4_T_le_v4SPD16_eabi.lib : memcpy_t2.asm.obj (.text)
                  000022b4    00000086                                   : fd_cmp_t2.asm.obj (.text:__aeabi_cdcmple)
                  0000233a    00000086                                   : fd_cmp_t2.asm.obj (.text:__aeabi_cdrcmple)
                  000023c0    00000068                                   : copy_decompress_lzss.c.obj (.text:decompress:lzss:__TI_decompress_lzss)
                  00002428    00000044                                   : autoinit.c.obj (.text:__TI_auto_init_nobinit_nopinit:__TI_auto_init_nobinit_nopinit)
                  0000246c    00000044                                   : fd_tou_t2.asm.obj (.text)
                  000024b0    00000034                                   : boot_cortex_m.c.obj (.text:_c_int00_noargs:_c_int00_noargs)
                  000024e4    0000002e                                   : i_tofd_t2.asm.obj (.text)
                  00002512    00000024     CortexM.obj (.text)
                  00002536    00000020     rtsv7M4_T_le_v4SPD16_eabi.lib : u_tofd_t2.asm.obj (.text)
                  00002556    0000001c                                   : copy_zero_init.c.obj (.text:decompress:ZI:__TI_zero_init_nomemset:__TI_zero_init_nomemset)
                  00002572    0000001a                                   : s_copysign.c.obj (.text:copysign)
                  0000258c    0000000e                                   : copy_decompress_none.c.obj (.text:decompress:none:__TI_decompress_none)
                  0000259a    0000000e     startup_msp432p401r_ccs.obj (.text)
                  000025a8    00000008     rtsv7M4_T_le_v4SPD16_eabi.lib : errno.c.obj (.text:__aeabi_errno_addr)
                  000025b0    00000004                                   : pre_init.c.obj (.text:_system_pre_init)
                  000025b4    00000004                                   : exit.c.obj (.text:abort:abort)

.const     0    000025b8    00000030     
                  000025b8    00000030     rtsv7M4_T_le_v4SPD16_eabi.lib : e_pow.c.obj (.const:$O1$$)

.cinit     0    000025e8    00000038     
                  000025e8    0000000d     (.cinit..data.load) [load image, compression = lzss]
                  000025f5    00000003     --HOLE-- [fill = 0]
                  000025f8    0000000c     (__TI_handler_table)
                  00002604    00000004     --HOLE-- [fill = 0]
                  00002608    00000008     (.cinit..bss.load) [load image, compression = zero_init]
                  00002610    00000010     (__TI_cinit_table)

.init_array 
*          0    00000000    00000000     UNINITIALIZED

.binit     0    00000000    00000000     

.data      0    20000000    00000020     UNINITIALIZED
                  20000000    00000018     Clock.obj (.data)
                  20000018    00000004     rtsv7M4_T_le_v4SPD16_eabi.lib : errno.c.obj (.data)
                  2000001c    00000004     system_msp432p401r.obj (.data)

.bss       0    20000020    00000004     UNINITIALIZED
                  20000020    00000004     (.common:rTask)

.stack     0    2000fe00    00000200     UNINITIALIZED
                  2000fe00    00000004     rtsv7M4_T_le_v4SPD16_eabi.lib : boot_cortex_m.c.obj (.stack)
                  2000fe04    000001fc     --HOLE--

__llvm_prf_cnts 
*          0    20000000    00000000     UNINITIALIZED

MODULE SUMMARY

       Module                        code   ro data   rw data
       ------                        ----   -------   -------
    .\
       main.obj                      1008   0         0      
       system_msp432p401r.obj        820    0         8      
       Clock.obj                     480    0         48     
       Motor.obj                     480    0         0      
       PWM.obj                       448    0         0      
       BumpInt.obj                   284    0         8      
       startup_msp432p401r_ccs.obj   14     228       0      
       ADC14.obj                     240    0         0      
       RobotLights.obj               164    0         0      
       CortexM.obj                   36     0         0      
    +--+-----------------------------+------+---------+---------+
       Total:                        3974   228       64     
                                                             
    C:\ti\ccs1260\ccs\tools\compiler\ti-cgt-arm_20.2.7.LTS\lib\rtsv7M4_T_le_v4SPD16_eabi.lib
       e_pow.c.obj                   2512   48        0      
       fd_add_t2.asm.obj             438    0         0      
       e_sqrt.c.obj                  344    0         0      
       fd_div_t2.asm.obj             310    0         0      
       s_scalbn.c.obj                272    0         0      
       fd_cmp_t2.asm.obj             268    0         0      
       fd_mul_t2.asm.obj             252    0         0      
       s_floor.c.obj                 248    0         0      
       s_round.c.obj                 196    0         0      
       memcpy_t2.asm.obj             156    0         0      
       copy_decompress_lzss.c.obj    104    0         0      
       autoinit.c.obj                68     0         0      
       fd_tou_t2.asm.obj             68     0         0      
       boot_cortex_m.c.obj           52     0         0      
       i_tofd_t2.asm.obj             46     0         0      
       u_tofd_t2.asm.obj             32     0         0      
       copy_zero_init.c.obj          28     0         0      
       s_copysign.c.obj              26     0         0      
       errno.c.obj                   8      0         8      
       copy_decompress_none.c.obj    14     0         0      
       exit.c.obj                    4      0         0      
       pre_init.c.obj                4      0         0      
    +--+-----------------------------+------+---------+---------+
       Total:                        5450   48        8      
                                                             
       Stack:                        0      0         1024   
       Linker Generated:             0      49        0      
    +--+-----------------------------+------+---------+---------+
       Grand Total:                  9424   325       1096   


LINKER GENERATED COPY TABLES

__TI_cinit_table @ 00002610 records: 2, size/record: 8, table size: 16
	.data: load addr=000025e8, load size=0000000d bytes, run addr=20000000, run size=00000020 bytes, compression=lzss
	.bss: load addr=00002608, load size=00000008 bytes, run addr=20000020, run size=00000004 bytes, compression=zero_init


LINKER GENERATED HANDLER TABLE

__TI_handler_table @ 000025f8 records: 3, size/record: 4, table size: 12
	index: 0, handler: __TI_decompress_lzss
	index: 1, handler: __TI_decompress_none
	index: 2, handler: __TI_zero_init


GLOBAL SYMBOLS: SORTED ALPHABETICALLY BY Name 

address   name                          
-------   ----                          
00001fc1  ADC0_InitSWTriggerCh17_14_16  
000025a7  ADC14_IRQHandler              
00002031  ADC_In17_14_16                
000025a7  AES256_IRQHandler             
000021eb  Back_Lights_OFF               
000021df  Back_Lights_ON                
00001ba1  BumpInt_Init                  
00001c1f  Bump_Read                     
000025a7  BusFault_Handler              
000025b5  C$$EXIT                       
000025a7  COMP_E0_IRQHandler            
000025a7  COMP_E1_IRQHandler            
20000008  CPMwait                       
000025a7  CS_IRQHandler                 
20000000  ClockFrequency                
0000132d  Clock_Delay1ms                
00001303  Clock_Delay1us                
000012ef  Clock_GetFreq                 
000011d9  Clock_Init48MHz               
20000014  Crystalstable                 
000025a7  DMA_ERR_IRQHandler            
000025a7  DMA_INT0_IRQHandler           
000025a7  DMA_INT1_IRQHandler           
000025a7  DMA_INT2_IRQHandler           
000025a7  DMA_INT3_IRQHandler           
000025a7  DebugMon_Handler              
000025a7  Default_Handler               
00002513  DisableInterrupts             
000025a7  EUSCIA0_IRQHandler            
000025a7  EUSCIA1_IRQHandler            
000025a7  EUSCIA2_IRQHandler            
000025a7  EUSCIA3_IRQHandler            
000025a7  EUSCIB0_IRQHandler            
000025a7  EUSCIB1_IRQHandler            
000025a7  EUSCIB2_IRQHandler            
000025a7  EUSCIB3_IRQHandler            
00002519  EnableInterrupts              
00002529  EndCritical                   
000025a7  FLCTL_IRQHandler              
000025a7  FPU_IRQHandler                
000021c9  Front_Lights_OFF              
000021b3  Front_Lights_ON               
00000c3d  HandleCollision               
000025a7  HardFault_Handler             
20000010  IFlags                        
000025a7  MemManage_Handler             
00001531  Motor_Backward                
00001445  Motor_Forward                 
000013b9  Motor_Init                    
000014df  Motor_Left                    
0000148d  Motor_Right                   
0000142b  Motor_Stop                    
00002175  MvtLED_Init                   
000025a7  NMI_Handler                   
000025a7  PCM_IRQHandler                
000025a7  PORT1_IRQHandler              
000025a7  PORT2_IRQHandler              
000025a7  PORT3_IRQHandler              
00001c73  PORT4_IRQHandler              
00001c73  PORT4_IRQHandler              
000025a7  PORT5_IRQHandler              
000025a7  PORT6_IRQHandler              
000025a7  PSS_IRQHandler                
0000161d  PWM_Duty1                     
0000163d  PWM_Duty2                     
000016e1  PWM_Duty3                     
00001701  PWM_Duty4                     
00001599  PWM_Init12                    
0000165d  PWM_Init34                    
000025a7  PendSV_Handler                
2000000c  Postwait                      
20000004  Prewait                       
000025a7  RTC_C_IRQHandler              
0000259b  Reset_Handler                 
000025a7  SVC_Handler                   
0000251f  StartCritical                 
000025a7  SysTick_Handler               
2000001c  SystemCoreClock               
00000ea5  SystemCoreClockUpdate         
0000111d  SystemInit                    
000025a7  T32_INT1_IRQHandler           
000025a7  T32_INT2_IRQHandler           
000025a7  T32_INTC_IRQHandler           
000025a7  TA0_0_IRQHandler              
000025a7  TA0_N_IRQHandler              
000025a7  TA1_0_IRQHandler              
000025a7  TA1_N_IRQHandler              
000025a7  TA2_0_IRQHandler              
000025a7  TA2_N_IRQHandler              
000025a7  TA3_0_IRQHandler              
000025a7  TA3_N_IRQHandler              
000025a7  UsageFault_Handler            
4000480c  WDTCTL_SYM                    
000025a7  WDT_A_IRQHandler              
00002531  WaitForInterrupt              
20010000  __STACK_END                   
00000200  __STACK_SIZE                  
00002610  __TI_CINIT_Base               
00002620  __TI_CINIT_Limit              
000025f8  __TI_Handler_Table_Base       
00002604  __TI_Handler_Table_Limit      
00002429  __TI_auto_init_nobinit_nopinit
000023c1  __TI_decompress_lzss          
0000258d  __TI_decompress_none          
ffffffff  __TI_pprof_out_hndl           
ffffffff  __TI_prof_data_size           
ffffffff  __TI_prof_data_start          
00000000  __TI_static_base__            
00002557  __TI_zero_init_nomemset       
000022b5  __aeabi_cdcmpeq               
000022b5  __aeabi_cdcmple               
0000233b  __aeabi_cdrcmple              
0000246d  __aeabi_d2uiz                 
00001763  __aeabi_dadd                  
00001a69  __aeabi_ddiv                  
00001dcd  __aeabi_dmul                  
00001759  __aeabi_dsub                  
000025a9  __aeabi_errno_addr            
000024e5  __aeabi_i2d                   
00002219  __aeabi_memcpy                
00002219  __aeabi_memcpy4               
00002219  __aeabi_memcpy8               
00002537  __aeabi_ui2d                  
ffffffff  __binit__                     
ffffffff  __c_args__                    
UNDEFED   __mpu_init                    
2000fe00  __stack                       
20000000  __start___llvm_prf_cnts       
20000000  __stop___llvm_prf_cnts        
000024b1  _c_int00_noargs               
UNDEFED   _system_post_cinit            
000025b1  _system_pre_init              
000025b5  abort                         
ffffffff  binit                         
00000d5d  computeDistance               
00000d1f  computeDistances              
00002573  copysign                      
00002573  copysignl                     
000012f5  delay                         
20000018  errno                         
00001ec9  floor                         
00001ec9  floorl                        
00000000  interruptVectors              
00001cbd  ldexp                         
00001cbd  ldexpl                        
00000ab5  main                          
00002219  memcpy                        
000000e5  pow                           
000000e5  powl                          
20000020  rTask                         
000020b1  round                         
000020b1  roundl                        
00001cbd  scalbn                        
00001cbd  scalbnl                       
00001911  sqrt                          
00001911  sqrtl                         


GLOBAL SYMBOLS: SORTED BY Symbol Address 

address   name                          
-------   ----                          
00000000  __TI_static_base__            
00000000  interruptVectors              
000000e5  pow                           
000000e5  powl                          
00000200  __STACK_SIZE                  
00000ab5  main                          
00000c3d  HandleCollision               
00000d1f  computeDistances              
00000d5d  computeDistance               
00000ea5  SystemCoreClockUpdate         
0000111d  SystemInit                    
000011d9  Clock_Init48MHz               
000012ef  Clock_GetFreq                 
000012f5  delay                         
00001303  Clock_Delay1us                
0000132d  Clock_Delay1ms                
000013b9  Motor_Init                    
0000142b  Motor_Stop                    
00001445  Motor_Forward                 
0000148d  Motor_Right                   
000014df  Motor_Left                    
00001531  Motor_Backward                
00001599  PWM_Init12                    
0000161d  PWM_Duty1                     
0000163d  PWM_Duty2                     
0000165d  PWM_Init34                    
000016e1  PWM_Duty3                     
00001701  PWM_Duty4                     
00001759  __aeabi_dsub                  
00001763  __aeabi_dadd                  
00001911  sqrt                          
00001911  sqrtl                         
00001a69  __aeabi_ddiv                  
00001ba1  BumpInt_Init                  
00001c1f  Bump_Read                     
00001c73  PORT4_IRQHandler              
00001c73  PORT4_IRQHandler              
00001cbd  ldexp                         
00001cbd  ldexpl                        
00001cbd  scalbn                        
00001cbd  scalbnl                       
00001dcd  __aeabi_dmul                  
00001ec9  floor                         
00001ec9  floorl                        
00001fc1  ADC0_InitSWTriggerCh17_14_16  
00002031  ADC_In17_14_16                
000020b1  round                         
000020b1  roundl                        
00002175  MvtLED_Init                   
000021b3  Front_Lights_ON               
000021c9  Front_Lights_OFF              
000021df  Back_Lights_ON                
000021eb  Back_Lights_OFF               
00002219  __aeabi_memcpy                
00002219  __aeabi_memcpy4               
00002219  __aeabi_memcpy8               
00002219  memcpy                        
000022b5  __aeabi_cdcmpeq               
000022b5  __aeabi_cdcmple               
0000233b  __aeabi_cdrcmple              
000023c1  __TI_decompress_lzss          
00002429  __TI_auto_init_nobinit_nopinit
0000246d  __aeabi_d2uiz                 
000024b1  _c_int00_noargs               
000024e5  __aeabi_i2d                   
00002513  DisableInterrupts             
00002519  EnableInterrupts              
0000251f  StartCritical                 
00002529  EndCritical                   
00002531  WaitForInterrupt              
00002537  __aeabi_ui2d                  
00002557  __TI_zero_init_nomemset       
00002573  copysign                      
00002573  copysignl                     
0000258d  __TI_decompress_none          
0000259b  Reset_Handler                 
000025a7  ADC14_IRQHandler              
000025a7  AES256_IRQHandler             
000025a7  BusFault_Handler              
000025a7  COMP_E0_IRQHandler            
000025a7  COMP_E1_IRQHandler            
000025a7  CS_IRQHandler                 
000025a7  DMA_ERR_IRQHandler            
000025a7  DMA_INT0_IRQHandler           
000025a7  DMA_INT1_IRQHandler           
000025a7  DMA_INT2_IRQHandler           
000025a7  DMA_INT3_IRQHandler           
000025a7  DebugMon_Handler              
000025a7  Default_Handler               
000025a7  EUSCIA0_IRQHandler            
000025a7  EUSCIA1_IRQHandler            
000025a7  EUSCIA2_IRQHandler            
000025a7  EUSCIA3_IRQHandler            
000025a7  EUSCIB0_IRQHandler            
000025a7  EUSCIB1_IRQHandler            
000025a7  EUSCIB2_IRQHandler            
000025a7  EUSCIB3_IRQHandler            
000025a7  FLCTL_IRQHandler              
000025a7  FPU_IRQHandler                
000025a7  HardFault_Handler             
000025a7  MemManage_Handler             
000025a7  NMI_Handler                   
000025a7  PCM_IRQHandler                
000025a7  PORT1_IRQHandler              
000025a7  PORT2_IRQHandler              
000025a7  PORT3_IRQHandler              
000025a7  PORT5_IRQHandler              
000025a7  PORT6_IRQHandler              
000025a7  PSS_IRQHandler                
000025a7  PendSV_Handler                
000025a7  RTC_C_IRQHandler              
000025a7  SVC_Handler                   
000025a7  SysTick_Handler               
000025a7  T32_INT1_IRQHandler           
000025a7  T32_INT2_IRQHandler           
000025a7  T32_INTC_IRQHandler           
000025a7  TA0_0_IRQHandler              
000025a7  TA0_N_IRQHandler              
000025a7  TA1_0_IRQHandler              
000025a7  TA1_N_IRQHandler              
000025a7  TA2_0_IRQHandler              
000025a7  TA2_N_IRQHandler              
000025a7  TA3_0_IRQHandler              
000025a7  TA3_N_IRQHandler              
000025a7  UsageFault_Handler            
000025a7  WDT_A_IRQHandler              
000025a9  __aeabi_errno_addr            
000025b1  _system_pre_init              
000025b5  C$$EXIT                       
000025b5  abort                         
000025f8  __TI_Handler_Table_Base       
00002604  __TI_Handler_Table_Limit      
00002610  __TI_CINIT_Base               
00002620  __TI_CINIT_Limit              
20000000  ClockFrequency                
20000000  __start___llvm_prf_cnts       
20000000  __stop___llvm_prf_cnts        
20000004  Prewait                       
20000008  CPMwait                       
2000000c  Postwait                      
20000010  IFlags                        
20000014  Crystalstable                 
20000018  errno                         
2000001c  SystemCoreClock               
20000020  rTask                         
2000fe00  __stack                       
20010000  __STACK_END                   
4000480c  WDTCTL_SYM                    
ffffffff  __TI_pprof_out_hndl           
ffffffff  __TI_prof_data_size           
ffffffff  __TI_prof_data_start          
ffffffff  __binit__                     
ffffffff  __c_args__                    
ffffffff  binit                         
UNDEFED   __mpu_init                    
UNDEFED   _system_post_cinit            

[156 symbols]
