******************************************************************************
                  TI ARM Linker PC v20.2.7                     
******************************************************************************
>> Linked Tue Mar  5 10:21:52 2024

OUTPUT FILE NAME:   <Lab03.out>
ENTRY POINT SYMBOL: "_c_int00_noargs"  address: 00000d39


MEMORY CONFIGURATION

         name            origin    length      used     unused   attr    fill
----------------------  --------  ---------  --------  --------  ----  --------
  MAIN                  00000000   00040000  00000db0  0003f250  R  X
  INFO                  00200000   00004000  00000000  00004000  R  X
  SRAM_CODE             01000000   00010000  0000021c  0000fde4  RW X
  SRAM_DATA             20000000   00010000  0000021c  0000fde4  RW  


SEGMENT ALLOCATION MAP

run origin  load origin   length   init length attrs members
----------  ----------- ---------- ----------- ----- -------
00000000    00000000    00000db0   00000db0    r-x
  00000000    00000000    000000e4   000000e4    r-- .intvecs
  000000e4    000000e4    00000cac   00000cac    r-x .text
  00000d90    00000d90    00000020   00000020    r-- .cinit
20000000    20000000    0000001c   00000000    rw-
  20000000    20000000    0000001c   00000000    rw- .data
2000fe00    2000fe00    00000200   00000000    rw-
  2000fe00    2000fe00    00000200   00000000    rw- .stack


SECTION ALLOCATION MAP

 output                                  attributes/
section   page    origin      length       input sections
--------  ----  ----------  ----------   ----------------
.intvecs   0    00000000    000000e4     
                  00000000    000000e4     startup_msp432p401r_ccs.obj (.intvecs:retain)

.text      0    000000e4    00000cac     
                  000000e4    00000334     system_msp432p401r.obj (.text)
                  00000418    000001e0     Clock.obj (.text)
                  000005f8    000001e0     Motor.obj (.text)
                  000007d8    000001c0     PWM.obj (.text)
                  00000998    00000104     Reflectance.obj (.text)
                  00000a9c    000000b0     main.obj (.text)
                  00000b4c    000000a4     RobotLights.obj (.text)
                  00000bf0    0000009c     rtsv7M4_T_le_v4SPD16_eabi.lib : memcpy_t2.asm.obj (.text)
                  00000c8c    00000068                                   : copy_decompress_lzss.c.obj (.text:decompress:lzss:__TI_decompress_lzss)
                  00000cf4    00000044                                   : autoinit.c.obj (.text:__TI_auto_init_nobinit_nopinit:__TI_auto_init_nobinit_nopinit)
                  00000d38    00000034                                   : boot_cortex_m.c.obj (.text:_c_int00_noargs:_c_int00_noargs)
                  00000d6c    0000000e                                   : copy_decompress_none.c.obj (.text:decompress:none:__TI_decompress_none)
                  00000d7a    0000000e     startup_msp432p401r_ccs.obj (.text)
                  00000d88    00000004     rtsv7M4_T_le_v4SPD16_eabi.lib : pre_init.c.obj (.text:_system_pre_init)
                  00000d8c    00000004                                   : exit.c.obj (.text:abort:abort)

.cinit     0    00000d90    00000020     
                  00000d90    0000000d     (.cinit..data.load) [load image, compression = lzss]
                  00000d9d    00000003     --HOLE-- [fill = 0]
                  00000da0    00000008     (__TI_handler_table)
                  00000da8    00000008     (__TI_cinit_table)

.init_array 
*          0    00000000    00000000     UNINITIALIZED

.binit     0    00000000    00000000     

.data      0    20000000    0000001c     UNINITIALIZED
                  20000000    00000018     Clock.obj (.data)
                  20000018    00000004     system_msp432p401r.obj (.data)

.stack     0    2000fe00    00000200     UNINITIALIZED
                  2000fe00    00000004     rtsv7M4_T_le_v4SPD16_eabi.lib : boot_cortex_m.c.obj (.stack)
                  2000fe04    000001fc     --HOLE--

__llvm_prf_cnts 
*          0    20000000    00000000     UNINITIALIZED

MODULE SUMMARY

       Module                        code   ro data   rw data
       ------                        ----   -------   -------
    .\
       system_msp432p401r.obj        820    0         8      
       Clock.obj                     480    0         48     
       Motor.obj                     480    0         0      
       PWM.obj                       448    0         0      
       Reflectance.obj               260    0         0      
       startup_msp432p401r_ccs.obj   14     228       0      
       main.obj                      176    0         0      
       RobotLights.obj               164    0         0      
    +--+-----------------------------+------+---------+---------+
       Total:                        2842   228       56     
                                                             
    C:\ti\ccs1260\ccs\tools\compiler\ti-cgt-arm_20.2.7.LTS\lib\rtsv7M4_T_le_v4SPD16_eabi.lib
       memcpy_t2.asm.obj             156    0         0      
       copy_decompress_lzss.c.obj    104    0         0      
       autoinit.c.obj                68     0         0      
       boot_cortex_m.c.obj           52     0         0      
       copy_decompress_none.c.obj    14     0         0      
       exit.c.obj                    4      0         0      
       pre_init.c.obj                4      0         0      
    +--+-----------------------------+------+---------+---------+
       Total:                        402    0         0      
                                                             
       Stack:                        0      0         1024   
       Linker Generated:             0      29        0      
    +--+-----------------------------+------+---------+---------+
       Grand Total:                  3244   257       1080   


LINKER GENERATED COPY TABLES

__TI_cinit_table @ 00000da8 records: 1, size/record: 8, table size: 8
	.data: load addr=00000d90, load size=0000000d bytes, run addr=20000000, run size=0000001c bytes, compression=lzss


LINKER GENERATED HANDLER TABLE

__TI_handler_table @ 00000da0 records: 2, size/record: 4, table size: 8
	index: 0, handler: __TI_decompress_lzss
	index: 1, handler: __TI_decompress_none


GLOBAL SYMBOLS: SORTED ALPHABETICALLY BY Name 

address   name                          
-------   ----                          
00000d87  ADC14_IRQHandler              
00000d87  AES256_IRQHandler             
00000bc3  Back_Lights_OFF               
00000bb7  Back_Lights_ON                
00000d87  BusFault_Handler              
00000d8d  C$$EXIT                       
00000d87  COMP_E0_IRQHandler            
00000d87  COMP_E1_IRQHandler            
20000008  CPMwait                       
00000d87  CS_IRQHandler                 
20000000  ClockFrequency                
0000056d  Clock_Delay1ms                
00000543  Clock_Delay1us                
0000052f  Clock_GetFreq                 
00000419  Clock_Init48MHz               
20000014  Crystalstable                 
00000d87  DMA_ERR_IRQHandler            
00000d87  DMA_INT0_IRQHandler           
00000d87  DMA_INT1_IRQHandler           
00000d87  DMA_INT2_IRQHandler           
00000d87  DMA_INT3_IRQHandler           
00000d87  DebugMon_Handler              
00000d87  Default_Handler               
00000d87  EUSCIA0_IRQHandler            
00000d87  EUSCIA1_IRQHandler            
00000d87  EUSCIA2_IRQHandler            
00000d87  EUSCIA3_IRQHandler            
00000d87  EUSCIB0_IRQHandler            
00000d87  EUSCIB1_IRQHandler            
00000d87  EUSCIB2_IRQHandler            
00000d87  EUSCIB3_IRQHandler            
00000d87  FLCTL_IRQHandler              
00000d87  FPU_IRQHandler                
00000ba1  Front_Lights_OFF              
00000b8b  Front_Lights_ON               
00000d87  HardFault_Handler             
20000010  IFlags                        
00000d87  MemManage_Handler             
00000771  Motor_Backward                
00000685  Motor_Forward                 
000005f9  Motor_Init                    
0000071f  Motor_Left                    
000006cd  Motor_Right                   
0000066b  Motor_Stop                    
00000b4d  MvtLED_Init                   
00000d87  NMI_Handler                   
00000d87  PCM_IRQHandler                
00000d87  PORT1_IRQHandler              
00000d87  PORT2_IRQHandler              
00000d87  PORT3_IRQHandler              
00000d87  PORT4_IRQHandler              
00000d87  PORT5_IRQHandler              
00000d87  PORT6_IRQHandler              
00000d87  PSS_IRQHandler                
0000085d  PWM_Duty1                     
0000087d  PWM_Duty2                     
00000921  PWM_Duty3                     
00000941  PWM_Duty4                     
000007d9  PWM_Init12                    
0000089d  PWM_Init34                    
00000d87  PendSV_Handler                
2000000c  Postwait                      
20000004  Prewait                       
00000d87  RTC_C_IRQHandler              
00000a4f  Reflectance_Center            
00000999  Reflectance_Init              
000009eb  Reflectance_Read              
00000d7b  Reset_Handler                 
00000d87  SVC_Handler                   
00000d87  SysTick_Handler               
20000018  SystemCoreClock               
000000e5  SystemCoreClockUpdate         
0000035d  SystemInit                    
00000d87  T32_INT1_IRQHandler           
00000d87  T32_INT2_IRQHandler           
00000d87  T32_INTC_IRQHandler           
00000d87  TA0_0_IRQHandler              
00000d87  TA0_N_IRQHandler              
00000d87  TA1_0_IRQHandler              
00000d87  TA1_N_IRQHandler              
00000d87  TA2_0_IRQHandler              
00000d87  TA2_N_IRQHandler              
00000d87  TA3_0_IRQHandler              
00000d87  TA3_N_IRQHandler              
00000d87  UsageFault_Handler            
4000480c  WDTCTL_SYM                    
00000d87  WDT_A_IRQHandler              
20010000  __STACK_END                   
00000200  __STACK_SIZE                  
00000da8  __TI_CINIT_Base               
00000db0  __TI_CINIT_Limit              
00000da0  __TI_Handler_Table_Base       
00000da8  __TI_Handler_Table_Limit      
00000cf5  __TI_auto_init_nobinit_nopinit
00000c8d  __TI_decompress_lzss          
00000d6d  __TI_decompress_none          
ffffffff  __TI_pprof_out_hndl           
ffffffff  __TI_prof_data_size           
ffffffff  __TI_prof_data_start          
00000000  __TI_static_base__            
00000bf1  __aeabi_memcpy                
00000bf1  __aeabi_memcpy4               
00000bf1  __aeabi_memcpy8               
ffffffff  __binit__                     
ffffffff  __c_args__                    
UNDEFED   __mpu_init                    
2000fe00  __stack                       
20000000  __start___llvm_prf_cnts       
20000000  __stop___llvm_prf_cnts        
00000d39  _c_int00_noargs               
UNDEFED   _system_post_cinit            
00000d89  _system_pre_init              
00000d8d  abort                         
ffffffff  binit                         
00000535  delay                         
00000000  interruptVectors              
00000a9d  main                          
00000bf1  memcpy                        


GLOBAL SYMBOLS: SORTED BY Symbol Address 

address   name                          
-------   ----                          
00000000  __TI_static_base__            
00000000  interruptVectors              
000000e5  SystemCoreClockUpdate         
00000200  __STACK_SIZE                  
0000035d  SystemInit                    
00000419  Clock_Init48MHz               
0000052f  Clock_GetFreq                 
00000535  delay                         
00000543  Clock_Delay1us                
0000056d  Clock_Delay1ms                
000005f9  Motor_Init                    
0000066b  Motor_Stop                    
00000685  Motor_Forward                 
000006cd  Motor_Right                   
0000071f  Motor_Left                    
00000771  Motor_Backward                
000007d9  PWM_Init12                    
0000085d  PWM_Duty1                     
0000087d  PWM_Duty2                     
0000089d  PWM_Init34                    
00000921  PWM_Duty3                     
00000941  PWM_Duty4                     
00000999  Reflectance_Init              
000009eb  Reflectance_Read              
00000a4f  Reflectance_Center            
00000a9d  main                          
00000b4d  MvtLED_Init                   
00000b8b  Front_Lights_ON               
00000ba1  Front_Lights_OFF              
00000bb7  Back_Lights_ON                
00000bc3  Back_Lights_OFF               
00000bf1  __aeabi_memcpy                
00000bf1  __aeabi_memcpy4               
00000bf1  __aeabi_memcpy8               
00000bf1  memcpy                        
00000c8d  __TI_decompress_lzss          
00000cf5  __TI_auto_init_nobinit_nopinit
00000d39  _c_int00_noargs               
00000d6d  __TI_decompress_none          
00000d7b  Reset_Handler                 
00000d87  ADC14_IRQHandler              
00000d87  AES256_IRQHandler             
00000d87  BusFault_Handler              
00000d87  COMP_E0_IRQHandler            
00000d87  COMP_E1_IRQHandler            
00000d87  CS_IRQHandler                 
00000d87  DMA_ERR_IRQHandler            
00000d87  DMA_INT0_IRQHandler           
00000d87  DMA_INT1_IRQHandler           
00000d87  DMA_INT2_IRQHandler           
00000d87  DMA_INT3_IRQHandler           
00000d87  DebugMon_Handler              
00000d87  Default_Handler               
00000d87  EUSCIA0_IRQHandler            
00000d87  EUSCIA1_IRQHandler            
00000d87  EUSCIA2_IRQHandler            
00000d87  EUSCIA3_IRQHandler            
00000d87  EUSCIB0_IRQHandler            
00000d87  EUSCIB1_IRQHandler            
00000d87  EUSCIB2_IRQHandler            
00000d87  EUSCIB3_IRQHandler            
00000d87  FLCTL_IRQHandler              
00000d87  FPU_IRQHandler                
00000d87  HardFault_Handler             
00000d87  MemManage_Handler             
00000d87  NMI_Handler                   
00000d87  PCM_IRQHandler                
00000d87  PORT1_IRQHandler              
00000d87  PORT2_IRQHandler              
00000d87  PORT3_IRQHandler              
00000d87  PORT4_IRQHandler              
00000d87  PORT5_IRQHandler              
00000d87  PORT6_IRQHandler              
00000d87  PSS_IRQHandler                
00000d87  PendSV_Handler                
00000d87  RTC_C_IRQHandler              
00000d87  SVC_Handler                   
00000d87  SysTick_Handler               
00000d87  T32_INT1_IRQHandler           
00000d87  T32_INT2_IRQHandler           
00000d87  T32_INTC_IRQHandler           
00000d87  TA0_0_IRQHandler              
00000d87  TA0_N_IRQHandler              
00000d87  TA1_0_IRQHandler              
00000d87  TA1_N_IRQHandler              
00000d87  TA2_0_IRQHandler              
00000d87  TA2_N_IRQHandler              
00000d87  TA3_0_IRQHandler              
00000d87  TA3_N_IRQHandler              
00000d87  UsageFault_Handler            
00000d87  WDT_A_IRQHandler              
00000d89  _system_pre_init              
00000d8d  C$$EXIT                       
00000d8d  abort                         
00000da0  __TI_Handler_Table_Base       
00000da8  __TI_CINIT_Base               
00000da8  __TI_Handler_Table_Limit      
00000db0  __TI_CINIT_Limit              
20000000  ClockFrequency                
20000000  __start___llvm_prf_cnts       
20000000  __stop___llvm_prf_cnts        
20000004  Prewait                       
20000008  CPMwait                       
2000000c  Postwait                      
20000010  IFlags                        
20000014  Crystalstable                 
20000018  SystemCoreClock               
2000fe00  __stack                       
20010000  __STACK_END                   
4000480c  WDTCTL_SYM                    
ffffffff  __TI_pprof_out_hndl           
ffffffff  __TI_prof_data_size           
ffffffff  __TI_prof_data_start          
ffffffff  __binit__                     
ffffffff  __c_args__                    
ffffffff  binit                         
UNDEFED   __mpu_init                    
UNDEFED   _system_post_cinit            

[118 symbols]
